Archive member included to satisfy reference by file (symbol)

/usr/lib/gcc/arm-none-eabi/14.2.1/../../../arm-none-eabi/lib/thumb/v7e-m+fp/hard/libc_nano.a(libc_a-init.o)
                              /usr/lib/gcc/arm-none-eabi/14.2.1/../../../arm-none-eabi/lib/thumb/v7e-m+fp/hard/crt0.o (__libc_init_array)
/usr/lib/gcc/arm-none-eabi/14.2.1/../../../arm-none-eabi/lib/thumb/v7e-m+fp/hard/libc_nano.a(libc_a-exit.o)
                              /usr/lib/gcc/arm-none-eabi/14.2.1/../../../arm-none-eabi/lib/thumb/v7e-m+fp/hard/crt0.o (exit)
/usr/lib/gcc/arm-none-eabi/14.2.1/../../../arm-none-eabi/lib/thumb/v7e-m+fp/hard/libc_nano.a(libc_a-atexit.o)
                              /usr/lib/gcc/arm-none-eabi/14.2.1/../../../arm-none-eabi/lib/thumb/v7e-m+fp/hard/crt0.o (atexit)
/usr/lib/gcc/arm-none-eabi/14.2.1/../../../arm-none-eabi/lib/thumb/v7e-m+fp/hard/libc_nano.a(libc_a-fini.o)
                              /usr/lib/gcc/arm-none-eabi/14.2.1/../../../arm-none-eabi/lib/thumb/v7e-m+fp/hard/crt0.o (__libc_fini_array)
/usr/lib/gcc/arm-none-eabi/14.2.1/../../../arm-none-eabi/lib/thumb/v7e-m+fp/hard/libc_nano.a(libc_a-findfp.o)
                              /usr/lib/gcc/arm-none-eabi/14.2.1/../../../arm-none-eabi/lib/thumb/v7e-m+fp/hard/libc_nano.a(libc_a-exit.o) (__stdio_exit_handler)
/usr/lib/gcc/arm-none-eabi/14.2.1/../../../arm-none-eabi/lib/thumb/v7e-m+fp/hard/libc_nano.a(libc_a-fflush.o)
                              /usr/lib/gcc/arm-none-eabi/14.2.1/../../../arm-none-eabi/lib/thumb/v7e-m+fp/hard/libc_nano.a(libc_a-findfp.o) (_fflush_r)
/usr/lib/gcc/arm-none-eabi/14.2.1/../../../arm-none-eabi/lib/thumb/v7e-m+fp/hard/libc_nano.a(libc_a-mallocr.o)
                              /usr/lib/gcc/arm-none-eabi/14.2.1/../../../arm-none-eabi/lib/thumb/v7e-m+fp/hard/libc_nano.a(libc_a-findfp.o) (_malloc_r)
/usr/lib/gcc/arm-none-eabi/14.2.1/../../../arm-none-eabi/lib/thumb/v7e-m+fp/hard/libc_nano.a(libc_a-freer.o)
                              /usr/lib/gcc/arm-none-eabi/14.2.1/../../../arm-none-eabi/lib/thumb/v7e-m+fp/hard/libc_nano.a(libc_a-fflush.o) (_free_r)
/usr/lib/gcc/arm-none-eabi/14.2.1/../../../arm-none-eabi/lib/thumb/v7e-m+fp/hard/libc_nano.a(libc_a-fwalk.o)
                              /usr/lib/gcc/arm-none-eabi/14.2.1/../../../arm-none-eabi/lib/thumb/v7e-m+fp/hard/libc_nano.a(libc_a-findfp.o) (_fwalk_sglue)
/usr/lib/gcc/arm-none-eabi/14.2.1/../../../arm-none-eabi/lib/thumb/v7e-m+fp/hard/libc_nano.a(libc_a-__atexit.o)
                              /usr/lib/gcc/arm-none-eabi/14.2.1/../../../arm-none-eabi/lib/thumb/v7e-m+fp/hard/libc_nano.a(libc_a-atexit.o) (__register_exitproc)
/usr/lib/gcc/arm-none-eabi/14.2.1/../../../arm-none-eabi/lib/thumb/v7e-m+fp/hard/libc_nano.a(libc_a-impure.o)
                              /usr/lib/gcc/arm-none-eabi/14.2.1/../../../arm-none-eabi/lib/thumb/v7e-m+fp/hard/libc_nano.a(libc_a-fflush.o) (_impure_ptr)
/usr/lib/gcc/arm-none-eabi/14.2.1/../../../arm-none-eabi/lib/thumb/v7e-m+fp/hard/libc_nano.a(libc_a-mlock.o)
                              /usr/lib/gcc/arm-none-eabi/14.2.1/../../../arm-none-eabi/lib/thumb/v7e-m+fp/hard/libc_nano.a(libc_a-mallocr.o) (__malloc_lock)
/usr/lib/gcc/arm-none-eabi/14.2.1/../../../arm-none-eabi/lib/thumb/v7e-m+fp/hard/libc_nano.a(libc_a-sbrkr.o)
                              /usr/lib/gcc/arm-none-eabi/14.2.1/../../../arm-none-eabi/lib/thumb/v7e-m+fp/hard/libc_nano.a(libc_a-mallocr.o) (_sbrk_r)
/usr/lib/gcc/arm-none-eabi/14.2.1/../../../arm-none-eabi/lib/thumb/v7e-m+fp/hard/libc_nano.a(libc_a-stdio.o)
                              /usr/lib/gcc/arm-none-eabi/14.2.1/../../../arm-none-eabi/lib/thumb/v7e-m+fp/hard/libc_nano.a(libc_a-findfp.o) (__sread)
/usr/lib/gcc/arm-none-eabi/14.2.1/../../../arm-none-eabi/lib/thumb/v7e-m+fp/hard/libc_nano.a(libc_a-readr.o)
                              /usr/lib/gcc/arm-none-eabi/14.2.1/../../../arm-none-eabi/lib/thumb/v7e-m+fp/hard/libc_nano.a(libc_a-stdio.o) (_read_r)
/usr/lib/gcc/arm-none-eabi/14.2.1/../../../arm-none-eabi/lib/thumb/v7e-m+fp/hard/libc_nano.a(libc_a-writer.o)
                              /usr/lib/gcc/arm-none-eabi/14.2.1/../../../arm-none-eabi/lib/thumb/v7e-m+fp/hard/libc_nano.a(libc_a-stdio.o) (_write_r)
/usr/lib/gcc/arm-none-eabi/14.2.1/../../../arm-none-eabi/lib/thumb/v7e-m+fp/hard/libc_nano.a(libc_a-closer.o)
                              /usr/lib/gcc/arm-none-eabi/14.2.1/../../../arm-none-eabi/lib/thumb/v7e-m+fp/hard/libc_nano.a(libc_a-stdio.o) (_close_r)
/usr/lib/gcc/arm-none-eabi/14.2.1/../../../arm-none-eabi/lib/thumb/v7e-m+fp/hard/libc_nano.a(libc_a-lseekr.o)
                              /usr/lib/gcc/arm-none-eabi/14.2.1/../../../arm-none-eabi/lib/thumb/v7e-m+fp/hard/libc_nano.a(libc_a-stdio.o) (_lseek_r)
/usr/lib/gcc/arm-none-eabi/14.2.1/../../../arm-none-eabi/lib/thumb/v7e-m+fp/hard/libc_nano.a(libc_a-__call_atexit.o)
                              /usr/lib/gcc/arm-none-eabi/14.2.1/../../../arm-none-eabi/lib/thumb/v7e-m+fp/hard/libc_nano.a(libc_a-__atexit.o) (__call_exitprocs)
[...]
Memory Configuration

Name             Origin             Length             Attributes
RAM              0x20000000         0x00020000         xrw
RAM2             0x10000000         0x00008000         xrw
FLASH            0x08000000         0x00080000         xr
*default*        0x00000000         0xffffffff

Linker script and memory map

LOAD /usr/lib/gcc/arm-none-eabi/14.2.1/thumb/v7e-m+fp/hard/crti.o
LOAD /usr/lib/gcc/arm-none-eabi/14.2.1/thumb/v7e-m+fp/hard/crtbegin.o
LOAD /usr/lib/gcc/arm-none-eabi/14.2.1/../../../arm-none-eabi/lib/thumb/v7e-m+fp/hard/crt0.o
LOAD build/main.o
LOAD build/freertos.o
LOAD build/stm32l4xx_it.o
LOAD build/stm32l4xx_hal_msp.o
LOAD build/stm32l4xx_hal_timebase_tim.o
LOAD build/stm32l4xx_ll_utils.o
LOAD build/stm32l4xx_ll_exti.o
LOAD build/stm32l4xx_hal_tim.o
LOAD build/stm32l4xx_hal_tim_ex.o
LOAD build/stm32l4xx_ll_gpio.o
LOAD build/stm32l4xx_hal_adc.o
LOAD build/stm32l4xx_hal_adc_ex.o
LOAD build/stm32l4xx_hal.o
LOAD build/stm32l4xx_hal_rcc.o
LOAD build/stm32l4xx_hal_rcc_ex.o
LOAD build/stm32l4xx_hal_flash.o
LOAD build/stm32l4xx_hal_flash_ex.o
LOAD build/stm32l4xx_hal_flash_ramfunc.o
LOAD build/stm32l4xx_hal_gpio.o
LOAD build/stm32l4xx_hal_i2c.o
LOAD build/stm32l4xx_hal_i2c_ex.o
LOAD build/stm32l4xx_hal_dma.o
LOAD build/stm32l4xx_hal_dma_ex.o
LOAD build/stm32l4xx_hal_pwr.o
LOAD build/stm32l4xx_hal_pwr_ex.o
LOAD build/stm32l4xx_hal_cortex.o
LOAD build/stm32l4xx_hal_exti.o
LOAD build/stm32l4xx_hal_spi.o
LOAD build/stm32l4xx_hal_spi_ex.o
LOAD build/stm32l4xx_hal_uart.o
LOAD build/stm32l4xx_hal_uart_ex.o
LOAD build/system_stm32l4xx.o
LOAD build/croutine.o
LOAD build/event_groups.o
LOAD build/list.o
LOAD build/queue.o
LOAD build/stream_buffer.o
LOAD build/tasks.o
LOAD build/timers.o
LOAD build/cmsis_os2.o
LOAD build/heap_4.o
LOAD build/port.o
LOAD build/sysmem.o
LOAD build/syscalls.o
LOAD build/rlib.o
LOAD build/rbuffer.o
LOAD build/printf.o
LOAD build/mems.o
LOAD build/service.o
LOAD build/apmain.o
LOAD build/apdialog.o
LOAD build/motor.o
LOAD build/autopilot.o
LOAD build/imu.o
LOAD build/geom.o
LOAD build/madgwick.o
LOAD build/quat.o
LOAD build/matrix3f.o
LOAD build/startup_stm32l452xx.o
LOAD /usr/lib/gcc/arm-none-eabi/14.2.1/../../../arm-none-eabi/lib/thumb/v7e-m+fp/hard/libc_nano.a
LOAD /usr/lib/gcc/arm-none-eabi/14.2.1/../../../arm-none-eabi/lib/thumb/v7e-m+fp/hard/libm.a
LOAD /usr/lib/gcc/arm-none-eabi/14.2.1/../../../arm-none-eabi/lib/thumb/v7e-m+fp/hard/libnosys.a
START GROUP
LOAD /usr/lib/gcc/arm-none-eabi/14.2.1/thumb/v7e-m+fp/hard/libgcc.a
LOAD /usr/lib/gcc/arm-none-eabi/14.2.1/../../../arm-none-eabi/lib/thumb/v7e-m+fp/hard/libc_nano.a
END GROUP
START GROUP
LOAD /usr/lib/gcc/arm-none-eabi/14.2.1/thumb/v7e-m+fp/hard/libgcc.a
LOAD /usr/lib/gcc/arm-none-eabi/14.2.1/../../../arm-none-eabi/lib/thumb/v7e-m+fp/hard/libc_nano.a
END GROUP
LOAD /usr/lib/gcc/arm-none-eabi/14.2.1/thumb/v7e-m+fp/hard/crtend.o
LOAD /usr/lib/gcc/arm-none-eabi/14.2.1/thumb/v7e-m+fp/hard/crtn.o
                0x20020000                        _estack = (ORIGIN (RAM) + LENGTH (RAM))
                0x00000200                        _Min_Heap_Size = 0x200
                0x00000400                        _Min_Stack_Size = 0x400

.isr_vector     0x08000000      0x198
                0x08000000                        . = ALIGN (0x8)
 *(.isr_vector)
 .isr_vector    0x08000000      0x194 build/startup_stm32l452xx.o
                0x08000000                g_pfnVectors
                0x08000198                        . = ALIGN (0x8)
 *fill*         0x08000194        0x4 

.text           0x080001a0     0xdd78
                0x080001a0                        . = ALIGN (0x8)
 *(.text)
 .text          0x080001a0       0x88 /usr/lib/gcc/arm-none-eabi/14.2.1/thumb/v7e-m+fp/hard/crtbegin.o
 .text          0x08000228       0x50 /usr/lib/gcc/arm-none-eabi/14.2.1/../../../arm-none-eabi/lib/thumb/v7e-m+fp/hard/libc_nano.a(libc_a-init.o)
                0x08000228                __libc_init_array
 .text          0x08000278      0x1a0 /usr/lib/gcc/arm-none-eabi/14.2.1/../../../arm-none-eabi/lib/thumb/v7e-m+fp/hard/libm.a(libm_a-sf_atan.o)
                0x08000278                atanf
 .text          0x08000418       0x48 /usr/lib/gcc/arm-none-eabi/14.2.1/../../../arm-none-eabi/lib/thumb/v7e-m+fp/hard/libm.a(libm_a-wf_fmod.o)
                0x08000418                fmodf
 .text          0x08000460       0x10 /usr/lib/gcc/arm-none-eabi/14.2.1/../../../arm-none-eabi/lib/thumb/v7e-m+fp/hard/libm.a(libm_a-sf_fabs.o)
                0x08000460                fabsf
 .text          0x08000470       0x58 /usr/lib/gcc/arm-none-eabi/14.2.1/../../../arm-none-eabi/lib/thumb/v7e-m+fp/hard/libm.a(libm_a-wf_acos.o)
                0x08000470                acosf
 .text          0x080004c8      0x140 /usr/lib/gcc/arm-none-eabi/14.2.1/../../../arm-none-eabi/lib/thumb/v7e-m+fp/hard/libm.a(libm_a-ef_fmod.o)
                0x080004c8                __ieee754_fmodf
 .text          0x08000608       0x70 /usr/lib/gcc/arm-none-eabi/14.2.1/../../../arm-none-eabi/lib/thumb/v7e-m+fp/hard/libm.a(libm_a-sf_cos.o)
                0x08000608                cosf
 .text          0x08000678      0x244 /usr/lib/gcc/arm-none-eabi/14.2.1/../../../arm-none-eabi/lib/thumb/v7e-m+fp/hard/libm.a(libm_a-ef_acos.o)
                0x08000678                __ieee754_acosf
 .text          0x080008bc       0x44 /usr/lib/gcc/arm-none-eabi/14.2.1/../../../arm-none-eabi/lib/thumb/v7e-m+fp/hard/libm.a(libm_a-wf_sqrt.o)
                0x080008bc                sqrtf
 .text          0x08000900       0x68 /usr/lib/gcc/arm-none-eabi/14.2.1/../../../arm-none-eabi/lib/thumb/v7e-m+fp/hard/libm.a(libm_a-w_sqrt.o)
                0x08000900                sqrt
 .text          0x08000968        0x4 /usr/lib/gcc/arm-none-eabi/14.2.1/../../../arm-none-eabi/lib/thumb/v7e-m+fp/hard/libm.a(libm_a-wf_atan2.o)
                0x08000968                atan2f
 .text          0x0800096c      0x1e4 /usr/lib/gcc/arm-none-eabi/14.2.1/../../../arm-none-eabi/lib/thumb/v7e-m+fp/hard/libm.a(libm_a-e_sqrt.o)
                0x0800096c                __ieee754_sqrt
 .text          0x08000b50        0xc /usr/lib/gcc/arm-none-eabi/14.2.1/../../../arm-none-eabi/lib/thumb/v7e-m+fp/hard/libm.a(libm_a-sf_nan.o)
                0x08000b50                nanf
 .text          0x08000b5c      0x104 /usr/lib/gcc/arm-none-eabi/14.2.1/../../../arm-none-eabi/lib/thumb/v7e-m+fp/hard/libm.a(libm_a-kf_cos.o)
                0x08000b5c                __kernel_cosf
 .text          0x08000c60       0x74 /usr/lib/gcc/arm-none-eabi/14.2.1/../../../arm-none-eabi/lib/thumb/v7e-m+fp/hard/libm.a(libm_a-sf_sin.o)
                0x08000c60                sinf
 .text          0x08000cd4       0x58 /usr/lib/gcc/arm-none-eabi/14.2.1/../../../arm-none-eabi/lib/thumb/v7e-m+fp/hard/libm.a(libm_a-wf_asin.o)
                0x08000cd4                asinf
 .text          0x08000d2c      0x1f8 /usr/lib/gcc/arm-none-eabi/14.2.1/../../../arm-none-eabi/lib/thumb/v7e-m+fp/hard/libm.a(libm_a-ef_asin.o)
                0x08000d2c                __ieee754_asinf
 .text          0x08000f24      0x14c /usr/lib/gcc/arm-none-eabi/14.2.1/../../../arm-none-eabi/lib/thumb/v7e-m+fp/hard/libm.a(libm_a-ef_atan2.o)
                0x08000f24                __ieee754_atan2f
 .text          0x08001070       0x90 /usr/lib/gcc/arm-none-eabi/14.2.1/../../../arm-none-eabi/lib/thumb/v7e-m+fp/hard/libm.a(libm_a-kf_sin.o)
                0x08001070                __kernel_sinf
 .text          0x08001100      0x260 /usr/lib/gcc/arm-none-eabi/14.2.1/../../../arm-none-eabi/lib/thumb/v7e-m+fp/hard/libm.a(libm_a-ef_rem_pio2.o)
                0x08001100                __ieee754_rem_pio2f
 .text          0x08001360      0x63c /usr/lib/gcc/arm-none-eabi/14.2.1/../../../arm-none-eabi/lib/thumb/v7e-m+fp/hard/libm.a(libm_a-kf_rem_pio2.o)
                0x08001360                __kernel_rem_pio2f
 .text          0x0800199c        0x8 /usr/lib/gcc/arm-none-eabi/14.2.1/../../../arm-none-eabi/lib/thumb/v7e-m+fp/hard/libm.a(libm_a-ef_sqrt.o)
                0x0800199c                __ieee754_sqrtf
 .text          0x080019a4       0xe4 /usr/lib/gcc/arm-none-eabi/14.2.1/../../../arm-none-eabi/lib/thumb/v7e-m+fp/hard/libm.a(libm_a-sf_scalbn.o)
                0x080019a4                scalbnf
 .text          0x08001a88       0x94 /usr/lib/gcc/arm-none-eabi/14.2.1/../../../arm-none-eabi/lib/thumb/v7e-m+fp/hard/libm.a(libm_a-sf_floor.o)
                0x08001a88                floorf
 .text          0x08001b1c      0x378 /usr/lib/gcc/arm-none-eabi/14.2.1/thumb/v7e-m+fp/hard/libgcc.a(_arm_addsubdf3.o)
                0x08001b1c                __aeabi_drsub
                0x08001b24                __aeabi_dsub
                0x08001b24                __subdf3
                0x08001b28                __adddf3
                0x08001b28                __aeabi_dadd
                0x08001da0                __aeabi_ui2d
                0x08001da0                __floatunsidf
                0x08001dc0                __floatsidf
                0x08001dc0                __aeabi_i2d
                0x08001de4                __extendsfdf2
                0x08001de4                __aeabi_f2d
                0x08001e28                __aeabi_ul2d
                0x08001e28                __floatundidf
                0x08001e38                __floatdidf
                0x08001e38                __aeabi_l2d
 .text          0x08001e94      0x424 /usr/lib/gcc/arm-none-eabi/14.2.1/thumb/v7e-m+fp/hard/libgcc.a(_arm_muldivdf3.o)
                0x08001e94                __aeabi_dmul
                0x08001e94                __muldf3
                0x080020e8                __aeabi_ddiv
                0x080020e8                __divdf3
 .text          0x080022b8      0x110 /usr/lib/gcc/arm-none-eabi/14.2.1/thumb/v7e-m+fp/hard/libgcc.a(_arm_cmpdf2.o)
                0x080022b8                __gtdf2
                0x080022b8                __gedf2
                0x080022c0                __ltdf2
                0x080022c0                __ledf2
                0x080022c8                __cmpdf2
                0x080022c8                __eqdf2
                0x080022c8                __nedf2
                0x08002344                __aeabi_cdrcmple
                0x08002354                __aeabi_cdcmple
                0x08002354                __aeabi_cdcmpeq
                0x08002364                __aeabi_dcmpeq
                0x08002378                __aeabi_dcmplt
                0x0800238c                __aeabi_dcmple
                0x080023a0                __aeabi_dcmpge
                0x080023b4                __aeabi_dcmpgt
 .text          0x080023c8       0x2c /usr/lib/gcc/arm-none-eabi/14.2.1/thumb/v7e-m+fp/hard/libgcc.a(_arm_unorddf2.o)
                0x080023c8                __aeabi_dcmpun
                0x080023c8                __unorddf2
 .text          0x080023f4       0x50 /usr/lib/gcc/arm-none-eabi/14.2.1/thumb/v7e-m+fp/hard/libgcc.a(_arm_fixdfsi.o)
                0x080023f4                __fixdfsi
                0x080023f4                __aeabi_d2iz
 .text          0x08002444       0x40 /usr/lib/gcc/arm-none-eabi/14.2.1/thumb/v7e-m+fp/hard/libgcc.a(_arm_fixunsdfsi.o)
                0x08002444                __fixunsdfsi
                0x08002444                __aeabi_d2uiz
 .text          0x08002484       0xa0 /usr/lib/gcc/arm-none-eabi/14.2.1/thumb/v7e-m+fp/hard/libgcc.a(_arm_truncdfsf2.o)
                0x08002484                __aeabi_d2f
                0x08002484                __truncdfsf2
 .text          0x08002524       0x30 /usr/lib/gcc/arm-none-eabi/14.2.1/thumb/v7e-m+fp/hard/libgcc.a(_aeabi_uldivmod.o)
                0x08002524                __aeabi_uldivmod
 .text          0x08002554      0x2f8 /usr/lib/gcc/arm-none-eabi/14.2.1/thumb/v7e-m+fp/hard/libgcc.a(_udivmoddi4.o)
                0x08002554                __udivmoddi4
 .text          0x0800284c        0x4 /usr/lib/gcc/arm-none-eabi/14.2.1/thumb/v7e-m+fp/hard/libgcc.a(_dvmd_tls.o)
                0x0800284c                __aeabi_ldiv0
                0x0800284c                __aeabi_idiv0
 *(.text*)
 .text.NVIC_EncodePriority
                0x08002850       0x3e build/main.o
 .text.LL_GPIO_SetPinPull
                0x0800288e       0x3c build/main.o
 .text.LL_GPIO_SetPinMode
                0x080028ca       0x3c build/main.o
 *fill*         0x08002906        0x2 
 .text.MX_GPIO_Init
                0x08002908      0x32c build/main.o
 .text.MX_DMA_Init
                0x08002c34       0xa4 build/main.o
 .text.StartDefaultTask
                0x08002cd8        0xa build/main.o
                0x08002cd8                StartDefaultTask
 .text.HAL_TIM_PeriodElapsedCallback
                0x08002ce2       0x12 build/main.o
                0x08002ce2                HAL_TIM_PeriodElapsedCallback
 .text.Error_Handler
                0x08002cf4        0x4 build/main.o
                0x08002cf4                Error_Handler
 .text.MX_USART2_UART_Init
                0x08002cf8       0x38 build/main.o
 .text.MX_USART1_UART_Init
                0x08002d30       0x38 build/main.o
 .text.MX_ADC1_Init
                0x08002d68       0xa4 build/main.o
 .text.MX_TIM3_Init
                0x08002e0c       0x6c build/main.o
 .text.MX_SPI2_Init
                0x08002e78       0x4c build/main.o
 .text.MX_UART4_Init
                0x08002ec4       0x38 build/main.o
 .text.MX_USART3_UART_Init
                0x08002efc       0x38 build/main.o
 .text.SystemClock_Config
                0x08002f34       0x88 build/main.o
                0x08002f34                SystemClock_Config
 .text.main     0x08002fbc       0x58 build/main.o
                0x08002fbc                main
 .text.NMI_Handler
                0x08003014        0x2 build/stm32l4xx_it.o
                0x08003014                NMI_Handler
 .text.HardFault_Handler
                0x08003016        0x2 build/stm32l4xx_it.o
                0x08003016                HardFault_Handler
 .text.MemManage_Handler
                0x08003018        0x2 build/stm32l4xx_it.o
                0x08003018                MemManage_Handler
 .text.BusFault_Handler
                0x0800301a        0x2 build/stm32l4xx_it.o
                0x0800301a                BusFault_Handler
 .text.UsageFault_Handler
                0x0800301c        0x2 build/stm32l4xx_it.o
                0x0800301c                UsageFault_Handler
 .text.DebugMon_Handler
                0x0800301e        0x2 build/stm32l4xx_it.o
                0x0800301e                DebugMon_Handler
 .text.EXTI0_IRQHandler
                0x08003020       0x18 build/stm32l4xx_it.o
                0x08003020                EXTI0_IRQHandler
 .text.EXTI1_IRQHandler
                0x08003038       0x18 build/stm32l4xx_it.o
                0x08003038                EXTI1_IRQHandler
 .text.EXTI2_IRQHandler
                0x08003050       0x18 build/stm32l4xx_it.o
                0x08003050                EXTI2_IRQHandler
 .text.DMA1_Channel1_IRQHandler
                0x08003068       0x10 build/stm32l4xx_it.o
                0x08003068                DMA1_Channel1_IRQHandler
 .text.DMA1_Channel4_IRQHandler
                0x08003078       0x10 build/stm32l4xx_it.o
                0x08003078                DMA1_Channel4_IRQHandler
 .text.DMA1_Channel5_IRQHandler
                0x08003088       0x10 build/stm32l4xx_it.o
                0x08003088                DMA1_Channel5_IRQHandler
 .text.DMA1_Channel6_IRQHandler
                0x08003098       0x10 build/stm32l4xx_it.o
                0x08003098                DMA1_Channel6_IRQHandler
 .text.DMA1_Channel7_IRQHandler
                0x080030a8       0x10 build/stm32l4xx_it.o
                0x080030a8                DMA1_Channel7_IRQHandler
 .text.ADC1_IRQHandler
                0x080030b8       0x10 build/stm32l4xx_it.o
                0x080030b8                ADC1_IRQHandler
 .text.TIM2_IRQHandler
                0x080030c8       0x10 build/stm32l4xx_it.o
                0x080030c8                TIM2_IRQHandler
 .text.SPI2_IRQHandler
                0x080030d8       0x10 build/stm32l4xx_it.o
                0x080030d8                SPI2_IRQHandler
 .text.USART1_IRQHandler
                0x080030e8       0x10 build/stm32l4xx_it.o
                0x080030e8                USART1_IRQHandler
 .text.USART2_IRQHandler
                0x080030f8       0x10 build/stm32l4xx_it.o
                0x080030f8                USART2_IRQHandler
 .text.DMA2_Channel6_IRQHandler
                0x08003108       0x10 build/stm32l4xx_it.o
                0x08003108                DMA2_Channel6_IRQHandler
 .text.DMA2_Channel7_IRQHandler
                0x08003118       0x10 build/stm32l4xx_it.o
                0x08003118                DMA2_Channel7_IRQHandler
 .text.HAL_MspInit
                0x08003128       0x40 build/stm32l4xx_hal_msp.o
                0x08003128                HAL_MspInit
 .text.HAL_ADC_MspInit
                0x08003168       0xf0 build/stm32l4xx_hal_msp.o
                0x08003168                HAL_ADC_MspInit
 .text.HAL_SPI_MspInit
                0x08003258       0xe8 build/stm32l4xx_hal_msp.o
                0x08003258                HAL_SPI_MspInit
 .text.HAL_TIM_Base_MspInit
                0x08003340       0x64 build/stm32l4xx_hal_msp.o
                0x08003340                HAL_TIM_Base_MspInit
 .text.HAL_UART_MspInit
                0x080033a4      0x2ac build/stm32l4xx_hal_msp.o
                0x080033a4                HAL_UART_MspInit
 .text.HAL_InitTick
                0x08003650       0xa0 build/stm32l4xx_hal_timebase_tim.o
                0x08003650                HAL_InitTick
 .text.LL_EXTI_Init
                0x080036f0      0x19c build/stm32l4xx_ll_exti.o
                0x080036f0                LL_EXTI_Init
 .text.TIM_TI1_ConfigInputStage
                0x0800388c       0x26 build/stm32l4xx_hal_tim.o
 .text.TIM_TI2_ConfigInputStage
                0x080038b2       0x28 build/stm32l4xx_hal_tim.o
 .text.TIM_ITRx_SetConfig
                0x080038da       0x10 build/stm32l4xx_hal_tim.o
 *fill*         0x080038ea        0x2 
 .text.HAL_TIM_Base_Start
                0x080038ec       0x68 build/stm32l4xx_hal_tim.o
                0x080038ec                HAL_TIM_Base_Start
 .text.HAL_TIM_Base_Start_IT
                0x08003954       0x74 build/stm32l4xx_hal_tim.o
                0x08003954                HAL_TIM_Base_Start_IT
 .text.HAL_TIM_OC_DelayElapsedCallback
                0x080039c8        0x2 build/stm32l4xx_hal_tim.o
                0x080039c8                HAL_TIM_OC_DelayElapsedCallback
 .text.HAL_TIM_IC_CaptureCallback
                0x080039ca        0x2 build/stm32l4xx_hal_tim.o
                0x080039ca                HAL_TIM_IC_CaptureCallback
 .text.HAL_TIM_PWM_PulseFinishedCallback
                0x080039cc        0x2 build/stm32l4xx_hal_tim.o
                0x080039cc                HAL_TIM_PWM_PulseFinishedCallback
 .text.HAL_TIM_TriggerCallback
                0x080039ce        0x2 build/stm32l4xx_hal_tim.o
                0x080039ce                HAL_TIM_TriggerCallback
 .text.HAL_TIM_IRQHandler
                0x080039d0      0x17a build/stm32l4xx_hal_tim.o
                0x080039d0                HAL_TIM_IRQHandler
 *fill*         0x08003b4a        0x2 
 .text.TIM_Base_SetConfig
                0x08003b4c       0x90 build/stm32l4xx_hal_tim.o
                0x08003b4c                TIM_Base_SetConfig
 .text.HAL_TIM_Base_Init
                0x08003bdc       0x60 build/stm32l4xx_hal_tim.o
                0x08003bdc                HAL_TIM_Base_Init
 .text.TIM_ETR_SetConfig
                0x08003c3c       0x1a build/stm32l4xx_hal_tim.o
                0x08003c3c                TIM_ETR_SetConfig
 *fill*         0x08003c56        0x2 
 .text.HAL_TIM_ConfigClockSource
                0x08003c58      0x100 build/stm32l4xx_hal_tim.o
                0x08003c58                HAL_TIM_ConfigClockSource
 .text.HAL_TIMEx_MasterConfigSynchronization
                0x08003d58       0x78 build/stm32l4xx_hal_tim_ex.o
                0x08003d58                HAL_TIMEx_MasterConfigSynchronization
 .text.HAL_TIMEx_CommutCallback
                0x08003dd0        0x2 build/stm32l4xx_hal_tim_ex.o
                0x08003dd0                HAL_TIMEx_CommutCallback
 .text.HAL_TIMEx_BreakCallback
                0x08003dd2        0x2 build/stm32l4xx_hal_tim_ex.o
                0x08003dd2                HAL_TIMEx_BreakCallback
 .text.HAL_TIMEx_Break2Callback
                0x08003dd4        0x2 build/stm32l4xx_hal_tim_ex.o
                0x08003dd4                HAL_TIMEx_Break2Callback
 .text.LL_GPIO_SetPinSpeed
                0x08003dd6       0x3c build/stm32l4xx_ll_gpio.o
 .text.LL_GPIO_SetPinPull
                0x08003e12       0x3c build/stm32l4xx_ll_gpio.o
 .text.LL_GPIO_SetAFPin_0_7
                0x08003e4e       0x3c build/stm32l4xx_ll_gpio.o
 .text.LL_GPIO_SetAFPin_8_15
                0x08003e8a       0x3e build/stm32l4xx_ll_gpio.o
 .text.LL_GPIO_SetPinMode
                0x08003ec8       0x3c build/stm32l4xx_ll_gpio.o
 .text.LL_GPIO_Init
                0x08003f04       0x88 build/stm32l4xx_ll_gpio.o
                0x08003f04                LL_GPIO_Init
 .text.LL_ADC_REG_SetSequencerRanks
                0x08003f8c       0x30 build/stm32l4xx_hal_adc.o
 .text.LL_ADC_SetChannelSamplingTime
                0x08003fbc       0x2c build/stm32l4xx_hal_adc.o
 .text.HAL_ADC_Init
                0x08003fe8      0x1cc build/stm32l4xx_hal_adc.o
                0x08003fe8                HAL_ADC_Init
 .text.HAL_ADC_ConvHalfCpltCallback
                0x080041b4        0x2 build/stm32l4xx_hal_adc.o
                0x080041b4                HAL_ADC_ConvHalfCpltCallback
 .text.ADC_DMAHalfConvCplt
                0x080041b6        0xa build/stm32l4xx_hal_adc.o
                0x080041b6                ADC_DMAHalfConvCplt
 .text.HAL_ADC_LevelOutOfWindowCallback
                0x080041c0        0x2 build/stm32l4xx_hal_adc.o
                0x080041c0                HAL_ADC_LevelOutOfWindowCallback
 .text.HAL_ADC_ErrorCallback
                0x080041c2        0x2 build/stm32l4xx_hal_adc.o
                0x080041c2                HAL_ADC_ErrorCallback
 .text.HAL_ADC_IRQHandler
                0x080041c4      0x234 build/stm32l4xx_hal_adc.o
                0x080041c4                HAL_ADC_IRQHandler
 .text.ADC_DMAConvCplt
                0x080043f8       0x88 build/stm32l4xx_hal_adc.o
                0x080043f8                ADC_DMAConvCplt
 .text.ADC_DMAError
                0x08004480       0x1a build/stm32l4xx_hal_adc.o
                0x08004480                ADC_DMAError
 *fill*         0x0800449a        0x2 
 .text.HAL_ADC_ConfigChannel
                0x0800449c      0x43c build/stm32l4xx_hal_adc.o
                0x0800449c                HAL_ADC_ConfigChannel
 .text.ADC_Enable
                0x080048d8       0xdc build/stm32l4xx_hal_adc.o
                0x080048d8                ADC_Enable
 .text.HAL_ADC_Start_DMA
                0x080049b4       0xc0 build/stm32l4xx_hal_adc.o
                0x080049b4                HAL_ADC_Start_DMA
 .text.HAL_ADCEx_InjectedConvCpltCallback
                0x08004a74        0x2 build/stm32l4xx_hal_adc_ex.o
                0x08004a74                HAL_ADCEx_InjectedConvCpltCallback
 .text.HAL_ADCEx_InjectedQueueOverflowCallback
                0x08004a76        0x2 build/stm32l4xx_hal_adc_ex.o
                0x08004a76                HAL_ADCEx_InjectedQueueOverflowCallback
 .text.HAL_ADCEx_LevelOutOfWindow2Callback
                0x08004a78        0x2 build/stm32l4xx_hal_adc_ex.o
                0x08004a78                HAL_ADCEx_LevelOutOfWindow2Callback
 .text.HAL_ADCEx_LevelOutOfWindow3Callback
                0x08004a7a        0x2 build/stm32l4xx_hal_adc_ex.o
                0x08004a7a                HAL_ADCEx_LevelOutOfWindow3Callback
 .text.HAL_ADCEx_EndOfSamplingCallback
                0x08004a7c        0x2 build/stm32l4xx_hal_adc_ex.o
                0x08004a7c                HAL_ADCEx_EndOfSamplingCallback
 *fill*         0x08004a7e        0x2 
 .text.HAL_Init
                0x08004a80       0x2c build/stm32l4xx_hal.o
                0x08004a80                HAL_Init
 .text.HAL_IncTick
                0x08004aac       0x18 build/stm32l4xx_hal.o
                0x08004aac                HAL_IncTick
 .text.HAL_GetTick
                0x08004ac4        0xc build/stm32l4xx_hal.o
                0x08004ac4                HAL_GetTick
 .text.RCC_SetFlashLatencyFromMSIRange
                0x08004ad0       0x90 build/stm32l4xx_hal_rcc.o
 .text.HAL_RCC_MCOConfig
                0x08004b60       0x4c build/stm32l4xx_hal_rcc.o
                0x08004b60                HAL_RCC_MCOConfig
 .text.HAL_RCC_GetSysClockFreq
                0x08004bac       0xa8 build/stm32l4xx_hal_rcc.o
                0x08004bac                HAL_RCC_GetSysClockFreq
 .text.HAL_RCC_OscConfig
                0x08004c54      0x66c build/stm32l4xx_hal_rcc.o
                0x08004c54                HAL_RCC_OscConfig
 .text.HAL_RCC_ClockConfig
                0x080052c0      0x188 build/stm32l4xx_hal_rcc.o
                0x080052c0                HAL_RCC_ClockConfig
 .text.HAL_RCC_GetHCLKFreq
                0x08005448        0xc build/stm32l4xx_hal_rcc.o
                0x08005448                HAL_RCC_GetHCLKFreq
 .text.HAL_RCC_GetPCLK1Freq
                0x08005454       0x24 build/stm32l4xx_hal_rcc.o
                0x08005454                HAL_RCC_GetPCLK1Freq
 .text.HAL_RCC_GetPCLK2Freq
                0x08005478       0x24 build/stm32l4xx_hal_rcc.o
                0x08005478                HAL_RCC_GetPCLK2Freq
 .text.HAL_RCC_GetClockConfig
                0x0800549c       0x3c build/stm32l4xx_hal_rcc.o
                0x0800549c                HAL_RCC_GetClockConfig
 .text.RCCEx_PLLSAI1_Config
                0x080054d8      0x170 build/stm32l4xx_hal_rcc_ex.o
 .text.HAL_RCCEx_PeriphCLKConfig
                0x08005648      0x398 build/stm32l4xx_hal_rcc_ex.o
                0x08005648                HAL_RCCEx_PeriphCLKConfig
 .text.HAL_GPIO_Init
                0x080059e0      0x1c8 build/stm32l4xx_hal_gpio.o
                0x080059e0                HAL_GPIO_Init
 .text.DMA_SetConfig
                0x08005ba8       0x32 build/stm32l4xx_hal_dma.o
 *fill*         0x08005bda        0x2 
 .text.HAL_DMA_Init
                0x08005bdc      0x104 build/stm32l4xx_hal_dma.o
                0x08005bdc                HAL_DMA_Init
 .text.HAL_DMA_Start_IT
                0x08005ce0       0x74 build/stm32l4xx_hal_dma.o
                0x08005ce0                HAL_DMA_Start_IT
 .text.HAL_DMA_Abort
                0x08005d54       0x48 build/stm32l4xx_hal_dma.o
                0x08005d54                HAL_DMA_Abort
 .text.HAL_DMA_Abort_IT
                0x08005d9c       0x4e build/stm32l4xx_hal_dma.o
                0x08005d9c                HAL_DMA_Abort_IT
 .text.HAL_DMA_IRQHandler
                0x08005dea       0xc4 build/stm32l4xx_hal_dma.o
                0x08005dea                HAL_DMA_IRQHandler
 *fill*         0x08005eae        0x2 
 .text.HAL_PWREx_GetVoltageRange
                0x08005eb0       0x10 build/stm32l4xx_hal_pwr_ex.o
                0x08005eb0                HAL_PWREx_GetVoltageRange
 .text.HAL_PWREx_ControlVoltageScaling
                0x08005ec0       0x90 build/stm32l4xx_hal_pwr_ex.o
                0x08005ec0                HAL_PWREx_ControlVoltageScaling
 .text.__NVIC_EnableIRQ
                0x08005f50       0x1c build/stm32l4xx_hal_cortex.o
 .text.__NVIC_SetPriority
                0x08005f6c       0x28 build/stm32l4xx_hal_cortex.o
 .text.NVIC_EncodePriority
                0x08005f94       0x3e build/stm32l4xx_hal_cortex.o
 *fill*         0x08005fd2        0x2 
 .text.HAL_NVIC_SetPriorityGrouping
                0x08005fd4       0x24 build/stm32l4xx_hal_cortex.o
                0x08005fd4                HAL_NVIC_SetPriorityGrouping
 .text.HAL_NVIC_SetPriority
                0x08005ff8       0x20 build/stm32l4xx_hal_cortex.o
                0x08005ff8                HAL_NVIC_SetPriority
 .text.HAL_NVIC_EnableIRQ
                0x08006018        0x8 build/stm32l4xx_hal_cortex.o
                0x08006018                HAL_NVIC_EnableIRQ
 .text.SPI_WaitFlagStateUntilTimeout
                0x08006020       0xc8 build/stm32l4xx_hal_spi.o
 .text.SPI_WaitFifoStateUntilTimeout
                0x080060e8       0xf0 build/stm32l4xx_hal_spi.o
 .text.SPI_EndRxTxTransaction
                0x080061d8       0x62 build/stm32l4xx_hal_spi.o
 .text.SPI_EndRxTransaction
                0x0800623a       0x82 build/stm32l4xx_hal_spi.o
 .text.HAL_SPI_Init
                0x080062bc       0xde build/stm32l4xx_hal_spi.o
                0x080062bc                HAL_SPI_Init
 *fill*         0x0800639a        0x2 
 .text.HAL_SPI_TransmitReceive_DMA
                0x0800639c      0x218 build/stm32l4xx_hal_spi.o
                0x0800639c                HAL_SPI_TransmitReceive_DMA
 .text.HAL_SPI_RxCpltCallback
                0x080065b4        0x2 build/stm32l4xx_hal_spi.o
                0x080065b4                HAL_SPI_RxCpltCallback
 .text.HAL_SPI_RxHalfCpltCallback
                0x080065b6        0x2 build/stm32l4xx_hal_spi.o
                0x080065b6                HAL_SPI_RxHalfCpltCallback
 .text.SPI_DMAHalfReceiveCplt
                0x080065b8        0xa build/stm32l4xx_hal_spi.o
 .text.HAL_SPI_TxRxHalfCpltCallback
                0x080065c2        0x2 build/stm32l4xx_hal_spi.o
                0x080065c2                HAL_SPI_TxRxHalfCpltCallback
 .text.SPI_DMAHalfTransmitReceiveCplt
                0x080065c4        0xa build/stm32l4xx_hal_spi.o
 .text.SPI_DMAError
                0x080065ce       0x22 build/stm32l4xx_hal_spi.o
 .text.SPI_DMAReceiveCplt
                0x080065f0       0x70 build/stm32l4xx_hal_spi.o
 .text.SPI_DMATransmitReceiveCplt
                0x08006660       0x5e build/stm32l4xx_hal_spi.o
 *fill*         0x080066be        0x2 
 .text.HAL_SPI_IRQHandler
                0x080066c0      0x124 build/stm32l4xx_hal_spi.o
                0x080066c0                HAL_SPI_IRQHandler
 .text.SPI_DMAAbortOnError
                0x080067e4       0x12 build/stm32l4xx_hal_spi.o
 .text.UART_EndTxTransfer
                0x080067f6       0x18 build/stm32l4xx_hal_uart.o
 .text.UART_EndRxTransfer
                0x0800680e       0x52 build/stm32l4xx_hal_uart.o
 .text.HAL_UART_Transmit_DMA
                0x08006860       0x98 build/stm32l4xx_hal_uart.o
                0x08006860                HAL_UART_Transmit_DMA
 .text.UART_DMATransmitCplt
                0x080068f8       0x48 build/stm32l4xx_hal_uart.o
 .text.UART_EndTransmit_IT
                0x08006940       0x22 build/stm32l4xx_hal_uart.o
 .text.HAL_UART_TxHalfCpltCallback
                0x08006962        0x2 build/stm32l4xx_hal_uart.o
                0x08006962                HAL_UART_TxHalfCpltCallback
 .text.UART_DMATxHalfCplt
                0x08006964        0xa build/stm32l4xx_hal_uart.o
 .text.HAL_UART_ErrorCallback
                0x0800696e        0x2 build/stm32l4xx_hal_uart.o
                0x0800696e                HAL_UART_ErrorCallback
 .text.UART_DMAError
                0x08006970       0x56 build/stm32l4xx_hal_uart.o
 .text.UART_DMAAbortOnError
                0x080069c6       0x14 build/stm32l4xx_hal_uart.o
 .text.HAL_UARTEx_RxEventCallback
                0x080069da        0x2 build/stm32l4xx_hal_uart.o
                0x080069da                HAL_UARTEx_RxEventCallback
 .text.HAL_UART_IRQHandler
                0x080069dc      0x308 build/stm32l4xx_hal_uart.o
                0x080069dc                HAL_UART_IRQHandler
 .text.UART_RxISR_8BIT
                0x08006ce4       0xdc build/stm32l4xx_hal_uart.o
 .text.UART_RxISR_16BIT
                0x08006dc0       0xdc build/stm32l4xx_hal_uart.o
 .text.HAL_UART_GetState
                0x08006e9c        0xa build/stm32l4xx_hal_uart.o
                0x08006e9c                HAL_UART_GetState
 *fill*         0x08006ea6        0x2 
 .text.UART_SetConfig
                0x08006ea8      0x2dc build/stm32l4xx_hal_uart.o
                0x08006ea8                UART_SetConfig
 .text.UART_AdvFeatureConfig
                0x08007184       0xca build/stm32l4xx_hal_uart.o
                0x08007184                UART_AdvFeatureConfig
 .text.UART_WaitOnFlagUntilTimeout
                0x0800724e       0x9e build/stm32l4xx_hal_uart.o
                0x0800724e                UART_WaitOnFlagUntilTimeout
 .text.UART_CheckIdleState
                0x080072ec       0xc6 build/stm32l4xx_hal_uart.o
                0x080072ec                UART_CheckIdleState
 .text.HAL_UART_Init
                0x080073b2       0x62 build/stm32l4xx_hal_uart.o
                0x080073b2                HAL_UART_Init
 .text.UART_Start_Receive_IT
                0x08007414       0xd4 build/stm32l4xx_hal_uart.o
                0x08007414                UART_Start_Receive_IT
 .text.HAL_UART_Receive_IT
                0x080074e8       0x4c build/stm32l4xx_hal_uart.o
                0x080074e8                HAL_UART_Receive_IT
 .text.HAL_UARTEx_WakeupCallback
                0x08007534        0x2 build/stm32l4xx_hal_uart_ex.o
                0x08007534                HAL_UARTEx_WakeupCallback
 *fill*         0x08007536        0x2 
 .text.SystemInit
                0x08007538       0x14 build/system_stm32l4xx.o
                0x08007538                SystemInit
 .text.vListInitialise
                0x0800754c       0x16 build/list.o
                0x0800754c                vListInitialise
 .text.vListInitialiseItem
                0x08007562        0x6 build/list.o
                0x08007562                vListInitialiseItem
 .text.vListInsertEnd
                0x08007568       0x16 build/list.o
                0x08007568                vListInsertEnd
 .text.vListInsert
                0x0800757e       0x32 build/list.o
                0x0800757e                vListInsert
 .text.uxListRemove
                0x080075b0       0x26 build/list.o
                0x080075b0                uxListRemove
 .text.prvGetDisinheritPriorityAfterTimeout
                0x080075d6       0x10 build/queue.o
 .text.prvIsQueueFull
                0x080075e6       0x1e build/queue.o
 .text.prvIsQueueEmpty
                0x08007604       0x1a build/queue.o
 .text.prvCopyDataToQueue
                0x0800761e       0x76 build/queue.o
 .text.prvCopyDataFromQueue
                0x08007694       0x24 build/queue.o
 .text.prvUnlockQueue
                0x080076b8       0x6e build/queue.o
 .text.xQueueGenericReset
                0x08007726       0x84 build/queue.o
                0x08007726                xQueueGenericReset
 .text.prvInitialiseNewQueue
                0x080077aa       0x22 build/queue.o
 .text.xQueueGenericCreateStatic
                0x080077cc       0x94 build/queue.o
                0x080077cc                xQueueGenericCreateStatic
 .text.xQueueGenericCreate
                0x08007860       0x48 build/queue.o
                0x08007860                xQueueGenericCreate
 .text.xQueueGenericSend
                0x080078a8      0x188 build/queue.o
                0x080078a8                xQueueGenericSend
 .text.prvInitialiseMutex
                0x08007a30       0x18 build/queue.o
 .text.xQueueCreateMutex
                0x08007a48       0x16 build/queue.o
                0x08007a48                xQueueCreateMutex
 .text.xQueueGenericSendFromISR
                0x08007a5e       0xce build/queue.o
                0x08007a5e                xQueueGenericSendFromISR
 .text.xQueueGiveFromISR
                0x08007b2c       0xb2 build/queue.o
                0x08007b2c                xQueueGiveFromISR
 .text.xQueueReceive
                0x08007bde      0x15e build/queue.o
                0x08007bde                xQueueReceive
 .text.xQueueSemaphoreTake
                0x08007d3c      0x1a6 build/queue.o
                0x08007d3c                xQueueSemaphoreTake
 *fill*         0x08007ee2        0x2 
 .text.vQueueAddToRegistry
                0x08007ee4       0x28 build/queue.o
                0x08007ee4                vQueueAddToRegistry
 .text.vQueueWaitForMessageRestricted
                0x08007f0c       0x52 build/queue.o
                0x08007f0c                vQueueWaitForMessageRestricted
 .text.prvBytesInBuffer
                0x08007f5e       0x12 build/stream_buffer.o
 .text.prvInitialiseNewStreamBuffer
                0x08007f70       0x40 build/stream_buffer.o
 .text.prvWriteBytesToBuffer
                0x08007fb0       0x8e build/stream_buffer.o
 .text.prvWriteMessageToBuffer
                0x0800803e       0x44 build/stream_buffer.o
 .text.prvReadBytesFromBuffer
                0x08008082       0x84 build/stream_buffer.o
 .text.prvReadMessageFromBuffer
                0x08008106       0x4c build/stream_buffer.o
 .text.xStreamBufferGenericCreate
                0x08008152       0x74 build/stream_buffer.o
                0x08008152                xStreamBufferGenericCreate
 .text.xStreamBufferSpacesAvailable
                0x080081c6       0x2a build/stream_buffer.o
                0x080081c6                xStreamBufferSpacesAvailable
 .text.xStreamBufferSendFromISR
                0x080081f0       0xa4 build/stream_buffer.o
                0x080081f0                xStreamBufferSendFromISR
 .text.xStreamBufferReceive
                0x08008294       0xea build/stream_buffer.o
                0x08008294                xStreamBufferReceive
 *fill*         0x0800837e        0x2 
 .text.prvResetNextTaskUnblockTime
                0x08008380       0x2c build/tasks.o
 .text.prvInitialiseNewTask
                0x080083ac       0xa2 build/tasks.o
 *fill*         0x0800844e        0x2 
 .text.prvInitialiseTaskLists
                0x08008450       0x68 build/tasks.o
 .text.prvAddNewTaskToReadyList
                0x080084b8       0xac build/tasks.o
 .text.prvDeleteTCB
                0x08008564       0x38 build/tasks.o
 .text.prvCheckTasksWaitingTermination
                0x0800859c       0x4c build/tasks.o
 .text.prvIdleTask
                0x080085e8       0x28 build/tasks.o
 .text.prvAddCurrentTaskToDelayedList
                0x08008610       0x7c build/tasks.o
 .text.xTaskCreateStatic
                0x0800868c       0x76 build/tasks.o
                0x0800868c                xTaskCreateStatic
 .text.xTaskCreate
                0x08008702       0x64 build/tasks.o
                0x08008702                xTaskCreate
 *fill*         0x08008766        0x2 
 .text.vTaskStartScheduler
                0x08008768       0x98 build/tasks.o
                0x08008768                vTaskStartScheduler
 .text.vTaskSuspendAll
                0x08008800       0x10 build/tasks.o
                0x08008800                vTaskSuspendAll
 .text.xTaskGetTickCount
                0x08008810        0xc build/tasks.o
                0x08008810                xTaskGetTickCount
 .text.xTaskIncrementTick
                0x0800881c      0x118 build/tasks.o
                0x0800881c                xTaskIncrementTick
 .text.xTaskResumeAll
                0x08008934       0xf8 build/tasks.o
                0x08008934                xTaskResumeAll
 .text.vTaskDelay
                0x08008a2c       0x4c build/tasks.o
                0x08008a2c                vTaskDelay
 .text.vTaskSwitchContext
                0x08008a78       0x98 build/tasks.o
                0x08008a78                vTaskSwitchContext
 .text.vTaskPlaceOnEventList
                0x08008b10       0x30 build/tasks.o
                0x08008b10                vTaskPlaceOnEventList
 .text.vTaskPlaceOnEventListRestricted
                0x08008b40       0x38 build/tasks.o
                0x08008b40                vTaskPlaceOnEventListRestricted
 .text.xTaskRemoveFromEventList
                0x08008b78       0x8c build/tasks.o
                0x08008b78                xTaskRemoveFromEventList
 .text.vTaskInternalSetTimeOutState
                0x08008c04       0x18 build/tasks.o
                0x08008c04                vTaskInternalSetTimeOutState
 .text.xTaskCheckForTimeOut
                0x08008c1c       0x88 build/tasks.o
                0x08008c1c                xTaskCheckForTimeOut
 .text.vTaskMissedYield
                0x08008ca4        0xc build/tasks.o
                0x08008ca4                vTaskMissedYield
 .text.xTaskGetCurrentTaskHandle
                0x08008cb0        0xc build/tasks.o
                0x08008cb0                xTaskGetCurrentTaskHandle
 .text.xTaskGetSchedulerState
                0x08008cbc       0x20 build/tasks.o
                0x08008cbc                xTaskGetSchedulerState
 .text.xTaskPriorityInherit
                0x08008cdc       0x98 build/tasks.o
                0x08008cdc                xTaskPriorityInherit
 .text.xTaskPriorityDisinherit
                0x08008d74       0x90 build/tasks.o
                0x08008d74                xTaskPriorityDisinherit
 .text.vTaskPriorityDisinheritAfterTimeout
                0x08008e04       0xa0 build/tasks.o
                0x08008e04                vTaskPriorityDisinheritAfterTimeout
 .text.pvTaskIncrementMutexHeldCount
                0x08008ea4       0x1c build/tasks.o
                0x08008ea4                pvTaskIncrementMutexHeldCount
 .text.xTaskNotifyWait
                0x08008ec0       0x94 build/tasks.o
                0x08008ec0                xTaskNotifyWait
 .text.xTaskGenericNotify
                0x08008f54       0xf8 build/tasks.o
                0x08008f54                xTaskGenericNotify
 .text.xTaskGenericNotifyFromISR
                0x0800904c      0x128 build/tasks.o
                0x0800904c                xTaskGenericNotifyFromISR
 .text.xTaskNotifyStateClear
                0x08009174       0x30 build/tasks.o
                0x08009174                xTaskNotifyStateClear
 .text.prvGetNextExpireTime
                0x080091a4       0x20 build/timers.o
 .text.prvInsertTimerInActiveList
                0x080091c4       0x48 build/timers.o
 .text.prvCheckForValidListAndQueue
                0x0800920c       0x70 build/timers.o
 .text.prvInitialiseNewTimer
                0x0800927c       0x4c build/timers.o
 .text.xTimerCreateTimerTask
                0x080092c8       0x64 build/timers.o
                0x080092c8                xTimerCreateTimerTask
 .text.xTimerCreate
                0x0800932c       0x38 build/timers.o
                0x0800932c                xTimerCreate
 .text.xTimerGenericCommand
                0x08009364       0x6c build/timers.o
                0x08009364                xTimerGenericCommand
 .text.prvSwitchTimerLists
                0x080093d0       0x7c build/timers.o
 .text.prvSampleTimeNow
                0x0800944c       0x2c build/timers.o
 .text.prvProcessExpiredTimer
                0x08009478       0x6c build/timers.o
 .text.prvProcessTimerOrBlockTask
                0x080094e4       0x74 build/timers.o
 .text.prvProcessReceivedCommands
                0x08009558      0x10c build/timers.o
 .text.prvTimerTask
                0x08009664       0x16 build/timers.o
 .text.SysTick_Handler
                0x0800967a       0x18 build/cmsis_os2.o
                0x0800967a                SysTick_Handler
 *fill*         0x08009692        0x2 
 .text.osKernelInitialize
                0x08009694       0x24 build/cmsis_os2.o
                0x08009694                osKernelInitialize
 .text.osKernelStart
                0x080096b8       0x38 build/cmsis_os2.o
                0x080096b8                osKernelStart
 .text.osThreadNew
                0x080096f0       0xb4 build/cmsis_os2.o
                0x080096f0                osThreadNew
 .text.osDelay  0x080097a4       0x1c build/cmsis_os2.o
                0x080097a4                osDelay
 .text.vApplicationGetIdleTaskMemory
                0x080097c0       0x18 build/cmsis_os2.o
                0x080097c0                vApplicationGetIdleTaskMemory
 .text.vApplicationGetTimerTaskMemory
                0x080097d8       0x18 build/cmsis_os2.o
                0x080097d8                vApplicationGetTimerTaskMemory
 .text.prvHeapInit
                0x080097f0       0x64 build/heap_4.o
 .text.prvInsertBlockIntoFreeList
                0x08009854       0x64 build/heap_4.o
 .text.pvPortMalloc
                0x080098b8      0x104 build/heap_4.o
                0x080098b8                pvPortMalloc
 .text.vPortFree
                0x080099bc       0x7c build/heap_4.o
                0x080099bc                vPortFree
 .text.prvTaskExitError
                0x08009a38       0x40 build/port.o
 .text.prvPortStartFirstTask
                0x08009a78       0x28 build/port.o
 .text.vPortEnableVFP
                0x08009aa0       0x14 build/port.o
 .text.pxPortInitialiseStack
                0x08009ab4       0x2c build/port.o
                0x08009ab4                pxPortInitialiseStack
 .text.SVC_Handler
                0x08009ae0       0x24 build/port.o
                0x08009ae0                SVC_Handler
 .text.vPortEnterCritical
                0x08009b04       0x44 build/port.o
                0x08009b04                vPortEnterCritical
 .text.vPortExitCritical
                0x08009b48       0x2c build/port.o
                0x08009b48                vPortExitCritical
 *fill*         0x08009b74        0xc 
 .text.PendSV_Handler
                0x08009b80       0x64 build/port.o
                0x08009b80                PendSV_Handler
 .text.xPortSysTickHandler
                0x08009be4       0x2c build/port.o
                0x08009be4                xPortSysTickHandler
 .text.vPortSetupTimerInterrupt
                0x08009c10       0x28 build/port.o
                0x08009c10                vPortSetupTimerInterrupt
 .text.xPortStartScheduler
                0x08009c38      0x118 build/port.o
                0x08009c38                xPortStartScheduler
 .text.vPortValidateInterruptPriority
                0x08009d50       0x5c build/port.o
                0x08009d50                vPortValidateInterruptPriority
 .text.memset   0x08009dac       0x14 build/rlib.o
                0x08009dac                memset
 .text.memcpy   0x08009dc0       0x18 build/rlib.o
                0x08009dc0                memcpy
 .text.strlen   0x08009dd8       0x10 build/rlib.o
                0x08009dd8                strlen
 .text.rbuffer_init
                0x08009de8        0xe build/rbuffer.o
                0x08009de8                rbuffer_init
 .text.rbuffer_skip
                0x08009df6       0x12 build/rbuffer.o
                0x08009df6                rbuffer_skip
 .text.rbuffer_getAvailSpace
                0x08009e08       0x1a build/rbuffer.o
                0x08009e08                rbuffer_getAvailSpace
 .text.rbuffer_write
                0x08009e22       0x36 build/rbuffer.o
                0x08009e22                rbuffer_write
 .text.rbuffer_isEmpty
                0x08009e58       0x12 build/rbuffer.o
                0x08009e58                rbuffer_isEmpty
 .text.rbuffer_getNextBlock
                0x08009e6a       0x46 build/rbuffer.o
                0x08009e6a                rbuffer_getNextBlock
 .text._out_buffer
                0x08009eb0        0x8 build/printf.o
 .text._out_null
                0x08009eb8        0x2 build/printf.o
 .text._atoi    0x08009eba       0x26 build/printf.o
 .text._out_rev
                0x08009ee0       0x7e build/printf.o
 .text._ntoa_format
                0x08009f5e      0x134 build/printf.o
 .text._ntoa_long
                0x0800a092       0x94 build/printf.o
 .text._ntoa_long_long
                0x0800a126       0xc2 build/printf.o
 .text._etoa    0x0800a1e8      0x3f0 build/printf.o
 .text._ftoa    0x0800a5d8      0x380 build/printf.o
 .text._vsnprintf
                0x0800a958      0x6d0 build/printf.o
 .text.snprintf_
                0x0800b028       0x28 build/printf.o
                0x0800b028                snprintf_
 .text.timerMEMsCallback
                0x0800b050       0x1c build/mems.o
                0x0800b050                timerMEMsCallback
 .text.timerPOLLCallback
                0x0800b06c       0x1c build/mems.o
                0x0800b06c                timerPOLLCallback
 .text.imu_correct
                0x0800b088      0x168 build/mems.o
                0x0800b088                imu_correct
 .text.SPI_DMA_Transfer
                0x0800b1f0       0x40 build/mems.o
                0x0800b1f0                SPI_DMA_Transfer
 .text.HAL_SPI_TxRxCpltCallback
                0x0800b230       0x44 build/mems.o
                0x0800b230                HAL_SPI_TxRxCpltCallback
 .text.HAL_SPI_ErrorCallback
                0x0800b274       0x44 build/mems.o
                0x0800b274                HAL_SPI_ErrorCallback
 .text.LSM9DS1_WriteRegister
                0x0800b2b8       0x40 build/mems.o
                0x0800b2b8                LSM9DS1_WriteRegister
 .text.LSM9DS1_ReadRegister
                0x0800b2f8       0x68 build/mems.o
                0x0800b2f8                LSM9DS1_ReadRegister
 .text.LSM9DS1_ReadVec
                0x0800b360       0xcc build/mems.o
                0x0800b360                LSM9DS1_ReadVec
 .text.LSM9DS1_ReadAcc
                0x0800b42c        0xc build/mems.o
                0x0800b42c                LSM9DS1_ReadAcc
 .text.LSM9DS1_ReadGyr
                0x0800b438        0xc build/mems.o
                0x0800b438                LSM9DS1_ReadGyr
 .text.LSM9DS1_ReadMag
                0x0800b444        0xc build/mems.o
                0x0800b444                LSM9DS1_ReadMag
 .text.init_taskMEMs
                0x0800b450       0x78 build/mems.o
                0x0800b450                init_taskMEMs
 .text.LSM9DS1_init
                0x0800b4c8       0xf8 build/mems.o
                0x0800b4c8                LSM9DS1_init
 .text.taskMEMs
                0x0800b5c0      0x524 build/mems.o
                0x0800b5c0                taskMEMs
 .text.svc_internal_UART_EndWriteDMA
                0x0800bae4       0x52 build/service.o
                0x0800bae4                svc_internal_UART_EndWriteDMA
 *fill*         0x0800bb36        0x2 
 .text.svc_internal_UART_Write
                0x0800bb38       0x68 build/service.o
                0x0800bb38                svc_internal_UART_Write
 .text.svc_init_UART
                0x0800bba0       0x54 build/service.o
                0x0800bba0                svc_init_UART
 .text.init_taskService
                0x0800bbf4       0x34 build/service.o
                0x0800bbf4                init_taskService
 .text.taskService
                0x0800bc28       0x58 build/service.o
                0x0800bc28                taskService
 .text.svc_UART_Write
                0x0800bc80       0x7c build/service.o
                0x0800bc80                svc_UART_Write
 .text.svc_UART_getc
                0x0800bcfc       0x24 build/service.o
                0x0800bcfc                svc_UART_getc
 .text.HAL_UART_TxCpltCallback
                0x0800bd20       0x64 build/service.o
                0x0800bd20                HAL_UART_TxCpltCallback
 .text.HAL_UART_RxCpltCallback
                0x0800bd84       0x64 build/service.o
                0x0800bd84                HAL_UART_RxCpltCallback
 .text.taskBlink
                0x0800bde8       0x34 build/apmain.o
                0x0800bde8                taskBlink
 .text.apmain   0x0800be1c       0xc4 build/apmain.o
                0x0800be1c                apmain
 .text.init_taskDialogIn
                0x0800bee0       0x3c build/apdialog.o
                0x0800bee0                init_taskDialogIn
 .text.convert_float
                0x0800bf1c       0xd0 build/apdialog.o
                0x0800bf1c                convert_float
 .text.convert_number
                0x0800bfec       0x50 build/apdialog.o
                0x0800bfec                convert_number
 .text.read_token
                0x0800c03c       0xc0 build/apdialog.o
                0x0800c03c                read_token
 .text.lookup_token
                0x0800c0fc       0xa0 build/apdialog.o
                0x0800c0fc                lookup_token
 .text.parse_command_line
                0x0800c19c      0x534 build/apdialog.o
                0x0800c19c                parse_command_line
 .text.taskDialogIn
                0x0800c6d0        0x8 build/apdialog.o
                0x0800c6d0                taskDialogIn
 .text.MOTOR_MSG_letInClutch
                0x0800c6d8       0x1c build/motor.o
                0x0800c6d8                MOTOR_MSG_letInClutch
 .text.MOTOR_MSG_letOutClutch
                0x0800c6f4       0x1c build/motor.o
                0x0800c6f4                MOTOR_MSG_letOutClutch
 .text.MOTOR_MSG_setHelmAngle
                0x0800c710       0x20 build/motor.o
                0x0800c710                MOTOR_MSG_setHelmAngle
 .text.MOTOR_MSG_moveTime
                0x0800c730       0x20 build/motor.o
                0x0800c730                MOTOR_MSG_moveTime
 .text.MOTOR_MSG_set_cvt_angle_time
                0x0800c750       0x20 build/motor.o
                0x0800c750                MOTOR_MSG_set_cvt_angle_time
 .text.Motor_set_cvt_angle_time
                0x0800c770        0xc build/motor.o
                0x0800c770                Motor_set_cvt_angle_time
 *fill*         0x0800c77c        0x4 
 .text.Motor_newValues
                0x0800c780      0x19c build/motor.o
                0x0800c780                Motor_newValues
 .text.Motor_moveTime
                0x0800c91c       0xb0 build/motor.o
                0x0800c91c                Motor_moveTime
 *fill*         0x0800c9cc        0x4 
 .text.Motor_setHelmAngle
                0x0800c9d0       0xa4 build/motor.o
                0x0800c9d0                Motor_setHelmAngle
 .text.Motor_engageTiller
                0x0800ca74       0x20 build/motor.o
                0x0800ca74                Motor_engageTiller
 .text.Motor_disengageTiller
                0x0800ca94       0x18 build/motor.o
                0x0800ca94                Motor_disengageTiller
 .text.init_taskMotor
                0x0800caac       0x20 build/motor.o
                0x0800caac                init_taskMotor
 *fill*         0x0800cacc        0x4 
 .text.taskMotor
                0x0800cad0      0x258 build/motor.o
                0x0800cad0                taskMotor
 .text.HAL_ADC_ConvCpltCallback
                0x0800cd28       0x50 build/motor.o
                0x0800cd28                HAL_ADC_ConvCpltCallback
 .text.AP_MSG_MotorStalled
                0x0800cd78       0x34 build/autopilot.o
                0x0800cd78                AP_MSG_MotorStalled
 .text.AP_init  0x0800cdac       0x38 build/autopilot.o
                0x0800cdac                AP_init
 .text.init_taskAutoPilot
                0x0800cde4       0x2c build/autopilot.o
                0x0800cde4                init_taskAutoPilot
 .text.AP_set_mode_idle
                0x0800ce10       0x14 build/autopilot.o
                0x0800ce10                AP_set_mode_idle
 .text.AP_set_mode_heading
                0x0800ce24       0x20 build/autopilot.o
                0x0800ce24                AP_set_mode_heading
 .text.AP_turn  0x0800ce44       0x38 build/autopilot.o
                0x0800ce44                AP_turn
 .text.AP_get_engaged
                0x0800ce7c        0x4 build/autopilot.o
                0x0800ce7c                AP_get_engaged
 .text.AP_get_heading_dir
                0x0800ce80        0x6 build/autopilot.o
                0x0800ce80                AP_get_heading_dir
 *fill*         0x0800ce86        0x2 
 .text.AP_new_values
                0x0800ce88       0xcc build/autopilot.o
                0x0800ce88                AP_new_values
 *fill*         0x0800cf54        0x4 
 .text.taskAutoPilot
                0x0800cf58      0x38c build/autopilot.o
                0x0800cf58                taskAutoPilot
 .text.IMU_init_status
                0x0800d2e4       0x58 build/imu.o
                0x0800d2e4                IMU_init_status
 .text.IMU_get_roll
                0x0800d33c        0x6 build/imu.o
                0x0800d33c                IMU_get_roll
 .text.IMU_get_pitch
                0x0800d342        0x6 build/imu.o
                0x0800d342                IMU_get_pitch
 .text.IMU_get_heading
                0x0800d348        0x6 build/imu.o
                0x0800d348                IMU_get_heading
 .text.IMU_get_yawRate
                0x0800d34e        0x6 build/imu.o
                0x0800d34e                IMU_get_yawRate
 .text.IMU_getQuaternion
                0x0800d354       0x22 build/imu.o
                0x0800d354                IMU_getQuaternion
 .text.IMU_set_mag_vs_gyr_prop
                0x0800d376        0x8 build/imu.o
                0x0800d376                IMU_set_mag_vs_gyr_prop
 *fill*         0x0800d37e        0x2 
 .text.IMU_new_values
                0x0800d380      0x228 build/imu.o
                0x0800d380                IMU_new_values
 .text.vector3f_add
                0x0800d5a8       0x4e build/geom.o
                0x0800d5a8                vector3f_add
 .text.vector3f_getCrossProduct
                0x0800d5f6       0x66 build/geom.o
                0x0800d5f6                vector3f_getCrossProduct
 .text.vector3f_getScaled
                0x0800d65c       0x42 build/geom.o
                0x0800d65c                vector3f_getScaled
 .text.vector3f_getNorm
                0x0800d69e       0x2e build/geom.o
                0x0800d69e                vector3f_getNorm
 .text.vector3f_getNormalized
                0x0800d6cc       0x6a build/geom.o
                0x0800d6cc                vector3f_getNormalized
 *fill*         0x0800d736        0x2 
 .text.cvt_dir_rad_deg
                0x0800d738       0x68 build/geom.o
                0x0800d738                cvt_dir_rad_deg
 .text.madgwick_get_Euler_angles
                0x0800d7a0       0x20 build/madgwick.o
                0x0800d7a0                madgwick_get_Euler_angles
 .text.madgwick_update
                0x0800d7c0      0x6e4 build/madgwick.o
                0x0800d7c0                madgwick_update
 .text.Reset_Handler
                0x0800dea4       0x50 build/startup_stm32l452xx.o
                0x0800dea4                Reset_Handler
 .text.Default_Handler
                0x0800def4        0x2 build/startup_stm32l452xx.o
                0x0800def4                RTC_Alarm_IRQHandler
                0x0800def4                TIM1_CC_IRQHandler
                0x0800def4                TSC_IRQHandler
                0x0800def4                TAMP_STAMP_IRQHandler
                0x0800def4                EXTI3_IRQHandler
                0x0800def4                LPTIM2_IRQHandler
                0x0800def4                DFSDM1_FLT1_IRQHandler
                0x0800def4                I2C3_ER_IRQHandler
                0x0800def4                I2C2_EV_IRQHandler
                0x0800def4                CAN1_RX0_IRQHandler
                0x0800def4                FPU_IRQHandler
                0x0800def4                TIM1_UP_TIM16_IRQHandler
                0x0800def4                SPI1_IRQHandler
                0x0800def4                TIM6_DAC_IRQHandler
                0x0800def4                DMA2_Channel2_IRQHandler
                0x0800def4                USART3_IRQHandler
                0x0800def4                CAN1_RX1_IRQHandler
                0x0800def4                DMA2_Channel1_IRQHandler
                0x0800def4                QUADSPI_IRQHandler
                0x0800def4                I2C1_EV_IRQHandler
                0x0800def4                UART4_IRQHandler
                0x0800def4                DMA2_Channel4_IRQHandler
                0x0800def4                TIM3_IRQHandler
                0x0800def4                RCC_IRQHandler
                0x0800def4                TIM1_TRG_COM_IRQHandler
                0x0800def4                Default_Handler
                0x0800def4                EXTI15_10_IRQHandler
                0x0800def4                SDMMC1_IRQHandler
                0x0800def4                I2C3_EV_IRQHandler
                0x0800def4                USB_IRQHandler
                0x0800def4                EXTI9_5_IRQHandler
                0x0800def4                RTC_WKUP_IRQHandler
                0x0800def4                PVD_PVM_IRQHandler
                0x0800def4                CAN1_TX_IRQHandler
                0x0800def4                DMA2_Channel5_IRQHandler
                0x0800def4                CRS_IRQHandler
                0x0800def4                EXTI4_IRQHandler
                0x0800def4                RNG_IRQHandler
                0x0800def4                DMA1_Channel3_IRQHandler
                0x0800def4                COMP_IRQHandler
                0x0800def4                WWDG_IRQHandler
                0x0800def4                I2C4_EV_IRQHandler
                0x0800def4                LPUART1_IRQHandler
                0x0800def4                DFSDM1_FLT0_IRQHandler
                0x0800def4                I2C2_ER_IRQHandler
                0x0800def4                DMA1_Channel2_IRQHandler
                0x0800def4                CAN1_SCE_IRQHandler
                0x0800def4                FLASH_IRQHandler
                0x0800def4                SPI3_IRQHandler
                0x0800def4                I2C1_ER_IRQHandler
                0x0800def4                LPTIM1_IRQHandler
                0x0800def4                I2C4_ER_IRQHandler
                0x0800def4                SAI1_IRQHandler
                0x0800def4                DMA2_Channel3_IRQHandler
                0x0800def4                TIM1_BRK_TIM15_IRQHandler
 *(.glue_7)
 .glue_7        0x0800def6        0x0 linker stubs
 *(.glue_7t)
 .glue_7t       0x0800def6        0x0 linker stubs
 *(.eh_frame)
 *fill*         0x0800def6        0x2 
 .eh_frame      0x0800def8        0x0 /usr/lib/gcc/arm-none-eabi/14.2.1/thumb/v7e-m+fp/hard/crtbegin.o
 *(.init)
 .init          0x0800def8        0x4 /usr/lib/gcc/arm-none-eabi/14.2.1/thumb/v7e-m+fp/hard/crti.o
                0x0800def8                _init
 .init          0x0800defc        0x8 /usr/lib/gcc/arm-none-eabi/14.2.1/thumb/v7e-m+fp/hard/crtn.o
 *(.fini)
 .fini          0x0800df04        0x4 /usr/lib/gcc/arm-none-eabi/14.2.1/thumb/v7e-m+fp/hard/crti.o
                0x0800df04                _fini
 .fini          0x0800df08        0x8 /usr/lib/gcc/arm-none-eabi/14.2.1/thumb/v7e-m+fp/hard/crtn.o
 .fini.__stub   0x0800df10        0x8 linker stubs
                0x0800df18                        . = ALIGN (0x8)
                0x0800df18                        _etext = .

.vfp11_veneer   0x0800df18        0x0
 .vfp11_veneer  0x0800df18        0x0 linker stubs

.v4_bx          0x0800df18        0x0
 .v4_bx         0x0800df18        0x0 linker stubs

.iplt           0x0800df18        0x0
 .iplt          0x0800df18        0x0 /usr/lib/gcc/arm-none-eabi/14.2.1/thumb/v7e-m+fp/hard/crtbegin.o

.rodata         0x0800df18      0xb28
                0x0800df18                        . = ALIGN (0x8)
 *(.rodata)
 .rodata        0x0800df18       0x20 /usr/lib/gcc/arm-none-eabi/14.2.1/../../../arm-none-eabi/lib/thumb/v7e-m+fp/hard/libm.a(libm_a-sf_atan.o)
 .rodata        0x0800df38        0x8 /usr/lib/gcc/arm-none-eabi/14.2.1/../../../arm-none-eabi/lib/thumb/v7e-m+fp/hard/libm.a(libm_a-ef_fmod.o)
 .rodata        0x0800df40       0x10 /usr/lib/gcc/arm-none-eabi/14.2.1/../../../arm-none-eabi/lib/thumb/v7e-m+fp/hard/libm.a(libm_a-e_sqrt.o)
 .rodata        0x0800df50       0x18 /usr/lib/gcc/arm-none-eabi/14.2.1/../../../arm-none-eabi/lib/thumb/v7e-m+fp/hard/libm.a(libm_a-ef_atan2.o)
 .rodata        0x0800df68      0x398 /usr/lib/gcc/arm-none-eabi/14.2.1/../../../arm-none-eabi/lib/thumb/v7e-m+fp/hard/libm.a(libm_a-ef_rem_pio2.o)
 .rodata        0x0800e300       0x38 /usr/lib/gcc/arm-none-eabi/14.2.1/../../../arm-none-eabi/lib/thumb/v7e-m+fp/hard/libm.a(libm_a-kf_rem_pio2.o)
 *(.rodata*)
 .rodata.str1.4
                0x0800e338      0x59c build/main.o
                                  0xc (size before relaxing)
 .rodata.defaultTask_attributes
                0x0800e8d4       0x24 build/main.o
                0x0800e8d4                defaultTask_attributes
 .rodata.MSIRangeTable
                0x0800e8f8       0x30 build/system_stm32l4xx.o
                0x0800e8f8                MSIRangeTable
 .rodata.APBPrescTable
                0x0800e928        0x8 build/system_stm32l4xx.o
                0x0800e928                APBPrescTable
 .rodata.AHBPrescTable
                0x0800e930       0x10 build/system_stm32l4xx.o
                0x0800e930                AHBPrescTable
 .rodata.vTaskStartScheduler.str1.4
                0x0800e940        0x5 build/tasks.o
 .rodata.prvCheckForValidListAndQueue.str1.4
                0x0800e940        0x5 build/timers.o
 .rodata.xTimerCreateTimerTask.str1.4
                0x0800e940        0x8 build/timers.o
 .rodata._ftoa.str1.4
                0x0800e940       0x15 build/printf.o
 .rodata.pow10.0
                0x0800e940       0x50 build/printf.o
 .rodata.init_taskMEMs.str1.4
                0x0800e990        0x5 build/mems.o
 .rodata.taskMEMs.str1.4
                0x0800e990       0x47 build/mems.o
 .rodata.apmain.str1.4
                0x0800e990       0x2e build/apmain.o
 .rodata.parse_command_line.str1.4
                0x0800e990      0x1e6 build/apdialog.o
 .rodata.str1.4
                0x0800e990       0xd3 build/apdialog.o
 .rodata.tokenTable
                0x0800e990       0xb0 build/apdialog.o
 .rodata.taskMotor.str1.4
                0x0800ea40       0xbe build/motor.o
 .rodata.AP_new_values.str1.4
                0x0800ea40       0x1b build/autopilot.o
 .rodata.taskAutoPilot.str1.4
                0x0800ea40      0x120 build/autopilot.o
 .rodata.IMU_new_values.str1.4
                0x0800ea40       0x30 build/imu.o
 .rodata.str1.4
                0x0800ea40        0x1 /usr/lib/gcc/arm-none-eabi/14.2.1/../../../arm-none-eabi/lib/thumb/v7e-m+fp/hard/libm.a(libm_a-wf_acos.o)
 .rodata.str1.4
                0x0800ea40        0x1 /usr/lib/gcc/arm-none-eabi/14.2.1/../../../arm-none-eabi/lib/thumb/v7e-m+fp/hard/libm.a(libm_a-wf_asin.o)
                0x0800eb78                        . = ALIGN (0x8)

.ARM.extab      0x0800ea40        0x0
                0x0800ea40                        . = ALIGN (0x8)
 *(.ARM.extab* .gnu.linkonce.armextab.*)
                0x0800ea40                        . = ALIGN (0x8)

.ARM            0x0800ea40        0x8
                0x0800ea40                        . = ALIGN (0x8)
                0x0800ea40                        __exidx_start = .
 *(.ARM.exidx*)
 .ARM.exidx     0x0800ea40        0x8 /usr/lib/gcc/arm-none-eabi/14.2.1/thumb/v7e-m+fp/hard/libgcc.a(_udivmoddi4.o)
                0x0800ea48                        __exidx_end = .
                0x0800ea48                        . = ALIGN (0x8)

.preinit_array  0x0800ea48        0x0
                0x0800ea48                        . = ALIGN (0x8)
                0x0800ea48                        PROVIDE (__preinit_array_start = .)
 *(.preinit_array*)
                0x0800ea48                        PROVIDE (__preinit_array_end = .)
                0x0800ea48                        . = ALIGN (0x8)

.init_array     0x0800ea48        0x8
                0x0800ea48                        . = ALIGN (0x8)
                0x0800ea48                        PROVIDE (__init_array_start = .)
 *(SORT_BY_NAME(.init_array.*))
 *(.init_array*)
 .init_array    0x0800ea48        0x4 /usr/lib/gcc/arm-none-eabi/14.2.1/thumb/v7e-m+fp/hard/crtbegin.o
                0x0800ea4c                        PROVIDE (__init_array_end = .)
                0x0800ea50                        . = ALIGN (0x8)
 *fill*         0x0800ea4c        0x4 

.fini_array     0x0800ea50        0x8
                0x0800ea50                        . = ALIGN (0x8)
                0x0800ea50                        PROVIDE (__fini_array_start = .)
 *(SORT_BY_NAME(.fini_array.*))
 *(.fini_array*)
 .fini_array    0x0800ea50        0x4 /usr/lib/gcc/arm-none-eabi/14.2.1/thumb/v7e-m+fp/hard/crtbegin.o
                0x0800ea54                        PROVIDE (__fini_array_end = .)
                0x0800ea58                        . = ALIGN (0x8)
 *fill*         0x0800ea54        0x4 
                0x0800ea58                        _sidata = LOADADDR (.data)

.rel.dyn        0x0800ea58        0x0
 .rel.iplt      0x0800ea58        0x0 /usr/lib/gcc/arm-none-eabi/14.2.1/thumb/v7e-m+fp/hard/crtbegin.o

.data           0x20000000      0x620 load address 0x0800ea58
                0x20000000                        . = ALIGN (0x8)
                0x20000000                        _sdata = .
 *(.data)
 *(.data*)
 .data.uwTickFreq
                0x20000000        0x1 build/stm32l4xx_hal.o
                0x20000000                uwTickFreq
 *fill*         0x20000001        0x3 
 .data.uwTickPrio
                0x20000004        0x4 build/stm32l4xx_hal.o
                0x20000004                uwTickPrio
 .data.SystemCoreClock
                0x20000008        0x4 build/system_stm32l4xx.o
                0x20000008                SystemCoreClock
 .data.uxCriticalNesting
                0x2000000c        0x4 build/port.o
 .data._ctypes  0x20000010      0x100 build/rlib.o
                0x20000010                _ctypes
 .data.command.0
                0x20000110        0x8 build/mems.o
 .data.command.1
                0x20000118        0x8 build/mems.o
 .data.request.0
                0x20000120       0x14 build/service.o
 .data.fcts     0x20000134        0x8 build/service.o
                0x20000134                fcts
 .data.svc_uart2
                0x2000013c      0x220 build/service.o
                0x2000013c                svc_uart2
 .data.svc_uart1
                0x2000035c      0x220 build/service.o
                0x2000035c                svc_uart1
 .data.msg.0    0x2000057c        0x8 build/motor.o
 .data.msg.1    0x20000584        0x8 build/motor.o
 .data.msg.2    0x2000058c        0x8 build/motor.o
 .data.msg.3    0x20000594        0x8 build/motor.o
 .data.msg.4    0x2000059c        0x8 build/motor.o
 .data.motorData
                0x200005a4       0x48 build/motor.o
                0x200005a4                motorData
 .data.msgMEMs.1
                0x200005ec        0x8 build/autopilot.o
 .data.unitmzf  0x200005f4        0xc build/geom.o
                0x200005f4                unitmzf
 .data.unitzf   0x20000600        0xc build/geom.o
                0x20000600                unitzf
 .data.b_x      0x2000060c        0x4 build/madgwick.o
                0x2000060c                b_x
 .data.SEq_4    0x20000610        0x4 build/madgwick.o
                0x20000610                SEq_4
 .data.SEq_1    0x20000614        0x4 build/madgwick.o
                0x20000614                SEq_1
 .data.zeta     0x20000618        0x4 build/madgwick.o
 .data.beta     0x2000061c        0x4 build/madgwick.o
 *(.RamFunc)
 *(.RamFunc*)
                0x20000620                        . = ALIGN (0x8)
                0x20000620                        _edata = .

.tm_clone_table
                0x20000620        0x0 load address 0x0800f078
 .tm_clone_table
                0x20000620        0x0 /usr/lib/gcc/arm-none-eabi/14.2.1/thumb/v7e-m+fp/hard/crtbegin.o
 .tm_clone_table
                0x20000620        0x0 /usr/lib/gcc/arm-none-eabi/14.2.1/thumb/v7e-m+fp/hard/crtend.o

.igot.plt       0x20000620        0x0 load address 0x0800f078
 .igot.plt      0x20000620        0x0 /usr/lib/gcc/arm-none-eabi/14.2.1/thumb/v7e-m+fp/hard/crtbegin.o
                0x20000620                        . = ALIGN (0x4)

.bss            0x20000620    0x125bc load address 0x0800f078
                0x20000620                        _sbss = .
                0x20000620                        __bss_start__ = _sbss
 *(.bss)
 .bss           0x20000620       0x1c /usr/lib/gcc/arm-none-eabi/14.2.1/thumb/v7e-m+fp/hard/crtbegin.o
 *(.bss*)
 .bss.defaultTaskHandle
                0x2000063c        0x4 build/main.o
                0x2000063c                defaultTaskHandle
 .bss.hdma_usart2_tx
                0x20000640       0x48 build/main.o
                0x20000640                hdma_usart2_tx
 .bss.hdma_usart2_rx
                0x20000688       0x48 build/main.o
                0x20000688                hdma_usart2_rx
 .bss.hdma_usart1_tx
                0x200006d0       0x48 build/main.o
                0x200006d0                hdma_usart1_tx
 .bss.hdma_usart1_rx
                0x20000718       0x48 build/main.o
                0x20000718                hdma_usart1_rx
 .bss.huart3    0x20000760       0x88 build/main.o
                0x20000760                huart3
 .bss.huart2    0x200007e8       0x88 build/main.o
                0x200007e8                huart2
 .bss.huart1    0x20000870       0x88 build/main.o
                0x20000870                huart1
 .bss.huart4    0x200008f8       0x88 build/main.o
                0x200008f8                huart4
 .bss.htim3     0x20000980       0x4c build/main.o
                0x20000980                htim3
 .bss.hdma_spi2_tx
                0x200009cc       0x48 build/main.o
                0x200009cc                hdma_spi2_tx
 .bss.hdma_spi2_rx
                0x20000a14       0x48 build/main.o
                0x20000a14                hdma_spi2_rx
 .bss.hspi2     0x20000a5c       0x64 build/main.o
                0x20000a5c                hspi2
 .bss.hdma_adc1
                0x20000ac0       0x48 build/main.o
                0x20000ac0                hdma_adc1
 .bss.hadc1     0x20000b08       0x68 build/main.o
                0x20000b08                hadc1
 .bss.htim2     0x20000b70       0x4c build/stm32l4xx_hal_timebase_tim.o
                0x20000b70                htim2
 .bss.uwTick    0x20000bbc        0x4 build/stm32l4xx_hal.o
                0x20000bbc                uwTick
 .bss.xQueueRegistry
                0x20000bc0       0x40 build/queue.o
                0x20000bc0                xQueueRegistry
 .bss.uxSchedulerSuspended
                0x20000c00        0x4 build/tasks.o
 .bss.xIdleTaskHandle
                0x20000c04        0x4 build/tasks.o
 .bss.xNextTaskUnblockTime
                0x20000c08        0x4 build/tasks.o
 .bss.uxTaskNumber
                0x20000c0c        0x4 build/tasks.o
 .bss.xNumOfOverflows
                0x20000c10        0x4 build/tasks.o
 .bss.xYieldPending
                0x20000c14        0x4 build/tasks.o
 .bss.xPendedTicks
                0x20000c18        0x4 build/tasks.o
 .bss.xSchedulerRunning
                0x20000c1c        0x4 build/tasks.o
 .bss.uxTopReadyPriority
                0x20000c20        0x4 build/tasks.o
 .bss.xTickCount
                0x20000c24        0x4 build/tasks.o
 .bss.uxCurrentNumberOfTasks
                0x20000c28        0x4 build/tasks.o
 .bss.xSuspendedTaskList
                0x20000c2c       0x14 build/tasks.o
 .bss.uxDeletedTasksWaitingCleanUp
                0x20000c40        0x4 build/tasks.o
 .bss.xTasksWaitingTermination
                0x20000c44       0x14 build/tasks.o
 .bss.xPendingReadyList
                0x20000c58       0x14 build/tasks.o
 .bss.pxOverflowDelayedTaskList
                0x20000c6c        0x4 build/tasks.o
 .bss.pxDelayedTaskList
                0x20000c70        0x4 build/tasks.o
 .bss.xDelayedTaskList2
                0x20000c74       0x14 build/tasks.o
 .bss.xDelayedTaskList1
                0x20000c88       0x14 build/tasks.o
 .bss.pxReadyTasksLists
                0x20000c9c      0x460 build/tasks.o
 .bss.pxCurrentTCB
                0x200010fc        0x4 build/tasks.o
                0x200010fc                pxCurrentTCB
 .bss.xStaticTimerQueue.0
                0x20001100       0x50 build/timers.o
 .bss.ucStaticTimerQueueStorage.1
                0x20001150       0xa0 build/timers.o
 .bss.xLastTime.2
                0x200011f0        0x4 build/timers.o
 .bss.xTimerTaskHandle
                0x200011f4        0x4 build/timers.o
 .bss.xTimerQueue
                0x200011f8        0x4 build/timers.o
 .bss.pxOverflowTimerList
                0x200011fc        0x4 build/timers.o
 .bss.pxCurrentTimerList
                0x20001200        0x4 build/timers.o
 .bss.xActiveTimerList2
                0x20001204       0x14 build/timers.o
 .bss.xActiveTimerList1
                0x20001218       0x14 build/timers.o
 .bss.Timer_Stack.0
                0x2000122c      0x400 build/cmsis_os2.o
 .bss.Timer_TCB.1
                0x2000162c       0x5c build/cmsis_os2.o
 .bss.Idle_Stack.2
                0x20001688      0x200 build/cmsis_os2.o
 .bss.Idle_TCB.3
                0x20001888       0x5c build/cmsis_os2.o
 .bss.KernelState
                0x200018e4        0x4 build/cmsis_os2.o
 .bss.xBlockAllocatedBit
                0x200018e8        0x4 build/heap_4.o
 .bss.xNumberOfSuccessfulFrees
                0x200018ec        0x4 build/heap_4.o
 .bss.xNumberOfSuccessfulAllocations
                0x200018f0        0x4 build/heap_4.o
 .bss.xMinimumEverFreeBytesRemaining
                0x200018f4        0x4 build/heap_4.o
 .bss.xFreeBytesRemaining
                0x200018f8        0x4 build/heap_4.o
 .bss.pxEnd     0x200018fc        0x4 build/heap_4.o
 .bss.xStart    0x20001900        0x8 build/heap_4.o
 .bss.ucHeap    0x20001908    0x10000 build/heap_4.o
 .bss.ulMaxPRIGROUPValue
                0x20011908        0x4 build/port.o
 .bss.ucMaxSysCallPriority
                0x2001190c        0x1 build/port.o
 *fill*         0x2001190d        0x3 
 .bss.semspi2   0x20011910        0x4 build/mems.o
                0x20011910                semspi2
 .bss.timerPoll
                0x20011914        0x4 build/mems.o
 .bss.timerMEMs
                0x20011918        0x4 build/mems.o
 .bss.msgQueueMEMs
                0x2001191c        0x4 build/mems.o
                0x2001191c                msgQueueMEMs
 .bss.trop.1    0x20011920        0x4 build/service.o
 .bss.dejaoccupe.2
                0x20011924        0x4 build/service.o
 .bss.relance.3
                0x20011928        0x4 build/service.o
 .bss.svcQueueRequests
                0x2001192c        0x4 build/service.o
                0x2001192c                svcQueueRequests
 .bss.message.0
                0x20011930       0x64 build/apdialog.o
 .bss.msgQueueDialogOut
                0x20011994        0x4 build/apdialog.o
                0x20011994                msgQueueDialogOut
 .bss.msgQueueDialogIn
                0x20011998        0x4 build/apdialog.o
                0x20011998                msgQueueDialogIn
 .bss.adc_values
                0x2001199c        0x4 build/motor.o
 .bss.msgQueueMotor
                0x200119a0        0x4 build/motor.o
                0x200119a0                msgQueueMotor
 .bss.message.0
                0x200119a4       0x78 build/autopilot.o
 .bss.message.2
                0x20011a1c       0xc8 build/autopilot.o
 .bss.msgQueueAutoPilot
                0x20011ae4        0x4 build/autopilot.o
                0x20011ae4                msgQueueAutoPilot
 .bss.APStatus  0x20011ae8     0x105c build/autopilot.o
                0x20011ae8                APStatus
 .bss.message.0
                0x20012b44       0x64 build/imu.o
 .bss.Vector3f_null
                0x20012ba8        0xc build/geom.o
                0x20012ba8                Vector3f_null
 .bss.__errno   0x20012bb4        0x4 build/geom.o
                0x20012bb4                __errno
 .bss.yaw       0x20012bb8        0x4 build/madgwick.o
 .bss.pitch     0x20012bbc        0x4 build/madgwick.o
 .bss.roll      0x20012bc0        0x4 build/madgwick.o
 .bss.w_bz      0x20012bc4        0x4 build/madgwick.o
                0x20012bc4                w_bz
 .bss.w_by      0x20012bc8        0x4 build/madgwick.o
                0x20012bc8                w_by
 .bss.w_bx      0x20012bcc        0x4 build/madgwick.o
                0x20012bcc                w_bx
 .bss.b_z       0x20012bd0        0x4 build/madgwick.o
                0x20012bd0                b_z
 .bss.SEq_3     0x20012bd4        0x4 build/madgwick.o
                0x20012bd4                SEq_3
 .bss.SEq_2     0x20012bd8        0x4 build/madgwick.o
                0x20012bd8                SEq_2
 *(COMMON)
                0x20012bdc                        . = ALIGN (0x4)
                0x20012bdc                        _ebss = .
                0x20012bdc                        __bss_end__ = _ebss

._user_heap_stack
                0x20012bdc      0x604 load address 0x0800f078
                0x20012be0                        . = ALIGN (0x8)
 *fill*         0x20012bdc        0x4 
                [!provide]                        PROVIDE (end = .)
                0x20012be0                        PROVIDE (_end = .)
                0x20012de0                        . = (. + _Min_Heap_Size)
 *fill*         0x20012be0      0x200 
                0x200131e0                        . = (. + _Min_Stack_Size)
 *fill*         0x20012de0      0x400 
                0x200131e0                        . = ALIGN (0x8)

/DISCARD/
 libc.a(*)
 libm.a(*)
 libgcc.a(*)
OUTPUT(build/NauteffAutoPilot.elf elf32-littlearm)
LOAD linker stubs
LOAD /usr/lib/gcc/arm-none-eabi/14.2.1/../../../arm-none-eabi/lib/thumb/v7e-m+fp/hard/libc.a
LOAD /usr/lib/gcc/arm-none-eabi/14.2.1/../../../arm-none-eabi/lib/thumb/v7e-m+fp/hard/libm.a
LOAD /usr/lib/gcc/arm-none-eabi/14.2.1/thumb/v7e-m+fp/hard/libgcc.a

.ARM.attributes
                0x00000000       0x30
 .ARM.attributes
                0x00000000       0x22 /usr/lib/gcc/arm-none-eabi/14.2.1/thumb/v7e-m+fp/hard/crti.o
 .ARM.attributes
                0x00000022       0x34 /usr/lib/gcc/arm-none-eabi/14.2.1/thumb/v7e-m+fp/hard/crtbegin.o
 .ARM.attributes
                0x00000056       0x34 build/main.o
 .ARM.attributes
                0x0000008a       0x34 build/stm32l4xx_it.o
 .ARM.attributes
                0x000000be       0x34 build/stm32l4xx_hal_msp.o
 .ARM.attributes
                0x000000f2       0x34 build/stm32l4xx_hal_timebase_tim.o
 .ARM.attributes
                0x00000126       0x34 build/stm32l4xx_ll_exti.o
 .ARM.attributes
                0x0000015a       0x34 build/stm32l4xx_hal_tim.o
 .ARM.attributes
                0x0000018e       0x34 build/stm32l4xx_hal_tim_ex.o
 .ARM.attributes
                0x000001c2       0x34 build/stm32l4xx_ll_gpio.o
 .ARM.attributes
                0x000001f6       0x34 build/stm32l4xx_hal_adc.o
 .ARM.attributes
                0x0000022a       0x34 build/stm32l4xx_hal_adc_ex.o
 .ARM.attributes
                0x0000025e       0x34 build/stm32l4xx_hal.o
 .ARM.attributes
                0x00000292       0x34 build/stm32l4xx_hal_rcc.o
 .ARM.attributes
                0x000002c6       0x34 build/stm32l4xx_hal_rcc_ex.o
 .ARM.attributes
                0x000002fa       0x34 build/stm32l4xx_hal_gpio.o
 .ARM.attributes
                0x0000032e       0x34 build/stm32l4xx_hal_dma.o
 .ARM.attributes
                0x00000362       0x34 build/stm32l4xx_hal_pwr_ex.o
 .ARM.attributes
                0x00000396       0x34 build/stm32l4xx_hal_cortex.o
 .ARM.attributes
                0x000003ca       0x34 build/stm32l4xx_hal_spi.o
 .ARM.attributes
                0x000003fe       0x34 build/stm32l4xx_hal_uart.o
 .ARM.attributes
                0x00000432       0x34 build/stm32l4xx_hal_uart_ex.o
 .ARM.attributes
                0x00000466       0x34 build/system_stm32l4xx.o
 .ARM.attributes
                0x0000049a       0x34 build/list.o
 .ARM.attributes
                0x000004ce       0x34 build/queue.o
 .ARM.attributes
                0x00000502       0x34 build/stream_buffer.o
 .ARM.attributes
                0x00000536       0x34 build/tasks.o
 .ARM.attributes
                0x0000056a       0x34 build/timers.o
 .ARM.attributes
                0x0000059e       0x34 build/cmsis_os2.o
 .ARM.attributes
                0x000005d2       0x34 build/heap_4.o
 .ARM.attributes
                0x00000606       0x34 build/port.o
 .ARM.attributes
                0x0000063a       0x34 build/rlib.o
 .ARM.attributes
                0x0000066e       0x34 build/rbuffer.o
 .ARM.attributes
                0x000006a2       0x34 build/printf.o
 .ARM.attributes
                0x000006d6       0x34 build/mems.o
 .ARM.attributes
                0x0000070a       0x34 build/service.o
 .ARM.attributes
                0x0000073e       0x34 build/apmain.o
 .ARM.attributes
                0x00000772       0x34 build/apdialog.o
 .ARM.attributes
                0x000007a6       0x34 build/motor.o
 .ARM.attributes
                0x000007da       0x34 build/autopilot.o
 .ARM.attributes
                0x0000080e       0x34 build/imu.o
 .ARM.attributes
                0x00000842       0x34 build/geom.o
 .ARM.attributes
                0x00000876       0x34 build/madgwick.o
 .ARM.attributes
                0x000008aa       0x21 build/startup_stm32l452xx.o
 .ARM.attributes
                0x000008cb       0x34 /usr/lib/gcc/arm-none-eabi/14.2.1/../../../arm-none-eabi/lib/thumb/v7e-m+fp/hard/libc_nano.a(libc_a-init.o)
 .ARM.attributes
                0x000008ff       0x34 /usr/lib/gcc/arm-none-eabi/14.2.1/../../../arm-none-eabi/lib/thumb/v7e-m+fp/hard/libm.a(libm_a-sf_atan.o)
 .ARM.attributes
                0x00000933       0x34 /usr/lib/gcc/arm-none-eabi/14.2.1/../../../arm-none-eabi/lib/thumb/v7e-m+fp/hard/libm.a(libm_a-wf_fmod.o)
 .ARM.attributes
                0x00000967       0x34 /usr/lib/gcc/arm-none-eabi/14.2.1/../../../arm-none-eabi/lib/thumb/v7e-m+fp/hard/libm.a(libm_a-sf_fabs.o)
 .ARM.attributes
                0x0000099b       0x34 /usr/lib/gcc/arm-none-eabi/14.2.1/../../../arm-none-eabi/lib/thumb/v7e-m+fp/hard/libm.a(libm_a-wf_acos.o)
 .ARM.attributes
                0x000009cf       0x34 /usr/lib/gcc/arm-none-eabi/14.2.1/../../../arm-none-eabi/lib/thumb/v7e-m+fp/hard/libm.a(libm_a-ef_fmod.o)
 .ARM.attributes
                0x00000a03       0x34 /usr/lib/gcc/arm-none-eabi/14.2.1/../../../arm-none-eabi/lib/thumb/v7e-m+fp/hard/libm.a(libm_a-sf_cos.o)
 .ARM.attributes
                0x00000a37       0x34 /usr/lib/gcc/arm-none-eabi/14.2.1/../../../arm-none-eabi/lib/thumb/v7e-m+fp/hard/libm.a(libm_a-ef_acos.o)
 .ARM.attributes
                0x00000a6b       0x34 /usr/lib/gcc/arm-none-eabi/14.2.1/../../../arm-none-eabi/lib/thumb/v7e-m+fp/hard/libm.a(libm_a-wf_sqrt.o)
 .ARM.attributes
                0x00000a9f       0x34 /usr/lib/gcc/arm-none-eabi/14.2.1/../../../arm-none-eabi/lib/thumb/v7e-m+fp/hard/libm.a(libm_a-w_sqrt.o)
 .ARM.attributes
                0x00000ad3       0x34 /usr/lib/gcc/arm-none-eabi/14.2.1/../../../arm-none-eabi/lib/thumb/v7e-m+fp/hard/libm.a(libm_a-wf_atan2.o)
 .ARM.attributes
                0x00000b07       0x34 /usr/lib/gcc/arm-none-eabi/14.2.1/../../../arm-none-eabi/lib/thumb/v7e-m+fp/hard/libm.a(libm_a-e_sqrt.o)
 .ARM.attributes
                0x00000b3b       0x34 /usr/lib/gcc/arm-none-eabi/14.2.1/../../../arm-none-eabi/lib/thumb/v7e-m+fp/hard/libm.a(libm_a-sf_nan.o)
 .ARM.attributes
                0x00000b6f       0x34 /usr/lib/gcc/arm-none-eabi/14.2.1/../../../arm-none-eabi/lib/thumb/v7e-m+fp/hard/libm.a(libm_a-kf_cos.o)
 .ARM.attributes
                0x00000ba3       0x34 /usr/lib/gcc/arm-none-eabi/14.2.1/../../../arm-none-eabi/lib/thumb/v7e-m+fp/hard/libm.a(libm_a-sf_sin.o)
 .ARM.attributes
                0x00000bd7       0x34 /usr/lib/gcc/arm-none-eabi/14.2.1/../../../arm-none-eabi/lib/thumb/v7e-m+fp/hard/libm.a(libm_a-wf_asin.o)
 .ARM.attributes
                0x00000c0b       0x34 /usr/lib/gcc/arm-none-eabi/14.2.1/../../../arm-none-eabi/lib/thumb/v7e-m+fp/hard/libm.a(libm_a-ef_asin.o)
 .ARM.attributes
                0x00000c3f       0x34 /usr/lib/gcc/arm-none-eabi/14.2.1/../../../arm-none-eabi/lib/thumb/v7e-m+fp/hard/libm.a(libm_a-ef_atan2.o)
 .ARM.attributes
                0x00000c73       0x34 /usr/lib/gcc/arm-none-eabi/14.2.1/../../../arm-none-eabi/lib/thumb/v7e-m+fp/hard/libm.a(libm_a-kf_sin.o)
 .ARM.attributes
                0x00000ca7       0x34 /usr/lib/gcc/arm-none-eabi/14.2.1/../../../arm-none-eabi/lib/thumb/v7e-m+fp/hard/libm.a(libm_a-ef_rem_pio2.o)
 .ARM.attributes
                0x00000cdb       0x34 /usr/lib/gcc/arm-none-eabi/14.2.1/../../../arm-none-eabi/lib/thumb/v7e-m+fp/hard/libm.a(libm_a-kf_rem_pio2.o)
 .ARM.attributes
                0x00000d0f       0x34 /usr/lib/gcc/arm-none-eabi/14.2.1/../../../arm-none-eabi/lib/thumb/v7e-m+fp/hard/libm.a(libm_a-ef_sqrt.o)
 .ARM.attributes
                0x00000d43       0x34 /usr/lib/gcc/arm-none-eabi/14.2.1/../../../arm-none-eabi/lib/thumb/v7e-m+fp/hard/libm.a(libm_a-sf_scalbn.o)
 .ARM.attributes
                0x00000d77       0x34 /usr/lib/gcc/arm-none-eabi/14.2.1/../../../arm-none-eabi/lib/thumb/v7e-m+fp/hard/libm.a(libm_a-sf_floor.o)
 .ARM.attributes
                0x00000dab       0x22 /usr/lib/gcc/arm-none-eabi/14.2.1/thumb/v7e-m+fp/hard/libgcc.a(_arm_addsubdf3.o)
 .ARM.attributes
                0x00000dcd       0x22 /usr/lib/gcc/arm-none-eabi/14.2.1/thumb/v7e-m+fp/hard/libgcc.a(_arm_muldivdf3.o)
 .ARM.attributes
                0x00000def       0x22 /usr/lib/gcc/arm-none-eabi/14.2.1/thumb/v7e-m+fp/hard/libgcc.a(_arm_cmpdf2.o)
 .ARM.attributes
                0x00000e11       0x22 /usr/lib/gcc/arm-none-eabi/14.2.1/thumb/v7e-m+fp/hard/libgcc.a(_arm_unorddf2.o)
 .ARM.attributes
                0x00000e33       0x22 /usr/lib/gcc/arm-none-eabi/14.2.1/thumb/v7e-m+fp/hard/libgcc.a(_arm_fixdfsi.o)
 .ARM.attributes
                0x00000e55       0x22 /usr/lib/gcc/arm-none-eabi/14.2.1/thumb/v7e-m+fp/hard/libgcc.a(_arm_fixunsdfsi.o)
 .ARM.attributes
                0x00000e77       0x22 /usr/lib/gcc/arm-none-eabi/14.2.1/thumb/v7e-m+fp/hard/libgcc.a(_arm_truncdfsf2.o)
 .ARM.attributes
                0x00000e99       0x22 /usr/lib/gcc/arm-none-eabi/14.2.1/thumb/v7e-m+fp/hard/libgcc.a(_aeabi_uldivmod.o)
 .ARM.attributes
                0x00000ebb       0x34 /usr/lib/gcc/arm-none-eabi/14.2.1/thumb/v7e-m+fp/hard/libgcc.a(_udivmoddi4.o)
 .ARM.attributes
                0x00000eef       0x22 /usr/lib/gcc/arm-none-eabi/14.2.1/thumb/v7e-m+fp/hard/libgcc.a(_dvmd_tls.o)
 .ARM.attributes
                0x00000f11       0x34 /usr/lib/gcc/arm-none-eabi/14.2.1/thumb/v7e-m+fp/hard/crtend.o
 .ARM.attributes
                0x00000f45       0x22 /usr/lib/gcc/arm-none-eabi/14.2.1/thumb/v7e-m+fp/hard/crtn.o

.comment        0x00000000       0x4c
 .comment       0x00000000       0x4c /usr/lib/gcc/arm-none-eabi/14.2.1/thumb/v7e-m+fp/hard/crtbegin.o
                                 0x27 (size before relaxing)
 .comment       0x0000004c       0x27 build/main.o
 .comment       0x0000004c       0x27 build/stm32l4xx_it.o
 .comment       0x0000004c       0x27 build/stm32l4xx_hal_msp.o
 .comment       0x0000004c       0x27 build/stm32l4xx_hal_timebase_tim.o
 .comment       0x0000004c       0x27 build/stm32l4xx_ll_exti.o
 .comment       0x0000004c       0x27 build/stm32l4xx_hal_tim.o
 .comment       0x0000004c       0x27 build/stm32l4xx_hal_tim_ex.o
 .comment       0x0000004c       0x27 build/stm32l4xx_ll_gpio.o
 .comment       0x0000004c       0x27 build/stm32l4xx_hal_adc.o
 .comment       0x0000004c       0x27 build/stm32l4xx_hal_adc_ex.o
 .comment       0x0000004c       0x27 build/stm32l4xx_hal.o
 .comment       0x0000004c       0x27 build/stm32l4xx_hal_rcc.o
 .comment       0x0000004c       0x27 build/stm32l4xx_hal_rcc_ex.o
 .comment       0x0000004c       0x27 build/stm32l4xx_hal_gpio.o
 .comment       0x0000004c       0x27 build/stm32l4xx_hal_dma.o
 .comment       0x0000004c       0x27 build/stm32l4xx_hal_pwr_ex.o
 .comment       0x0000004c       0x27 build/stm32l4xx_hal_cortex.o
 .comment       0x0000004c       0x27 build/stm32l4xx_hal_spi.o
 .comment       0x0000004c       0x27 build/stm32l4xx_hal_uart.o
 .comment       0x0000004c       0x27 build/stm32l4xx_hal_uart_ex.o
 .comment       0x0000004c       0x27 build/system_stm32l4xx.o
 .comment       0x0000004c       0x27 build/list.o
 .comment       0x0000004c       0x27 build/queue.o
 .comment       0x0000004c       0x27 build/stream_buffer.o
 .comment       0x0000004c       0x27 build/tasks.o
 .comment       0x0000004c       0x27 build/timers.o
 .comment       0x0000004c       0x27 build/cmsis_os2.o
 .comment       0x0000004c       0x27 build/heap_4.o
 .comment       0x0000004c       0x27 build/port.o
 .comment       0x0000004c       0x27 build/rlib.o
 .comment       0x0000004c       0x27 build/rbuffer.o
 .comment       0x0000004c       0x27 build/printf.o
 .comment       0x0000004c       0x27 build/mems.o
 .comment       0x0000004c       0x27 build/service.o
 .comment       0x0000004c       0x27 build/apmain.o
 .comment       0x0000004c       0x27 build/apdialog.o
 .comment       0x0000004c       0x27 build/motor.o
 .comment       0x0000004c       0x27 build/autopilot.o
 .comment       0x0000004c       0x27 build/imu.o
 .comment       0x0000004c       0x27 build/geom.o
 .comment       0x0000004c       0x27 build/madgwick.o
 .comment       0x0000004c       0x27 /usr/lib/gcc/arm-none-eabi/14.2.1/../../../arm-none-eabi/lib/thumb/v7e-m+fp/hard/libc_nano.a(libc_a-init.o)
 .comment       0x0000004c       0x27 /usr/lib/gcc/arm-none-eabi/14.2.1/../../../arm-none-eabi/lib/thumb/v7e-m+fp/hard/libm.a(libm_a-sf_atan.o)
 .comment       0x0000004c       0x27 /usr/lib/gcc/arm-none-eabi/14.2.1/../../../arm-none-eabi/lib/thumb/v7e-m+fp/hard/libm.a(libm_a-wf_fmod.o)
 .comment       0x0000004c       0x27 /usr/lib/gcc/arm-none-eabi/14.2.1/../../../arm-none-eabi/lib/thumb/v7e-m+fp/hard/libm.a(libm_a-sf_fabs.o)
 .comment       0x0000004c       0x27 /usr/lib/gcc/arm-none-eabi/14.2.1/../../../arm-none-eabi/lib/thumb/v7e-m+fp/hard/libm.a(libm_a-wf_acos.o)
 .comment       0x0000004c       0x27 /usr/lib/gcc/arm-none-eabi/14.2.1/../../../arm-none-eabi/lib/thumb/v7e-m+fp/hard/libm.a(libm_a-ef_fmod.o)
 .comment       0x0000004c       0x27 /usr/lib/gcc/arm-none-eabi/14.2.1/../../../arm-none-eabi/lib/thumb/v7e-m+fp/hard/libm.a(libm_a-sf_cos.o)
 .comment       0x0000004c       0x27 /usr/lib/gcc/arm-none-eabi/14.2.1/../../../arm-none-eabi/lib/thumb/v7e-m+fp/hard/libm.a(libm_a-ef_acos.o)
 .comment       0x0000004c       0x27 /usr/lib/gcc/arm-none-eabi/14.2.1/../../../arm-none-eabi/lib/thumb/v7e-m+fp/hard/libm.a(libm_a-wf_sqrt.o)
 .comment       0x0000004c       0x27 /usr/lib/gcc/arm-none-eabi/14.2.1/../../../arm-none-eabi/lib/thumb/v7e-m+fp/hard/libm.a(libm_a-w_sqrt.o)
 .comment       0x0000004c       0x27 /usr/lib/gcc/arm-none-eabi/14.2.1/../../../arm-none-eabi/lib/thumb/v7e-m+fp/hard/libm.a(libm_a-wf_atan2.o)