Archive member included to satisfy reference by file (symbol)

/usr/lib/gcc/arm-none-eabi/12.2.1/../../../arm-none-eabi/lib/thumb/v7e-m+fp/hard/libc_nano.a(lib_a-atexit.o)
                              /usr/lib/gcc/arm-none-eabi/12.2.1/../../../arm-none-eabi/lib/thumb/v7e-m+fp/hard/crt0.o (atexit)
/usr/lib/gcc/arm-none-eabi/12.2.1/../../../arm-none-eabi/lib/thumb/v7e-m+fp/hard/libc_nano.a(lib_a-exit.o)
                              /usr/lib/gcc/arm-none-eabi/12.2.1/../../../arm-none-eabi/lib/thumb/v7e-m+fp/hard/crt0.o (exit)
/usr/lib/gcc/arm-none-eabi/12.2.1/../../../arm-none-eabi/lib/thumb/v7e-m+fp/hard/libc_nano.a(lib_a-fini.o)
                              /usr/lib/gcc/arm-none-eabi/12.2.1/../../../arm-none-eabi/lib/thumb/v7e-m+fp/hard/crt0.o (__libc_fini_array)
/usr/lib/gcc/arm-none-eabi/12.2.1/../../../arm-none-eabi/lib/thumb/v7e-m+fp/hard/libc_nano.a(lib_a-impure.o)
                              /usr/lib/gcc/arm-none-eabi/12.2.1/../../../arm-none-eabi/lib/thumb/v7e-m+fp/hard/libc_nano.a(lib_a-exit.o) (_global_impure_ptr)
/usr/lib/gcc/arm-none-eabi/12.2.1/../../../arm-none-eabi/lib/thumb/v7e-m+fp/hard/libc_nano.a(lib_a-init.o)
                              /usr/lib/gcc/arm-none-eabi/12.2.1/../../../arm-none-eabi/lib/thumb/v7e-m+fp/hard/crt0.o (__libc_init_array)
/usr/lib/gcc/arm-none-eabi/12.2.1/../../../arm-none-eabi/lib/thumb/v7e-m+fp/hard/libc_nano.a(lib_a-__atexit.o)
                              /usr/lib/gcc/arm-none-eabi/12.2.1/../../../arm-none-eabi/lib/thumb/v7e-m+fp/hard/libc_nano.a(lib_a-atexit.o) (__register_exitproc)
/usr/lib/gcc/arm-none-eabi/12.2.1/../../../arm-none-eabi/lib/thumb/v7e-m+fp/hard/libc_nano.a(lib_a-__call_atexit.o)
                              /usr/lib/gcc/arm-none-eabi/12.2.1/../../../arm-none-eabi/lib/thumb/v7e-m+fp/hard/libc_nano.a(lib_a-__atexit.o) (__call_exitprocs)
/usr/lib/gcc/arm-none-eabi/12.2.1/../../../arm-none-eabi/lib/thumb/v7e-m+fp/hard/libm.a(lib_a-sf_atan.o)
                              build/imu.o (atanf)
/usr/lib/gcc/arm-none-eabi/12.2.1/../../../arm-none-eabi/lib/thumb/v7e-m+fp/hard/libm.a(lib_a-sf_cos.o)
                              build/imu.o (cosf)
/usr/lib/gcc/arm-none-eabi/12.2.1/../../../arm-none-eabi/lib/thumb/v7e-m+fp/hard/libm.a(lib_a-sf_fabs.o)
                              /usr/lib/gcc/arm-none-eabi/12.2.1/../../../arm-none-eabi/lib/thumb/v7e-m+fp/hard/libm.a(lib_a-sf_atan.o) (fabsf)
/usr/lib/gcc/arm-none-eabi/12.2.1/../../../arm-none-eabi/lib/thumb/v7e-m+fp/hard/libm.a(lib_a-sf_fmax.o)
                              build/calib.o (fmaxf)
/usr/lib/gcc/arm-none-eabi/12.2.1/../../../arm-none-eabi/lib/thumb/v7e-m+fp/hard/libm.a(lib_a-sf_fmin.o)
                              build/calib.o (fminf)
/usr/lib/gcc/arm-none-eabi/12.2.1/../../../arm-none-eabi/lib/thumb/v7e-m+fp/hard/libm.a(lib_a-sf_fpclassify.o)
                              /usr/lib/gcc/arm-none-eabi/12.2.1/../../../arm-none-eabi/lib/thumb/v7e-m+fp/hard/libm.a(lib_a-sf_fmax.o) (__fpclassifyf)
/usr/lib/gcc/arm-none-eabi/12.2.1/../../../arm-none-eabi/lib/thumb/v7e-m+fp/hard/libm.a(lib_a-sf_sin.o)
                              build/imu.o (sinf)
/usr/lib/gcc/arm-none-eabi/12.2.1/../../../arm-none-eabi/lib/thumb/v7e-m+fp/hard/libm.a(lib_a-w_atan2.o)
                              build/imu.o (atan2)
/usr/lib/gcc/arm-none-eabi/12.2.1/../../../arm-none-eabi/lib/thumb/v7e-m+fp/hard/libm.a(lib_a-w_sqrt.o)
                              build/imu.o (sqrt)
/usr/lib/gcc/arm-none-eabi/12.2.1/../../../arm-none-eabi/lib/thumb/v7e-m+fp/hard/libm.a(lib_a-wf_acos.o)
                              build/imu.o (acosf)
/usr/lib/gcc/arm-none-eabi/12.2.1/../../../arm-none-eabi/lib/thumb/v7e-m+fp/hard/libm.a(lib_a-wf_asin.o)
                              build/madgwickAHRS.o (asinf)
/usr/lib/gcc/arm-none-eabi/12.2.1/../../../arm-none-eabi/lib/thumb/v7e-m+fp/hard/libm.a(lib_a-wf_atan2.o)
                              build/imu.o (atan2f)
/usr/lib/gcc/arm-none-eabi/12.2.1/../../../arm-none-eabi/lib/thumb/v7e-m+fp/hard/libm.a(lib_a-wf_fmod.o)
                              build/geom.o (fmodf)
/usr/lib/gcc/arm-none-eabi/12.2.1/../../../arm-none-eabi/lib/thumb/v7e-m+fp/hard/libm.a(lib_a-wf_sqrt.o)
                              build/imu.o (sqrtf)
/usr/lib/gcc/arm-none-eabi/12.2.1/../../../arm-none-eabi/lib/thumb/v7e-m+fp/hard/libm.a(lib_a-e_atan2.o)
                              /usr/lib/gcc/arm-none-eabi/12.2.1/../../../arm-none-eabi/lib/thumb/v7e-m+fp/hard/libm.a(lib_a-w_atan2.o) (__ieee754_atan2)
/usr/lib/gcc/arm-none-eabi/12.2.1/../../../arm-none-eabi/lib/thumb/v7e-m+fp/hard/libm.a(lib_a-e_sqrt.o)
                              /usr/lib/gcc/arm-none-eabi/12.2.1/../../../arm-none-eabi/lib/thumb/v7e-m+fp/hard/libm.a(lib_a-w_sqrt.o) (__ieee754_sqrt)
/usr/lib/gcc/arm-none-eabi/12.2.1/../../../arm-none-eabi/lib/thumb/v7e-m+fp/hard/libm.a(lib_a-ef_acos.o)
                              /usr/lib/gcc/arm-none-eabi/12.2.1/../../../arm-none-eabi/lib/thumb/v7e-m+fp/hard/libm.a(lib_a-wf_acos.o) (__ieee754_acosf)
[...]
Memory Configuration

Name             Origin             Length             Attributes
RAM              0x20000000         0x00020000         xrw
RAM2             0x10000000         0x00008000         xrw
FLASH            0x08000000         0x00080000         xr
*default*        0x00000000         0xffffffff

Linker script and memory map

LOAD /usr/lib/gcc/arm-none-eabi/12.2.1/thumb/v7e-m+fp/hard/crti.o
LOAD /usr/lib/gcc/arm-none-eabi/12.2.1/thumb/v7e-m+fp/hard/crtbegin.o
LOAD /usr/lib/gcc/arm-none-eabi/12.2.1/../../../arm-none-eabi/lib/thumb/v7e-m+fp/hard/crt0.o
LOAD build/main.o
LOAD build/freertos.o
LOAD build/stm32l4xx_it.o
LOAD build/stm32l4xx_hal_msp.o
LOAD build/stm32l4xx_hal_timebase_tim.o
LOAD build/stm32l4xx_ll_utils.o
LOAD build/stm32l4xx_ll_exti.o
LOAD build/stm32l4xx_hal_tim.o
LOAD build/stm32l4xx_hal_tim_ex.o
LOAD build/stm32l4xx_ll_gpio.o
LOAD build/stm32l4xx_hal_adc.o
LOAD build/stm32l4xx_hal_adc_ex.o
LOAD build/stm32l4xx_hal.o
LOAD build/stm32l4xx_hal_rcc.o
LOAD build/stm32l4xx_hal_rcc_ex.o
LOAD build/stm32l4xx_hal_flash.o
LOAD build/stm32l4xx_hal_flash_ex.o
LOAD build/stm32l4xx_hal_flash_ramfunc.o
LOAD build/stm32l4xx_hal_gpio.o
LOAD build/stm32l4xx_hal_i2c.o
LOAD build/stm32l4xx_hal_i2c_ex.o
LOAD build/stm32l4xx_hal_dma.o
LOAD build/stm32l4xx_hal_dma_ex.o
LOAD build/stm32l4xx_hal_pwr.o
LOAD build/stm32l4xx_hal_pwr_ex.o
LOAD build/stm32l4xx_hal_cortex.o
LOAD build/stm32l4xx_hal_exti.o
LOAD build/stm32l4xx_hal_spi.o
LOAD build/stm32l4xx_hal_spi_ex.o
LOAD build/stm32l4xx_hal_uart.o
LOAD build/stm32l4xx_hal_uart_ex.o
LOAD build/system_stm32l4xx.o
LOAD build/croutine.o
LOAD build/event_groups.o
LOAD build/list.o
LOAD build/queue.o
LOAD build/stream_buffer.o
LOAD build/tasks.o
LOAD build/timers.o
LOAD build/cmsis_os2.o
LOAD build/heap_4.o
LOAD build/port.o
LOAD build/sysmem.o
LOAD build/syscalls.o
LOAD build/rlib.o
LOAD build/rbuffer.o
LOAD build/printf.o
LOAD build/mems.o
LOAD build/service.o
LOAD build/apmain.o
LOAD build/apdialog.o
LOAD build/motor.o
LOAD build/autopilot.o
LOAD build/imu.o
LOAD build/geom.o
LOAD build/madgwickAHRS.o
LOAD build/kalmanAHRS.o
LOAD build/quat.o
LOAD build/matrix3f.o
LOAD build/calib.o
LOAD build/startup_stm32l452xx.o
LOAD /usr/lib/gcc/arm-none-eabi/12.2.1/../../../arm-none-eabi/lib/thumb/v7e-m+fp/hard/libc_nano.a
LOAD /usr/lib/gcc/arm-none-eabi/12.2.1/../../../arm-none-eabi/lib/thumb/v7e-m+fp/hard/libm.a
LOAD /usr/lib/gcc/arm-none-eabi/12.2.1/../../../arm-none-eabi/lib/thumb/v7e-m+fp/hard/libnosys.a
START GROUP
LOAD /usr/lib/gcc/arm-none-eabi/12.2.1/thumb/v7e-m+fp/hard/libgcc.a
LOAD /usr/lib/gcc/arm-none-eabi/12.2.1/../../../arm-none-eabi/lib/thumb/v7e-m+fp/hard/libc_nano.a
END GROUP
START GROUP
LOAD /usr/lib/gcc/arm-none-eabi/12.2.1/thumb/v7e-m+fp/hard/libgcc.a
LOAD /usr/lib/gcc/arm-none-eabi/12.2.1/../../../arm-none-eabi/lib/thumb/v7e-m+fp/hard/libc_nano.a
END GROUP
LOAD /usr/lib/gcc/arm-none-eabi/12.2.1/thumb/v7e-m+fp/hard/crtend.o
LOAD /usr/lib/gcc/arm-none-eabi/12.2.1/thumb/v7e-m+fp/hard/crtn.o
                0x20020000                        _estack = (ORIGIN (RAM) + LENGTH (RAM))
                0x00000200                        _Min_Heap_Size = 0x200
                0x00000400                        _Min_Stack_Size = 0x400

.isr_vector     0x08000000      0x198
                0x08000000                        . = ALIGN (0x8)
 *(.isr_vector)
 .isr_vector    0x08000000      0x194 build/startup_stm32l452xx.o
                0x08000000                g_pfnVectors
                0x08000198                        . = ALIGN (0x8)
 *fill*         0x08000194        0x4 

.text           0x080001a0     0xf6c8
                0x080001a0                        . = ALIGN (0x8)
 *(.text)
 .text          0x080001a0       0x88 /usr/lib/gcc/arm-none-eabi/12.2.1/thumb/v7e-m+fp/hard/crtbegin.o
 .text          0x08000228       0x50 /usr/lib/gcc/arm-none-eabi/12.2.1/../../../arm-none-eabi/lib/thumb/v7e-m+fp/hard/libc_nano.a(lib_a-init.o)
                0x08000228                __libc_init_array
 .text          0x08000278      0x1a8 /usr/lib/gcc/arm-none-eabi/12.2.1/../../../arm-none-eabi/lib/thumb/v7e-m+fp/hard/libm.a(lib_a-sf_atan.o)
                0x08000278                atanf
 .text          0x08000420       0x70 /usr/lib/gcc/arm-none-eabi/12.2.1/../../../arm-none-eabi/lib/thumb/v7e-m+fp/hard/libm.a(lib_a-sf_cos.o)
                0x08000420                cosf
 .text          0x08000490       0x10 /usr/lib/gcc/arm-none-eabi/12.2.1/../../../arm-none-eabi/lib/thumb/v7e-m+fp/hard/libm.a(lib_a-sf_fabs.o)
                0x08000490                fabsf
 .text          0x080004a0       0x3c /usr/lib/gcc/arm-none-eabi/12.2.1/../../../arm-none-eabi/lib/thumb/v7e-m+fp/hard/libm.a(lib_a-sf_fmax.o)
                0x080004a0                fmaxf
 .text          0x080004dc       0x3c /usr/lib/gcc/arm-none-eabi/12.2.1/../../../arm-none-eabi/lib/thumb/v7e-m+fp/hard/libm.a(lib_a-sf_fmin.o)
                0x080004dc                fminf
 .text          0x08000518       0x38 /usr/lib/gcc/arm-none-eabi/12.2.1/../../../arm-none-eabi/lib/thumb/v7e-m+fp/hard/libm.a(lib_a-sf_fpclassify.o)
                0x08000518                __fpclassifyf
 .text          0x08000550       0x74 /usr/lib/gcc/arm-none-eabi/12.2.1/../../../arm-none-eabi/lib/thumb/v7e-m+fp/hard/libm.a(lib_a-sf_sin.o)
                0x08000550                sinf
 .text          0x080005c4       0x74 /usr/lib/gcc/arm-none-eabi/12.2.1/../../../arm-none-eabi/lib/thumb/v7e-m+fp/hard/libm.a(lib_a-w_sqrt.o)
                0x080005c4                sqrt
 .text          0x08000638       0x68 /usr/lib/gcc/arm-none-eabi/12.2.1/../../../arm-none-eabi/lib/thumb/v7e-m+fp/hard/libm.a(lib_a-wf_acos.o)
                0x08000638                acosf
 .text          0x080006a0       0x68 /usr/lib/gcc/arm-none-eabi/12.2.1/../../../arm-none-eabi/lib/thumb/v7e-m+fp/hard/libm.a(lib_a-wf_asin.o)
                0x080006a0                asinf
 .text          0x08000708        0x4 /usr/lib/gcc/arm-none-eabi/12.2.1/../../../arm-none-eabi/lib/thumb/v7e-m+fp/hard/libm.a(lib_a-wf_atan2.o)
                0x08000708                atan2f
 .text          0x0800070c       0x54 /usr/lib/gcc/arm-none-eabi/12.2.1/../../../arm-none-eabi/lib/thumb/v7e-m+fp/hard/libm.a(lib_a-wf_fmod.o)
                0x0800070c                fmodf
 .text          0x08000760       0x50 /usr/lib/gcc/arm-none-eabi/12.2.1/../../../arm-none-eabi/lib/thumb/v7e-m+fp/hard/libm.a(lib_a-wf_sqrt.o)
                0x08000760                sqrtf
 .text          0x080007b0      0x198 /usr/lib/gcc/arm-none-eabi/12.2.1/../../../arm-none-eabi/lib/thumb/v7e-m+fp/hard/libm.a(lib_a-e_sqrt.o)
                0x080007b0                __ieee754_sqrt
 .text          0x08000948      0x24c /usr/lib/gcc/arm-none-eabi/12.2.1/../../../arm-none-eabi/lib/thumb/v7e-m+fp/hard/libm.a(lib_a-ef_acos.o)
                0x08000948                __ieee754_acosf
 .text          0x08000b94      0x1fc /usr/lib/gcc/arm-none-eabi/12.2.1/../../../arm-none-eabi/lib/thumb/v7e-m+fp/hard/libm.a(lib_a-ef_asin.o)
                0x08000b94                __ieee754_asinf
 .text          0x08000d90      0x14c /usr/lib/gcc/arm-none-eabi/12.2.1/../../../arm-none-eabi/lib/thumb/v7e-m+fp/hard/libm.a(lib_a-ef_atan2.o)
                0x08000d90                __ieee754_atan2f
 .text          0x08000edc      0x164 /usr/lib/gcc/arm-none-eabi/12.2.1/../../../arm-none-eabi/lib/thumb/v7e-m+fp/hard/libm.a(lib_a-ef_fmod.o)
                0x08000edc                __ieee754_fmodf
 .text          0x08001040      0x260 /usr/lib/gcc/arm-none-eabi/12.2.1/../../../arm-none-eabi/lib/thumb/v7e-m+fp/hard/libm.a(lib_a-ef_rem_pio2.o)
                0x08001040                __ieee754_rem_pio2f
 .text          0x080012a0        0x8 /usr/lib/gcc/arm-none-eabi/12.2.1/../../../arm-none-eabi/lib/thumb/v7e-m+fp/hard/libm.a(lib_a-ef_sqrt.o)
                0x080012a0                __ieee754_sqrtf
 .text          0x080012a8      0x104 /usr/lib/gcc/arm-none-eabi/12.2.1/../../../arm-none-eabi/lib/thumb/v7e-m+fp/hard/libm.a(lib_a-kf_cos.o)
                0x080012a8                __kernel_cosf
 .text          0x080013ac      0x67c /usr/lib/gcc/arm-none-eabi/12.2.1/../../../arm-none-eabi/lib/thumb/v7e-m+fp/hard/libm.a(lib_a-kf_rem_pio2.o)
                0x080013ac                __kernel_rem_pio2f
 .text          0x08001a28       0x90 /usr/lib/gcc/arm-none-eabi/12.2.1/../../../arm-none-eabi/lib/thumb/v7e-m+fp/hard/libm.a(lib_a-kf_sin.o)
                0x08001a28                __kernel_sinf
 .text          0x08001ab8       0x94 /usr/lib/gcc/arm-none-eabi/12.2.1/../../../arm-none-eabi/lib/thumb/v7e-m+fp/hard/libm.a(lib_a-sf_floor.o)
                0x08001ab8                floorf
 .text          0x08001b4c        0xc /usr/lib/gcc/arm-none-eabi/12.2.1/../../../arm-none-eabi/lib/thumb/v7e-m+fp/hard/libm.a(lib_a-sf_nan.o)
                0x08001b4c                nanf
 .text          0x08001b58       0xdc /usr/lib/gcc/arm-none-eabi/12.2.1/../../../arm-none-eabi/lib/thumb/v7e-m+fp/hard/libm.a(lib_a-sf_scalbn.o)
                0x08001b58                scalbnf
 .text          0x08001c34      0x378 /usr/lib/gcc/arm-none-eabi/12.2.1/thumb/v7e-m+fp/hard/libgcc.a(_arm_addsubdf3.o)
                0x08001c34                __aeabi_drsub
                0x08001c3c                __aeabi_dsub
                0x08001c3c                __subdf3
                0x08001c40                __adddf3
                0x08001c40                __aeabi_dadd
                0x08001eb8                __aeabi_ui2d
                0x08001eb8                __floatunsidf
                0x08001ed8                __floatsidf
                0x08001ed8                __aeabi_i2d
                0x08001efc                __extendsfdf2
                0x08001efc                __aeabi_f2d
                0x08001f40                __aeabi_ul2d
                0x08001f40                __floatundidf
                0x08001f50                __floatdidf
                0x08001f50                __aeabi_l2d
 .text          0x08001fac      0x424 /usr/lib/gcc/arm-none-eabi/12.2.1/thumb/v7e-m+fp/hard/libgcc.a(_arm_muldivdf3.o)
                0x08001fac                __aeabi_dmul
                0x08001fac                __muldf3
                0x08002200                __aeabi_ddiv
                0x08002200                __divdf3
 .text          0x080023d0      0x110 /usr/lib/gcc/arm-none-eabi/12.2.1/thumb/v7e-m+fp/hard/libgcc.a(_arm_cmpdf2.o)
                0x080023d0                __gtdf2
                0x080023d0                __gedf2
                0x080023d8                __ltdf2
                0x080023d8                __ledf2
                0x080023e0                __cmpdf2
                0x080023e0                __eqdf2
                0x080023e0                __nedf2
                0x0800245c                __aeabi_cdrcmple
                0x0800246c                __aeabi_cdcmple
                0x0800246c                __aeabi_cdcmpeq
                0x0800247c                __aeabi_dcmpeq
                0x08002490                __aeabi_dcmplt
                0x080024a4                __aeabi_dcmple
                0x080024b8                __aeabi_dcmpge
                0x080024cc                __aeabi_dcmpgt
 .text          0x080024e0       0x2c /usr/lib/gcc/arm-none-eabi/12.2.1/thumb/v7e-m+fp/hard/libgcc.a(_arm_unorddf2.o)
                0x080024e0                __aeabi_dcmpun
                0x080024e0                __unorddf2
 .text          0x0800250c       0x50 /usr/lib/gcc/arm-none-eabi/12.2.1/thumb/v7e-m+fp/hard/libgcc.a(_arm_fixdfsi.o)
                0x0800250c                __fixdfsi
                0x0800250c                __aeabi_d2iz
 .text          0x0800255c       0x40 /usr/lib/gcc/arm-none-eabi/12.2.1/thumb/v7e-m+fp/hard/libgcc.a(_arm_fixunsdfsi.o)
                0x0800255c                __fixunsdfsi
                0x0800255c                __aeabi_d2uiz
 .text          0x0800259c       0xa0 /usr/lib/gcc/arm-none-eabi/12.2.1/thumb/v7e-m+fp/hard/libgcc.a(_arm_truncdfsf2.o)
                0x0800259c                __aeabi_d2f
                0x0800259c                __truncdfsf2
 .text          0x0800263c       0x30 /usr/lib/gcc/arm-none-eabi/12.2.1/thumb/v7e-m+fp/hard/libgcc.a(_aeabi_uldivmod.o)
                0x0800263c                __aeabi_uldivmod
 .text          0x0800266c      0x2bc /usr/lib/gcc/arm-none-eabi/12.2.1/thumb/v7e-m+fp/hard/libgcc.a(_udivmoddi4.o)
                0x0800266c                __udivmoddi4
 .text          0x08002928        0x4 /usr/lib/gcc/arm-none-eabi/12.2.1/thumb/v7e-m+fp/hard/libgcc.a(_dvmd_tls.o)
                0x08002928                __aeabi_ldiv0
                0x08002928                __aeabi_idiv0
 *(.text*)
 .text.NVIC_EncodePriority
                0x0800292c       0x3e build/main.o
 .text.LL_GPIO_SetPinMode
                0x0800296a       0x3c build/main.o
 .text.LL_GPIO_SetPinPull
                0x080029a6       0x3c build/main.o
 *fill*         0x080029e2        0x2 
 .text.MX_GPIO_Init
                0x080029e4      0x320 build/main.o
 .text.MX_DMA_Init
                0x08002d04       0xa4 build/main.o
 .text.StartDefaultTask
                0x08002da8        0xa build/main.o
                0x08002da8                StartDefaultTask
 .text.HAL_TIM_PeriodElapsedCallback
                0x08002db2       0x12 build/main.o
                0x08002db2                HAL_TIM_PeriodElapsedCallback
 .text.Error_Handler
                0x08002dc4        0x4 build/main.o
                0x08002dc4                Error_Handler
 .text.MX_USART2_UART_Init
                0x08002dc8       0x38 build/main.o
 .text.MX_USART1_UART_Init
                0x08002e00       0x38 build/main.o
 .text.MX_ADC1_Init
                0x08002e38       0xa4 build/main.o
 .text.MX_TIM3_Init
                0x08002edc       0x6c build/main.o
 .text.MX_SPI2_Init
                0x08002f48       0x4c build/main.o
 .text.MX_UART4_Init
                0x08002f94       0x38 build/main.o
 .text.MX_USART3_UART_Init
                0x08002fcc       0x38 build/main.o
 .text.SystemClock_Config
                0x08003004       0x88 build/main.o
                0x08003004                SystemClock_Config
 .text.main     0x0800308c       0x58 build/main.o
                0x0800308c                main
 .text.NMI_Handler
                0x080030e4        0x2 build/stm32l4xx_it.o
                0x080030e4                NMI_Handler
 .text.HardFault_Handler
                0x080030e6        0x2 build/stm32l4xx_it.o
                0x080030e6                HardFault_Handler
 .text.MemManage_Handler
                0x080030e8        0x2 build/stm32l4xx_it.o
                0x080030e8                MemManage_Handler
 .text.BusFault_Handler
                0x080030ea        0x2 build/stm32l4xx_it.o
                0x080030ea                BusFault_Handler
 .text.UsageFault_Handler
                0x080030ec        0x2 build/stm32l4xx_it.o
                0x080030ec                UsageFault_Handler
 .text.DebugMon_Handler
                0x080030ee        0x2 build/stm32l4xx_it.o
                0x080030ee                DebugMon_Handler
 .text.EXTI0_IRQHandler
                0x080030f0       0x18 build/stm32l4xx_it.o
                0x080030f0                EXTI0_IRQHandler
 .text.EXTI1_IRQHandler
                0x08003108       0x18 build/stm32l4xx_it.o
                0x08003108                EXTI1_IRQHandler
 .text.EXTI2_IRQHandler
                0x08003120       0x18 build/stm32l4xx_it.o
                0x08003120                EXTI2_IRQHandler
 .text.DMA1_Channel1_IRQHandler
                0x08003138       0x10 build/stm32l4xx_it.o
                0x08003138                DMA1_Channel1_IRQHandler
 .text.DMA1_Channel4_IRQHandler
                0x08003148       0x10 build/stm32l4xx_it.o
                0x08003148                DMA1_Channel4_IRQHandler
 .text.DMA1_Channel5_IRQHandler
                0x08003158       0x10 build/stm32l4xx_it.o
                0x08003158                DMA1_Channel5_IRQHandler
 .text.DMA1_Channel6_IRQHandler
                0x08003168       0x10 build/stm32l4xx_it.o
                0x08003168                DMA1_Channel6_IRQHandler
 .text.DMA1_Channel7_IRQHandler
                0x08003178       0x10 build/stm32l4xx_it.o
                0x08003178                DMA1_Channel7_IRQHandler
 .text.ADC1_IRQHandler
                0x08003188       0x10 build/stm32l4xx_it.o
                0x08003188                ADC1_IRQHandler
 .text.TIM2_IRQHandler
                0x08003198       0x10 build/stm32l4xx_it.o
                0x08003198                TIM2_IRQHandler
 .text.SPI2_IRQHandler
                0x080031a8       0x10 build/stm32l4xx_it.o
                0x080031a8                SPI2_IRQHandler
 .text.USART1_IRQHandler
                0x080031b8       0x10 build/stm32l4xx_it.o
                0x080031b8                USART1_IRQHandler
 .text.USART2_IRQHandler
                0x080031c8       0x10 build/stm32l4xx_it.o
                0x080031c8                USART2_IRQHandler
 .text.DMA2_Channel6_IRQHandler
                0x080031d8       0x10 build/stm32l4xx_it.o
                0x080031d8                DMA2_Channel6_IRQHandler
 .text.DMA2_Channel7_IRQHandler
                0x080031e8       0x10 build/stm32l4xx_it.o
                0x080031e8                DMA2_Channel7_IRQHandler
 .text.HAL_MspInit
                0x080031f8       0x40 build/stm32l4xx_hal_msp.o
                0x080031f8                HAL_MspInit
 .text.HAL_ADC_MspInit
                0x08003238       0xf0 build/stm32l4xx_hal_msp.o
                0x08003238                HAL_ADC_MspInit
 .text.HAL_SPI_MspInit
                0x08003328       0xe8 build/stm32l4xx_hal_msp.o
                0x08003328                HAL_SPI_MspInit
 .text.HAL_TIM_Base_MspInit
                0x08003410       0x64 build/stm32l4xx_hal_msp.o
                0x08003410                HAL_TIM_Base_MspInit
 .text.HAL_UART_MspInit
                0x08003474      0x2ac build/stm32l4xx_hal_msp.o
                0x08003474                HAL_UART_MspInit
 .text.HAL_InitTick
                0x08003720       0xa0 build/stm32l4xx_hal_timebase_tim.o
                0x08003720                HAL_InitTick
 .text.LL_EXTI_Init
                0x080037c0      0x19c build/stm32l4xx_ll_exti.o
                0x080037c0                LL_EXTI_Init
 .text.TIM_TI1_ConfigInputStage
                0x0800395c       0x26 build/stm32l4xx_hal_tim.o
 .text.TIM_TI2_ConfigInputStage
                0x08003982       0x28 build/stm32l4xx_hal_tim.o
 .text.TIM_ITRx_SetConfig
                0x080039aa       0x10 build/stm32l4xx_hal_tim.o
 *fill*         0x080039ba        0x2 
 .text.HAL_TIM_Base_Start
                0x080039bc       0x6c build/stm32l4xx_hal_tim.o
                0x080039bc                HAL_TIM_Base_Start
 .text.HAL_TIM_Base_Start_IT
                0x08003a28       0x74 build/stm32l4xx_hal_tim.o
                0x08003a28                HAL_TIM_Base_Start_IT
 .text.HAL_TIM_OC_DelayElapsedCallback
                0x08003a9c        0x2 build/stm32l4xx_hal_tim.o
                0x08003a9c                HAL_TIM_OC_DelayElapsedCallback
 .text.HAL_TIM_IC_CaptureCallback
                0x08003a9e        0x2 build/stm32l4xx_hal_tim.o
                0x08003a9e                HAL_TIM_IC_CaptureCallback
 .text.HAL_TIM_PWM_PulseFinishedCallback
                0x08003aa0        0x2 build/stm32l4xx_hal_tim.o
                0x08003aa0                HAL_TIM_PWM_PulseFinishedCallback
 .text.HAL_TIM_TriggerCallback
                0x08003aa2        0x2 build/stm32l4xx_hal_tim.o
                0x08003aa2                HAL_TIM_TriggerCallback
 .text.HAL_TIM_IRQHandler
                0x08003aa4      0x17a build/stm32l4xx_hal_tim.o
                0x08003aa4                HAL_TIM_IRQHandler
 *fill*         0x08003c1e        0x2 
 .text.TIM_Base_SetConfig
                0x08003c20       0x90 build/stm32l4xx_hal_tim.o
                0x08003c20                TIM_Base_SetConfig
 .text.HAL_TIM_Base_Init
                0x08003cb0       0x60 build/stm32l4xx_hal_tim.o
                0x08003cb0                HAL_TIM_Base_Init
 .text.TIM_ETR_SetConfig
                0x08003d10       0x1a build/stm32l4xx_hal_tim.o
                0x08003d10                TIM_ETR_SetConfig
 *fill*         0x08003d2a        0x2 
 .text.HAL_TIM_ConfigClockSource
                0x08003d2c      0x100 build/stm32l4xx_hal_tim.o
                0x08003d2c                HAL_TIM_ConfigClockSource
 .text.HAL_TIMEx_MasterConfigSynchronization
                0x08003e2c       0x78 build/stm32l4xx_hal_tim_ex.o
                0x08003e2c                HAL_TIMEx_MasterConfigSynchronization
 .text.HAL_TIMEx_CommutCallback
                0x08003ea4        0x2 build/stm32l4xx_hal_tim_ex.o
                0x08003ea4                HAL_TIMEx_CommutCallback
 .text.HAL_TIMEx_BreakCallback
                0x08003ea6        0x2 build/stm32l4xx_hal_tim_ex.o
                0x08003ea6                HAL_TIMEx_BreakCallback
 .text.HAL_TIMEx_Break2Callback
                0x08003ea8        0x2 build/stm32l4xx_hal_tim_ex.o
                0x08003ea8                HAL_TIMEx_Break2Callback
 .text.LL_GPIO_SetPinMode
                0x08003eaa       0x3c build/stm32l4xx_ll_gpio.o
 .text.LL_GPIO_SetPinSpeed
                0x08003ee6       0x3c build/stm32l4xx_ll_gpio.o
 .text.LL_GPIO_SetPinPull
                0x08003f22       0x3c build/stm32l4xx_ll_gpio.o
 .text.LL_GPIO_SetAFPin_0_7
                0x08003f5e       0x3c build/stm32l4xx_ll_gpio.o
 .text.LL_GPIO_SetAFPin_8_15
                0x08003f9a       0x3e build/stm32l4xx_ll_gpio.o
 .text.LL_GPIO_Init
                0x08003fd8       0x88 build/stm32l4xx_ll_gpio.o
                0x08003fd8                LL_GPIO_Init
 .text.LL_ADC_REG_SetSequencerRanks
                0x08004060       0x30 build/stm32l4xx_hal_adc.o
 .text.LL_ADC_SetChannelSamplingTime
                0x08004090       0x2c build/stm32l4xx_hal_adc.o
 .text.HAL_ADC_Init
                0x080040bc      0x1d4 build/stm32l4xx_hal_adc.o
                0x080040bc                HAL_ADC_Init
 .text.HAL_ADC_ConvHalfCpltCallback
                0x08004290        0x2 build/stm32l4xx_hal_adc.o
                0x08004290                HAL_ADC_ConvHalfCpltCallback
 .text.ADC_DMAHalfConvCplt
                0x08004292        0xa build/stm32l4xx_hal_adc.o
                0x08004292                ADC_DMAHalfConvCplt
 .text.HAL_ADC_LevelOutOfWindowCallback
                0x0800429c        0x2 build/stm32l4xx_hal_adc.o
                0x0800429c                HAL_ADC_LevelOutOfWindowCallback
 .text.HAL_ADC_ErrorCallback
                0x0800429e        0x2 build/stm32l4xx_hal_adc.o
                0x0800429e                HAL_ADC_ErrorCallback
 .text.HAL_ADC_IRQHandler
                0x080042a0      0x234 build/stm32l4xx_hal_adc.o
                0x080042a0                HAL_ADC_IRQHandler
 .text.ADC_DMAConvCplt
                0x080044d4       0x88 build/stm32l4xx_hal_adc.o
                0x080044d4                ADC_DMAConvCplt
 .text.ADC_DMAError
                0x0800455c       0x1a build/stm32l4xx_hal_adc.o
                0x0800455c                ADC_DMAError
 *fill*         0x08004576        0x2 
 .text.HAL_ADC_ConfigChannel
                0x08004578      0x440 build/stm32l4xx_hal_adc.o
                0x08004578                HAL_ADC_ConfigChannel
 .text.ADC_Enable
                0x080049b8       0xdc build/stm32l4xx_hal_adc.o
                0x080049b8                ADC_Enable
 .text.HAL_ADC_Start_DMA
                0x08004a94       0xc0 build/stm32l4xx_hal_adc.o
                0x08004a94                HAL_ADC_Start_DMA
 .text.HAL_ADCEx_InjectedConvCpltCallback
                0x08004b54        0x2 build/stm32l4xx_hal_adc_ex.o
                0x08004b54                HAL_ADCEx_InjectedConvCpltCallback
 .text.HAL_ADCEx_InjectedQueueOverflowCallback
                0x08004b56        0x2 build/stm32l4xx_hal_adc_ex.o
                0x08004b56                HAL_ADCEx_InjectedQueueOverflowCallback
 .text.HAL_ADCEx_LevelOutOfWindow2Callback
                0x08004b58        0x2 build/stm32l4xx_hal_adc_ex.o
                0x08004b58                HAL_ADCEx_LevelOutOfWindow2Callback
 .text.HAL_ADCEx_LevelOutOfWindow3Callback
                0x08004b5a        0x2 build/stm32l4xx_hal_adc_ex.o
                0x08004b5a                HAL_ADCEx_LevelOutOfWindow3Callback
 .text.HAL_ADCEx_EndOfSamplingCallback
                0x08004b5c        0x2 build/stm32l4xx_hal_adc_ex.o
                0x08004b5c                HAL_ADCEx_EndOfSamplingCallback
 *fill*         0x08004b5e        0x2 
 .text.HAL_Init
                0x08004b60       0x2c build/stm32l4xx_hal.o
                0x08004b60                HAL_Init
 .text.HAL_IncTick
                0x08004b8c       0x18 build/stm32l4xx_hal.o
                0x08004b8c                HAL_IncTick
 .text.HAL_GetTick
                0x08004ba4        0xc build/stm32l4xx_hal.o
                0x08004ba4                HAL_GetTick
 .text.RCC_SetFlashLatencyFromMSIRange
                0x08004bb0       0x90 build/stm32l4xx_hal_rcc.o
 .text.HAL_RCC_MCOConfig
                0x08004c40       0x4c build/stm32l4xx_hal_rcc.o
                0x08004c40                HAL_RCC_MCOConfig
 .text.HAL_RCC_GetSysClockFreq
                0x08004c8c       0xb4 build/stm32l4xx_hal_rcc.o
                0x08004c8c                HAL_RCC_GetSysClockFreq
 .text.HAL_RCC_OscConfig
                0x08004d40      0x66c build/stm32l4xx_hal_rcc.o
                0x08004d40                HAL_RCC_OscConfig
 .text.HAL_RCC_ClockConfig
                0x080053ac      0x188 build/stm32l4xx_hal_rcc.o
                0x080053ac                HAL_RCC_ClockConfig
 .text.HAL_RCC_GetHCLKFreq
                0x08005534        0xc build/stm32l4xx_hal_rcc.o
                0x08005534                HAL_RCC_GetHCLKFreq
 .text.HAL_RCC_GetPCLK1Freq
                0x08005540       0x24 build/stm32l4xx_hal_rcc.o
                0x08005540                HAL_RCC_GetPCLK1Freq
 .text.HAL_RCC_GetPCLK2Freq
                0x08005564       0x24 build/stm32l4xx_hal_rcc.o
                0x08005564                HAL_RCC_GetPCLK2Freq
 .text.HAL_RCC_GetClockConfig
                0x08005588       0x3c build/stm32l4xx_hal_rcc.o
                0x08005588                HAL_RCC_GetClockConfig
 .text.RCCEx_PLLSAI1_Config
                0x080055c4      0x16c build/stm32l4xx_hal_rcc_ex.o
 .text.HAL_RCCEx_PeriphCLKConfig
                0x08005730      0x398 build/stm32l4xx_hal_rcc_ex.o
                0x08005730                HAL_RCCEx_PeriphCLKConfig
 .text.HAL_GPIO_Init
                0x08005ac8      0x1c8 build/stm32l4xx_hal_gpio.o
                0x08005ac8                HAL_GPIO_Init
 .text.DMA_SetConfig
                0x08005c90       0x32 build/stm32l4xx_hal_dma.o
 *fill*         0x08005cc2        0x2 
 .text.HAL_DMA_Init
                0x08005cc4      0x108 build/stm32l4xx_hal_dma.o
                0x08005cc4                HAL_DMA_Init
 .text.HAL_DMA_Start_IT
                0x08005dcc       0x76 build/stm32l4xx_hal_dma.o
                0x08005dcc                HAL_DMA_Start_IT
 .text.HAL_DMA_Abort
                0x08005e42       0x4a build/stm32l4xx_hal_dma.o
                0x08005e42                HAL_DMA_Abort
 .text.HAL_DMA_Abort_IT
                0x08005e8c       0x50 build/stm32l4xx_hal_dma.o
                0x08005e8c                HAL_DMA_Abort_IT
 .text.HAL_DMA_IRQHandler
                0x08005edc       0xc4 build/stm32l4xx_hal_dma.o
                0x08005edc                HAL_DMA_IRQHandler
 .text.HAL_PWREx_GetVoltageRange
                0x08005fa0       0x10 build/stm32l4xx_hal_pwr_ex.o
                0x08005fa0                HAL_PWREx_GetVoltageRange
 .text.HAL_PWREx_ControlVoltageScaling
                0x08005fb0       0x90 build/stm32l4xx_hal_pwr_ex.o
                0x08005fb0                HAL_PWREx_ControlVoltageScaling
 .text.__NVIC_EnableIRQ
                0x08006040       0x1c build/stm32l4xx_hal_cortex.o
 .text.__NVIC_SetPriority
                0x0800605c       0x28 build/stm32l4xx_hal_cortex.o
 .text.NVIC_EncodePriority
                0x08006084       0x3e build/stm32l4xx_hal_cortex.o
 *fill*         0x080060c2        0x2 
 .text.HAL_NVIC_SetPriorityGrouping
                0x080060c4       0x24 build/stm32l4xx_hal_cortex.o
                0x080060c4                HAL_NVIC_SetPriorityGrouping
 .text.HAL_NVIC_SetPriority
                0x080060e8       0x20 build/stm32l4xx_hal_cortex.o
                0x080060e8                HAL_NVIC_SetPriority
 .text.HAL_NVIC_EnableIRQ
                0x08006108        0x8 build/stm32l4xx_hal_cortex.o
                0x08006108                HAL_NVIC_EnableIRQ
 .text.SPI_WaitFlagStateUntilTimeout
                0x08006110       0xc8 build/stm32l4xx_hal_spi.o
 .text.SPI_WaitFifoStateUntilTimeout
                0x080061d8       0xf0 build/stm32l4xx_hal_spi.o
 .text.SPI_EndRxTxTransaction
                0x080062c8       0x62 build/stm32l4xx_hal_spi.o
 .text.SPI_EndRxTransaction
                0x0800632a       0x82 build/stm32l4xx_hal_spi.o
 .text.HAL_SPI_Init
                0x080063ac       0xde build/stm32l4xx_hal_spi.o
                0x080063ac                HAL_SPI_Init
 *fill*         0x0800648a        0x2 
 .text.HAL_SPI_TransmitReceive_DMA
                0x0800648c      0x218 build/stm32l4xx_hal_spi.o
                0x0800648c                HAL_SPI_TransmitReceive_DMA
 .text.HAL_SPI_RxCpltCallback
                0x080066a4        0x2 build/stm32l4xx_hal_spi.o
                0x080066a4                HAL_SPI_RxCpltCallback
 .text.HAL_SPI_RxHalfCpltCallback
                0x080066a6        0x2 build/stm32l4xx_hal_spi.o
                0x080066a6                HAL_SPI_RxHalfCpltCallback
 .text.SPI_DMAHalfReceiveCplt
                0x080066a8        0xa build/stm32l4xx_hal_spi.o
 .text.HAL_SPI_TxRxHalfCpltCallback
                0x080066b2        0x2 build/stm32l4xx_hal_spi.o
                0x080066b2                HAL_SPI_TxRxHalfCpltCallback
 .text.SPI_DMAHalfTransmitReceiveCplt
                0x080066b4        0xa build/stm32l4xx_hal_spi.o
 .text.SPI_DMAError
                0x080066be       0x22 build/stm32l4xx_hal_spi.o
 .text.SPI_DMAReceiveCplt
                0x080066e0       0x70 build/stm32l4xx_hal_spi.o
 .text.SPI_DMATransmitReceiveCplt
                0x08006750       0x5e build/stm32l4xx_hal_spi.o
 *fill*         0x080067ae        0x2 
 .text.HAL_SPI_IRQHandler
                0x080067b0      0x118 build/stm32l4xx_hal_spi.o
                0x080067b0                HAL_SPI_IRQHandler
 .text.SPI_DMAAbortOnError
                0x080068c8       0x12 build/stm32l4xx_hal_spi.o
 .text.UART_EndTxTransfer
                0x080068da       0x18 build/stm32l4xx_hal_uart.o
 .text.UART_EndRxTransfer
                0x080068f2       0x52 build/stm32l4xx_hal_uart.o
 .text.HAL_UART_Transmit_DMA
                0x08006944       0x98 build/stm32l4xx_hal_uart.o
                0x08006944                HAL_UART_Transmit_DMA
 .text.UART_DMATransmitCplt
                0x080069dc       0x48 build/stm32l4xx_hal_uart.o
 .text.UART_EndTransmit_IT
                0x08006a24       0x22 build/stm32l4xx_hal_uart.o
 .text.HAL_UART_TxHalfCpltCallback
                0x08006a46        0x2 build/stm32l4xx_hal_uart.o
                0x08006a46                HAL_UART_TxHalfCpltCallback
 .text.UART_DMATxHalfCplt
                0x08006a48        0xa build/stm32l4xx_hal_uart.o
 .text.HAL_UART_ErrorCallback
                0x08006a52        0x2 build/stm32l4xx_hal_uart.o
                0x08006a52                HAL_UART_ErrorCallback
 .text.UART_DMAError
                0x08006a54       0x56 build/stm32l4xx_hal_uart.o
 .text.UART_DMAAbortOnError
                0x08006aaa       0x14 build/stm32l4xx_hal_uart.o
 .text.HAL_UARTEx_RxEventCallback
                0x08006abe        0x2 build/stm32l4xx_hal_uart.o
                0x08006abe                HAL_UARTEx_RxEventCallback
 .text.HAL_UART_IRQHandler
                0x08006ac0      0x308 build/stm32l4xx_hal_uart.o
                0x08006ac0                HAL_UART_IRQHandler
 .text.UART_RxISR_8BIT
                0x08006dc8       0xdc build/stm32l4xx_hal_uart.o
 .text.UART_RxISR_16BIT
                0x08006ea4       0xdc build/stm32l4xx_hal_uart.o
 .text.HAL_UART_GetState
                0x08006f80        0xa build/stm32l4xx_hal_uart.o
                0x08006f80                HAL_UART_GetState
 *fill*         0x08006f8a        0x2 
 .text.UART_SetConfig
                0x08006f8c      0x2e0 build/stm32l4xx_hal_uart.o
                0x08006f8c                UART_SetConfig
 .text.UART_AdvFeatureConfig
                0x0800726c       0xca build/stm32l4xx_hal_uart.o
                0x0800726c                UART_AdvFeatureConfig
 .text.UART_WaitOnFlagUntilTimeout
                0x08007336       0x9e build/stm32l4xx_hal_uart.o
                0x08007336                UART_WaitOnFlagUntilTimeout
 .text.UART_CheckIdleState
                0x080073d4       0xc6 build/stm32l4xx_hal_uart.o
                0x080073d4                UART_CheckIdleState
 .text.HAL_UART_Init
                0x0800749a       0x62 build/stm32l4xx_hal_uart.o
                0x0800749a                HAL_UART_Init
 .text.UART_Start_Receive_IT
                0x080074fc       0xd4 build/stm32l4xx_hal_uart.o
                0x080074fc                UART_Start_Receive_IT
 .text.HAL_UART_Receive_IT
                0x080075d0       0x4c build/stm32l4xx_hal_uart.o
                0x080075d0                HAL_UART_Receive_IT
 .text.HAL_UARTEx_WakeupCallback
                0x0800761c        0x2 build/stm32l4xx_hal_uart_ex.o
                0x0800761c                HAL_UARTEx_WakeupCallback
 *fill*         0x0800761e        0x2 
 .text.SystemInit
                0x08007620       0x14 build/system_stm32l4xx.o
                0x08007620                SystemInit
 .text.vListInitialise
                0x08007634       0x16 build/list.o
                0x08007634                vListInitialise
 .text.vListInitialiseItem
                0x0800764a        0x6 build/list.o
                0x0800764a                vListInitialiseItem
 .text.vListInsertEnd
                0x08007650       0x16 build/list.o
                0x08007650                vListInsertEnd
 .text.vListInsert
                0x08007666       0x32 build/list.o
                0x08007666                vListInsert
 .text.uxListRemove
                0x08007698       0x26 build/list.o
                0x08007698                uxListRemove
 .text.prvGetDisinheritPriorityAfterTimeout
                0x080076be       0x10 build/queue.o
 .text.prvIsQueueFull
                0x080076ce       0x1e build/queue.o
 .text.prvIsQueueEmpty
                0x080076ec       0x1a build/queue.o
 .text.prvCopyDataToQueue
                0x08007706       0x76 build/queue.o
 .text.prvCopyDataFromQueue
                0x0800777c       0x24 build/queue.o
 .text.prvUnlockQueue
                0x080077a0       0x6e build/queue.o
 .text.xQueueGenericReset
                0x0800780e       0x84 build/queue.o
                0x0800780e                xQueueGenericReset
 .text.prvInitialiseNewQueue
                0x08007892       0x22 build/queue.o
 .text.xQueueGenericCreateStatic
                0x080078b4       0x94 build/queue.o
                0x080078b4                xQueueGenericCreateStatic
 .text.xQueueGenericCreate
                0x08007948       0x48 build/queue.o
                0x08007948                xQueueGenericCreate
 .text.xQueueGenericSend
                0x08007990      0x188 build/queue.o
                0x08007990                xQueueGenericSend
 .text.prvInitialiseMutex
                0x08007b18       0x18 build/queue.o
 .text.xQueueCreateMutex
                0x08007b30       0x16 build/queue.o
                0x08007b30                xQueueCreateMutex
 .text.xQueueGenericSendFromISR
                0x08007b46       0xce build/queue.o
                0x08007b46                xQueueGenericSendFromISR
 .text.xQueueGiveFromISR
                0x08007c14       0xb2 build/queue.o
                0x08007c14                xQueueGiveFromISR
 .text.xQueueReceive
                0x08007cc6      0x15e build/queue.o
                0x08007cc6                xQueueReceive
 .text.xQueueSemaphoreTake
                0x08007e24      0x1a6 build/queue.o
                0x08007e24                xQueueSemaphoreTake
 *fill*         0x08007fca        0x2 
 .text.vQueueAddToRegistry
                0x08007fcc       0x28 build/queue.o
                0x08007fcc                vQueueAddToRegistry
 .text.vQueueWaitForMessageRestricted
                0x08007ff4       0x52 build/queue.o
                0x08007ff4                vQueueWaitForMessageRestricted
 .text.prvBytesInBuffer
                0x08008046       0x12 build/stream_buffer.o
 .text.prvInitialiseNewStreamBuffer
                0x08008058       0x40 build/stream_buffer.o
 .text.prvWriteBytesToBuffer
                0x08008098       0x8c build/stream_buffer.o
 .text.prvWriteMessageToBuffer
                0x08008124       0x44 build/stream_buffer.o
 .text.prvReadBytesFromBuffer
                0x08008168       0x82 build/stream_buffer.o
 .text.prvReadMessageFromBuffer
                0x080081ea       0x4c build/stream_buffer.o
 .text.xStreamBufferGenericCreate
                0x08008236       0x74 build/stream_buffer.o
                0x08008236                xStreamBufferGenericCreate
 .text.xStreamBufferSpacesAvailable
                0x080082aa       0x2a build/stream_buffer.o
                0x080082aa                xStreamBufferSpacesAvailable
 .text.xStreamBufferSendFromISR
                0x080082d4       0xa4 build/stream_buffer.o
                0x080082d4                xStreamBufferSendFromISR
 .text.xStreamBufferReceive
                0x08008378       0xea build/stream_buffer.o
                0x08008378                xStreamBufferReceive
 *fill*         0x08008462        0x2 
 .text.prvResetNextTaskUnblockTime
                0x08008464       0x2c build/tasks.o
 .text.prvInitialiseNewTask
                0x08008490       0xa2 build/tasks.o
 *fill*         0x08008532        0x2 
 .text.prvInitialiseTaskLists
                0x08008534       0x68 build/tasks.o
 .text.prvAddNewTaskToReadyList
                0x0800859c       0xac build/tasks.o
 .text.prvDeleteTCB
                0x08008648       0x38 build/tasks.o
 .text.prvCheckTasksWaitingTermination
                0x08008680       0x4c build/tasks.o
 .text.prvIdleTask
                0x080086cc       0x28 build/tasks.o
 .text.prvAddCurrentTaskToDelayedList
                0x080086f4       0x7c build/tasks.o
 .text.xTaskCreateStatic
                0x08008770       0x76 build/tasks.o
                0x08008770                xTaskCreateStatic
 .text.xTaskCreate
                0x080087e6       0x64 build/tasks.o
                0x080087e6                xTaskCreate
 *fill*         0x0800884a        0x2 
 .text.vTaskStartScheduler
                0x0800884c       0x98 build/tasks.o
                0x0800884c                vTaskStartScheduler
 .text.vTaskSuspendAll
                0x080088e4       0x10 build/tasks.o
                0x080088e4                vTaskSuspendAll
 .text.xTaskGetTickCount
                0x080088f4        0xc build/tasks.o
                0x080088f4                xTaskGetTickCount
 .text.xTaskIncrementTick
                0x08008900      0x118 build/tasks.o
                0x08008900                xTaskIncrementTick
 .text.xTaskResumeAll
                0x08008a18       0xf8 build/tasks.o
                0x08008a18                xTaskResumeAll
 .text.vTaskDelay
                0x08008b10       0x4c build/tasks.o
                0x08008b10                vTaskDelay
 .text.vTaskSwitchContext
                0x08008b5c       0x98 build/tasks.o
                0x08008b5c                vTaskSwitchContext
 .text.vTaskPlaceOnEventList
                0x08008bf4       0x30 build/tasks.o
                0x08008bf4                vTaskPlaceOnEventList
 .text.vTaskPlaceOnEventListRestricted
                0x08008c24       0x38 build/tasks.o
                0x08008c24                vTaskPlaceOnEventListRestricted
 .text.xTaskRemoveFromEventList
                0x08008c5c       0x8c build/tasks.o
                0x08008c5c                xTaskRemoveFromEventList
 .text.vTaskInternalSetTimeOutState
                0x08008ce8       0x18 build/tasks.o
                0x08008ce8                vTaskInternalSetTimeOutState
 .text.xTaskCheckForTimeOut
                0x08008d00       0x84 build/tasks.o
                0x08008d00                xTaskCheckForTimeOut
 .text.vTaskMissedYield
                0x08008d84        0xc build/tasks.o
                0x08008d84                vTaskMissedYield
 .text.xTaskGetCurrentTaskHandle
                0x08008d90        0xc build/tasks.o
                0x08008d90                xTaskGetCurrentTaskHandle
 .text.xTaskGetSchedulerState
                0x08008d9c       0x20 build/tasks.o
                0x08008d9c                xTaskGetSchedulerState
 .text.xTaskPriorityInherit
                0x08008dbc       0x98 build/tasks.o
                0x08008dbc                xTaskPriorityInherit
 .text.xTaskPriorityDisinherit
                0x08008e54       0x90 build/tasks.o
                0x08008e54                xTaskPriorityDisinherit
 .text.vTaskPriorityDisinheritAfterTimeout
                0x08008ee4       0xa0 build/tasks.o
                0x08008ee4                vTaskPriorityDisinheritAfterTimeout
 .text.pvTaskIncrementMutexHeldCount
                0x08008f84       0x1c build/tasks.o
                0x08008f84                pvTaskIncrementMutexHeldCount
 .text.xTaskNotifyWait
                0x08008fa0       0x98 build/tasks.o
                0x08008fa0                xTaskNotifyWait
 .text.xTaskGenericNotify
                0x08009038       0xf8 build/tasks.o
                0x08009038                xTaskGenericNotify
 .text.xTaskGenericNotifyFromISR
                0x08009130      0x128 build/tasks.o
                0x08009130                xTaskGenericNotifyFromISR
 .text.xTaskNotifyStateClear
                0x08009258       0x34 build/tasks.o
                0x08009258                xTaskNotifyStateClear
 .text.prvGetNextExpireTime
                0x0800928c       0x20 build/timers.o
 .text.prvInsertTimerInActiveList
                0x080092ac       0x48 build/timers.o
 .text.prvCheckForValidListAndQueue
                0x080092f4       0x70 build/timers.o
 .text.prvInitialiseNewTimer
                0x08009364       0x4c build/timers.o
 .text.xTimerCreateTimerTask
                0x080093b0       0x64 build/timers.o
                0x080093b0                xTimerCreateTimerTask
 .text.xTimerCreate
                0x08009414       0x38 build/timers.o
                0x08009414                xTimerCreate
 .text.xTimerGenericCommand
                0x0800944c       0x6c build/timers.o
                0x0800944c                xTimerGenericCommand
 .text.prvSwitchTimerLists
                0x080094b8       0x7c build/timers.o
 .text.prvSampleTimeNow
                0x08009534       0x2c build/timers.o
 .text.prvProcessExpiredTimer
                0x08009560       0x6c build/timers.o
 .text.prvProcessTimerOrBlockTask
                0x080095cc       0x74 build/timers.o
 .text.prvProcessReceivedCommands
                0x08009640      0x10c build/timers.o
 .text.prvTimerTask
                0x0800974c       0x16 build/timers.o
 .text.SysTick_Handler
                0x08009762       0x18 build/cmsis_os2.o
                0x08009762                SysTick_Handler
 *fill*         0x0800977a        0x2 
 .text.osKernelInitialize
                0x0800977c       0x24 build/cmsis_os2.o
                0x0800977c                osKernelInitialize
 .text.osKernelStart
                0x080097a0       0x38 build/cmsis_os2.o
                0x080097a0                osKernelStart
 .text.osThreadNew
                0x080097d8       0xbc build/cmsis_os2.o
                0x080097d8                osThreadNew
 .text.osDelay  0x08009894       0x1c build/cmsis_os2.o
                0x08009894                osDelay
 .text.vApplicationGetIdleTaskMemory
                0x080098b0       0x18 build/cmsis_os2.o
                0x080098b0                vApplicationGetIdleTaskMemory
 .text.vApplicationGetTimerTaskMemory
                0x080098c8       0x18 build/cmsis_os2.o
                0x080098c8                vApplicationGetTimerTaskMemory
 .text.prvHeapInit
                0x080098e0       0x64 build/heap_4.o
 .text.prvInsertBlockIntoFreeList
                0x08009944       0x64 build/heap_4.o
 .text.pvPortMalloc
                0x080099a8      0x104 build/heap_4.o
                0x080099a8                pvPortMalloc
 .text.vPortFree
                0x08009aac       0x7c build/heap_4.o
                0x08009aac                vPortFree
 .text.prvTaskExitError
                0x08009b28       0x40 build/port.o
 .text.prvPortStartFirstTask
                0x08009b68       0x28 build/port.o
 .text.vPortEnableVFP
                0x08009b90       0x14 build/port.o
 .text.pxPortInitialiseStack
                0x08009ba4       0x2c build/port.o
                0x08009ba4                pxPortInitialiseStack
 .text.SVC_Handler
                0x08009bd0       0x24 build/port.o
                0x08009bd0                SVC_Handler
 .text.vPortEnterCritical
                0x08009bf4       0x44 build/port.o
                0x08009bf4                vPortEnterCritical
 .text.vPortExitCritical
                0x08009c38       0x2c build/port.o
                0x08009c38                vPortExitCritical
 *fill*         0x08009c64        0xc 
 .text.PendSV_Handler
                0x08009c70       0x64 build/port.o
                0x08009c70                PendSV_Handler
 .text.xPortSysTickHandler
                0x08009cd4       0x2c build/port.o
                0x08009cd4                xPortSysTickHandler
 .text.vPortSetupTimerInterrupt
                0x08009d00       0x28 build/port.o
                0x08009d00                vPortSetupTimerInterrupt
 .text.xPortStartScheduler
                0x08009d28      0x118 build/port.o
                0x08009d28                xPortStartScheduler
 .text.vPortValidateInterruptPriority
                0x08009e40       0x5c build/port.o
                0x08009e40                vPortValidateInterruptPriority
 .text.memset   0x08009e9c       0x14 build/rlib.o
                0x08009e9c                memset
 .text.memcpy   0x08009eb0       0x18 build/rlib.o
                0x08009eb0                memcpy
 .text.strlen   0x08009ec8       0x10 build/rlib.o
                0x08009ec8                strlen
 .text.rbuffer_init
                0x08009ed8        0xe build/rbuffer.o
                0x08009ed8                rbuffer_init
 .text.rbuffer_skip
                0x08009ee6       0x12 build/rbuffer.o
                0x08009ee6                rbuffer_skip
 .text.rbuffer_getAvailSpace
                0x08009ef8       0x1a build/rbuffer.o
                0x08009ef8                rbuffer_getAvailSpace
 .text.rbuffer_write
                0x08009f12       0x36 build/rbuffer.o
                0x08009f12                rbuffer_write
 .text.rbuffer_isEmpty
                0x08009f48       0x12 build/rbuffer.o
                0x08009f48                rbuffer_isEmpty
 .text.rbuffer_getNextBlock
                0x08009f5a       0x46 build/rbuffer.o
                0x08009f5a                rbuffer_getNextBlock
 .text._out_buffer
                0x08009fa0        0x8 build/printf.o
 .text._out_null
                0x08009fa8        0x2 build/printf.o
 .text._atoi    0x08009faa       0x26 build/printf.o
 .text._out_rev
                0x08009fd0       0x7e build/printf.o
 .text._ntoa_format
                0x0800a04e      0x136 build/printf.o
 .text._ntoa_long
                0x0800a184       0x94 build/printf.o
 .text._ntoa_long_long
                0x0800a218       0xc2 build/printf.o
 *fill*         0x0800a2da        0x6 
 .text._etoa    0x0800a2e0      0x3f0 build/printf.o
 .text._ftoa    0x0800a6d0      0x398 build/printf.o
 .text._vsnprintf
                0x0800aa68      0x6b8 build/printf.o
 .text.snprintf_
                0x0800b120       0x28 build/printf.o
                0x0800b120                snprintf_
 .text.timerMEMsCallback
                0x0800b148       0x1c build/mems.o
                0x0800b148                timerMEMsCallback
 .text.timerPOLLCallback
                0x0800b164       0x1c build/mems.o
                0x0800b164                timerPOLLCallback
 .text.SPI_DMA_Transfer
                0x0800b180       0x40 build/mems.o
                0x0800b180                SPI_DMA_Transfer
 .text.HAL_SPI_TxRxCpltCallback
                0x0800b1c0       0x44 build/mems.o
                0x0800b1c0                HAL_SPI_TxRxCpltCallback
 .text.HAL_SPI_ErrorCallback
                0x0800b204       0x44 build/mems.o
                0x0800b204                HAL_SPI_ErrorCallback
 .text.LSM9DS1_WriteRegister
                0x0800b248       0x40 build/mems.o
                0x0800b248                LSM9DS1_WriteRegister
 .text.LSM9DS1_ReadRegister
                0x0800b288       0x7c build/mems.o
                0x0800b288                LSM9DS1_ReadRegister
 .text.LSM9DS1_ReadVec
                0x0800b304       0xc8 build/mems.o
                0x0800b304                LSM9DS1_ReadVec
 .text.LSM9DS1_ReadAcc
                0x0800b3cc        0xc build/mems.o
                0x0800b3cc                LSM9DS1_ReadAcc
 .text.LSM9DS1_ReadGyr
                0x0800b3d8        0xc build/mems.o
                0x0800b3d8                LSM9DS1_ReadGyr
 .text.LSM9DS1_ReadMag
                0x0800b3e4        0xc build/mems.o
                0x0800b3e4                LSM9DS1_ReadMag
 .text.init_taskMEMs
                0x0800b3f0       0x78 build/mems.o
                0x0800b3f0                init_taskMEMs
 .text.LSM9DS1_init
                0x0800b468       0xf8 build/mems.o
                0x0800b468                LSM9DS1_init
 .text.taskMEMs
                0x0800b560      0xcc4 build/mems.o
                0x0800b560                taskMEMs
 .text.svc_internal_UART_EndWriteDMA
                0x0800c224       0x52 build/service.o
                0x0800c224                svc_internal_UART_EndWriteDMA
 *fill*         0x0800c276        0x2 
 .text.svc_internal_UART_Write
                0x0800c278       0x68 build/service.o
                0x0800c278                svc_internal_UART_Write
 .text.svc_init_UART
                0x0800c2e0       0x54 build/service.o
                0x0800c2e0                svc_init_UART
 .text.init_taskService
                0x0800c334       0x34 build/service.o
                0x0800c334                init_taskService
 .text.taskService
                0x0800c368       0x58 build/service.o
                0x0800c368                taskService
 .text.svc_UART_Write
                0x0800c3c0       0x7c build/service.o
                0x0800c3c0                svc_UART_Write
 .text.svc_UART_getc
                0x0800c43c       0x24 build/service.o
                0x0800c43c                svc_UART_getc
 .text.HAL_UART_TxCpltCallback
                0x0800c460       0x64 build/service.o
                0x0800c460                HAL_UART_TxCpltCallback
 .text.HAL_UART_RxCpltCallback
                0x0800c4c4       0x64 build/service.o
                0x0800c4c4                HAL_UART_RxCpltCallback
 .text.taskBlink
                0x0800c528       0x2c build/apmain.o
                0x0800c528                taskBlink
 .text.apmain   0x0800c554       0xc4 build/apmain.o
                0x0800c554                apmain
 .text.init_taskDialogIn
                0x0800c618       0x3c build/apdialog.o
                0x0800c618                init_taskDialogIn
 .text.convert_float
                0x0800c654       0xd0 build/apdialog.o
                0x0800c654                convert_float
 .text.convert_number
                0x0800c724       0x50 build/apdialog.o
                0x0800c724                convert_number
 .text.read_token
                0x0800c774       0x5c build/apdialog.o
                0x0800c774                read_token
 .text.lookup_token
                0x0800c7d0       0xa0 build/apdialog.o
                0x0800c7d0                lookup_token
 .text.parse_command_line
                0x0800c870      0x56c build/apdialog.o
                0x0800c870                parse_command_line
 .text.taskDialogIn
                0x0800cddc        0x8 build/apdialog.o
                0x0800cddc                taskDialogIn
 .text.MOTOR_MSG_letInClutch
                0x0800cde4       0x1c build/motor.o
                0x0800cde4                MOTOR_MSG_letInClutch
 .text.MOTOR_MSG_letOutClutch
                0x0800ce00       0x1c build/motor.o
                0x0800ce00                MOTOR_MSG_letOutClutch
 .text.MOTOR_MSG_setHelmAngle
                0x0800ce1c       0x20 build/motor.o
                0x0800ce1c                MOTOR_MSG_setHelmAngle
 .text.MOTOR_MSG_moveTime
                0x0800ce3c       0x20 build/motor.o
                0x0800ce3c                MOTOR_MSG_moveTime
 .text.MOTOR_MSG_set_cvt_angle_time
                0x0800ce5c       0x20 build/motor.o
                0x0800ce5c                MOTOR_MSG_set_cvt_angle_time
 .text.MOTOR_MSG_set_hpf_coeff
                0x0800ce7c       0x2c build/motor.o
                0x0800ce7c                MOTOR_MSG_set_hpf_coeff
 .text.MOTOR_MSG_set_threshold
                0x0800cea8       0x2c build/motor.o
                0x0800cea8                MOTOR_MSG_set_threshold
 .text.Motor_set_cvt_angle_time
                0x0800ced4        0xc build/motor.o
                0x0800ced4                Motor_set_cvt_angle_time
 .text.Motor_newValues
                0x0800cee0      0x250 build/motor.o
                0x0800cee0                Motor_newValues
 .text.Motor_moveTime
                0x0800d130       0xdc build/motor.o
                0x0800d130                Motor_moveTime
 .text.Motor_setHelmAngle
                0x0800d20c       0xbc build/motor.o
                0x0800d20c                Motor_setHelmAngle
 .text.Motor_engageTiller
                0x0800d2c8       0x48 build/motor.o
                0x0800d2c8                Motor_engageTiller
 .text.Motor_disengageTiller
                0x0800d310       0x40 build/motor.o
                0x0800d310                Motor_disengageTiller
 .text.init_taskMotor
                0x0800d350       0x20 build/motor.o
                0x0800d350                init_taskMotor
 .text.taskMotor
                0x0800d370      0x26c build/motor.o
                0x0800d370                taskMotor
 .text.HAL_ADC_ConvCpltCallback
                0x0800d5dc       0x4c build/motor.o
                0x0800d5dc                HAL_ADC_ConvCpltCallback
 .text.AP_MSG_MotorStalled
                0x0800d628       0x34 build/autopilot.o
                0x0800d628                AP_MSG_MotorStalled
 .text.AP_init  0x0800d65c       0x2e build/autopilot.o
                0x0800d65c                AP_init
 *fill*         0x0800d68a        0x2 
 .text.init_taskAutoPilot
                0x0800d68c       0x2c build/autopilot.o
                0x0800d68c                init_taskAutoPilot
 .text.AP_set_mode_idle
                0x0800d6b8       0x14 build/autopilot.o
                0x0800d6b8                AP_set_mode_idle
 .text.AP_set_mode_heading
                0x0800d6cc       0x20 build/autopilot.o
                0x0800d6cc                AP_set_mode_heading
 .text.AP_turn  0x0800d6ec       0x38 build/autopilot.o
                0x0800d6ec                AP_turn
 .text.AP_get_heading_dir
                0x0800d724        0x6 build/autopilot.o
                0x0800d724                AP_get_heading_dir
 *fill*         0x0800d72a        0x2 
 .text.AP_new_values
                0x0800d72c      0x104 build/autopilot.o
                0x0800d72c                AP_new_values
 .text.taskAutoPilot
                0x0800d830      0x34c build/autopilot.o
                0x0800d830                taskAutoPilot
 .text.IMU_init_status
                0x0800db7c       0x58 build/imu.o
                0x0800db7c                IMU_init_status
 .text.IMU_get_roll
                0x0800dbd4        0x6 build/imu.o
                0x0800dbd4                IMU_get_roll
 .text.IMU_get_pitch
                0x0800dbda        0x6 build/imu.o
                0x0800dbda                IMU_get_pitch
 .text.IMU_get_heading
                0x0800dbe0        0x6 build/imu.o
                0x0800dbe0                IMU_get_heading
 .text.IMU_get_yawRate
                0x0800dbe6        0x6 build/imu.o
                0x0800dbe6                IMU_get_yawRate
 .text.IMU_set_mag_vs_gyr_prop
                0x0800dbec        0x8 build/imu.o
                0x0800dbec                IMU_set_mag_vs_gyr_prop
 .text.IMU_new_values
                0x0800dbf4      0x1b0 build/imu.o
                0x0800dbf4                IMU_new_values
 .text.vector3f_add
                0x0800dda4       0x4e build/geom.o
                0x0800dda4                vector3f_add
 .text.vector3f_getCrossProduct
                0x0800ddf2       0x66 build/geom.o
                0x0800ddf2                vector3f_getCrossProduct
 .text.vector3f_getScaled
                0x0800de58       0x42 build/geom.o
                0x0800de58                vector3f_getScaled
 .text.vector3f_getNorm
                0x0800de9a       0x2e build/geom.o
                0x0800de9a                vector3f_getNorm
 .text.vector3f_getNormalized
                0x0800dec8       0x6a build/geom.o
                0x0800dec8                vector3f_getNormalized
 .text.Vector3f_getSquareDiff
                0x0800df32       0x3e build/geom.o
                0x0800df32                Vector3f_getSquareDiff
 .text.cvt_dir_rad_deg
                0x0800df70       0x68 build/geom.o
                0x0800df70                cvt_dir_rad_deg
 .text.MadgwickAHRS_get_quat
                0x0800dfd8       0x2c build/madgwickAHRS.o
                0x0800dfd8                MadgwickAHRS_get_quat
 .text.MadgwickAHRS_get_Euler
                0x0800e004       0xf4 build/madgwickAHRS.o
                0x0800e004                MadgwickAHRS_get_Euler
 .text.invSqrt  0x0800e0f8       0x30 build/madgwickAHRS.o
                0x0800e0f8                invSqrt
 .text.MadgwickAHRSupdateIMU
                0x0800e128      0x378 build/madgwickAHRS.o
                0x0800e128                MadgwickAHRSupdateIMU
 .text.MadgwickAHRSupdate
                0x0800e4a0      0x718 build/madgwickAHRS.o
                0x0800e4a0                MadgwickAHRSupdate
 .text.AHRS_init
                0x0800ebb8       0x24 build/kalmanAHRS.o
                0x0800ebb8                AHRS_init
 .text.AHRS_update
                0x0800ebdc      0x448 build/kalmanAHRS.o
                0x0800ebdc                AHRS_update
 .text.Quaternionf_add
                0x0800f024       0x62 build/quat.o
                0x0800f024                Quaternionf_add
 .text.Quaternionf_mul
                0x0800f086       0xc2 build/quat.o
                0x0800f086                Quaternionf_mul
 .text.Quaternionf_getScaled
                0x0800f148       0x52 build/quat.o
                0x0800f148                Quaternionf_getScaled
 *fill*         0x0800f19a        0x2 
 .text.Calib6_getFace
                0x0800f19c       0x58 build/calib.o
                0x0800f19c                Calib6_getFace
 .text.Calib6_init
                0x0800f1f4       0x16 build/calib.o
                0x0800f1f4                Calib6_init
 *fill*         0x0800f20a        0x2 
 .text.Calib6_addSample
                0x0800f20c      0x3e0 build/calib.o
                0x0800f20c                Calib6_addSample
 .text.Calib6_hasEnoughSamples
                0x0800f5ec        0xc build/calib.o
                0x0800f5ec                Calib6_hasEnoughSamples
 .text.Calib6_ComputeCorrector
                0x0800f5f8      0x1f8 build/calib.o
                0x0800f5f8                Calib6_ComputeCorrector
 .text.Reset_Handler
                0x0800f7f0       0x50 build/startup_stm32l452xx.o
                0x0800f7f0                Reset_Handler
 .text.Default_Handler
                0x0800f840        0x2 build/startup_stm32l452xx.o
                0x0800f840                RTC_Alarm_IRQHandler
                0x0800f840                TIM1_CC_IRQHandler
                0x0800f840                TSC_IRQHandler
                0x0800f840                TAMP_STAMP_IRQHandler
                0x0800f840                EXTI3_IRQHandler
                0x0800f840                LPTIM2_IRQHandler
                0x0800f840                DFSDM1_FLT1_IRQHandler
                0x0800f840                I2C3_ER_IRQHandler
                0x0800f840                I2C2_EV_IRQHandler
                0x0800f840                CAN1_RX0_IRQHandler
                0x0800f840                FPU_IRQHandler
                0x0800f840                TIM1_UP_TIM16_IRQHandler
                0x0800f840                SPI1_IRQHandler
                0x0800f840                TIM6_DAC_IRQHandler
                0x0800f840                DMA2_Channel2_IRQHandler
                0x0800f840                USART3_IRQHandler
                0x0800f840                CAN1_RX1_IRQHandler
                0x0800f840                DMA2_Channel1_IRQHandler
                0x0800f840                QUADSPI_IRQHandler
                0x0800f840                I2C1_EV_IRQHandler
                0x0800f840                UART4_IRQHandler
                0x0800f840                DMA2_Channel4_IRQHandler
                0x0800f840                TIM3_IRQHandler
                0x0800f840                RCC_IRQHandler
                0x0800f840                TIM1_TRG_COM_IRQHandler
                0x0800f840                Default_Handler
                0x0800f840                EXTI15_10_IRQHandler
                0x0800f840                SDMMC1_IRQHandler
                0x0800f840                I2C3_EV_IRQHandler
                0x0800f840                USB_IRQHandler
                0x0800f840                EXTI9_5_IRQHandler
                0x0800f840                RTC_WKUP_IRQHandler
                0x0800f840                PVD_PVM_IRQHandler
                0x0800f840                CAN1_TX_IRQHandler
                0x0800f840                DMA2_Channel5_IRQHandler
                0x0800f840                CRS_IRQHandler
                0x0800f840                EXTI4_IRQHandler
                0x0800f840                RNG_IRQHandler
                0x0800f840                DMA1_Channel3_IRQHandler
                0x0800f840                COMP_IRQHandler
                0x0800f840                WWDG_IRQHandler
                0x0800f840                I2C4_EV_IRQHandler
                0x0800f840                LPUART1_IRQHandler
                0x0800f840                DFSDM1_FLT0_IRQHandler
                0x0800f840                I2C2_ER_IRQHandler
                0x0800f840                DMA1_Channel2_IRQHandler
                0x0800f840                CAN1_SCE_IRQHandler
                0x0800f840                FLASH_IRQHandler
                0x0800f840                SPI3_IRQHandler
                0x0800f840                I2C1_ER_IRQHandler
                0x0800f840                LPTIM1_IRQHandler
                0x0800f840                I2C4_ER_IRQHandler
                0x0800f840                SAI1_IRQHandler
                0x0800f840                DMA2_Channel3_IRQHandler
                0x0800f840                TIM1_BRK_TIM15_IRQHandler
 *(.glue_7)
 .glue_7        0x0800f842        0x0 linker stubs
 *(.glue_7t)
 .glue_7t       0x0800f842        0x0 linker stubs
 *(.eh_frame)
 *fill*         0x0800f842        0x2 
 .eh_frame      0x0800f844        0x0 /usr/lib/gcc/arm-none-eabi/12.2.1/thumb/v7e-m+fp/hard/crtbegin.o
 *(.init)
 .init          0x0800f844        0x4 /usr/lib/gcc/arm-none-eabi/12.2.1/thumb/v7e-m+fp/hard/crti.o
                0x0800f844                _init
 .init          0x0800f848        0x8 /usr/lib/gcc/arm-none-eabi/12.2.1/thumb/v7e-m+fp/hard/crtn.o
 *(.fini)
 .fini          0x0800f850        0x4 /usr/lib/gcc/arm-none-eabi/12.2.1/thumb/v7e-m+fp/hard/crti.o
                0x0800f850                _fini
 .fini          0x0800f854        0x8 /usr/lib/gcc/arm-none-eabi/12.2.1/thumb/v7e-m+fp/hard/crtn.o
 *fill*         0x0800f85c        0x4 
 .fini.__stub   0x0800f860        0x8 linker stubs
                0x0800f868                        . = ALIGN (0x8)
 *fill*         0x0800f868        0x0 
                0x0800f868                        _etext = .

.vfp11_veneer   0x0800f868        0x0
 .vfp11_veneer  0x0800f868        0x0 linker stubs

.v4_bx          0x0800f868        0x0
 .v4_bx         0x0800f868        0x0 linker stubs

.iplt           0x0800f868        0x0
 .iplt          0x0800f868        0x0 /usr/lib/gcc/arm-none-eabi/12.2.1/thumb/v7e-m+fp/hard/crtbegin.o

.rodata         0x0800f868      0xe78
                0x0800f868                        . = ALIGN (0x8)
 *(.rodata)
 .rodata        0x0800f868        0x7 build/mems.o
 *fill*         0x0800f86f        0x1 
 .rodata        0x0800f870       0x20 /usr/lib/gcc/arm-none-eabi/12.2.1/../../../arm-none-eabi/lib/thumb/v7e-m+fp/hard/libm.a(lib_a-sf_atan.o)
 .rodata        0x0800f890       0x18 /usr/lib/gcc/arm-none-eabi/12.2.1/../../../arm-none-eabi/lib/thumb/v7e-m+fp/hard/libm.a(lib_a-ef_atan2.o)
 .rodata        0x0800f8a8        0x8 /usr/lib/gcc/arm-none-eabi/12.2.1/../../../arm-none-eabi/lib/thumb/v7e-m+fp/hard/libm.a(lib_a-ef_fmod.o)
 .rodata        0x0800f8b0      0x398 /usr/lib/gcc/arm-none-eabi/12.2.1/../../../arm-none-eabi/lib/thumb/v7e-m+fp/hard/libm.a(lib_a-ef_rem_pio2.o)
 .rodata        0x0800fc48       0x38 /usr/lib/gcc/arm-none-eabi/12.2.1/../../../arm-none-eabi/lib/thumb/v7e-m+fp/hard/libm.a(lib_a-kf_rem_pio2.o)
 *(.rodata*)
 .rodata.str1.4
                0x0800fc80        0xc build/main.o
 .rodata.defaultTask_attributes
                0x0800fc8c       0x24 build/main.o
                0x0800fc8c                defaultTask_attributes
 .rodata.MSIRangeTable
                0x0800fcb0       0x30 build/system_stm32l4xx.o
                0x0800fcb0                MSIRangeTable
 .rodata.APBPrescTable
                0x0800fce0        0x8 build/system_stm32l4xx.o
                0x0800fce0                APBPrescTable
 .rodata.AHBPrescTable
                0x0800fce8       0x10 build/system_stm32l4xx.o
                0x0800fce8                AHBPrescTable
 .rodata.vTaskStartScheduler.str1.4
                0x0800fcf8        0x5 build/tasks.o
 *fill*         0x0800fcfd        0x3 
 .rodata.prvCheckForValidListAndQueue.str1.4
                0x0800fd00        0x5 build/timers.o
 *fill*         0x0800fd05        0x3 
 .rodata.xTimerCreateTimerTask.str1.4
                0x0800fd08        0x8 build/timers.o
 .rodata._ftoa.str1.4
                0x0800fd10       0x15 build/printf.o
 *fill*         0x0800fd25        0x3 
 .rodata.pow10.0
                0x0800fd28       0x50 build/printf.o
 .rodata.init_taskMEMs.str1.4
                0x0800fd78        0x5 build/mems.o
 *fill*         0x0800fd7d        0x3 
 .rodata.taskMEMs.str1.4
                0x0800fd80      0x1cf build/mems.o
 *fill*         0x0800ff4f        0x1 
 .rodata.apmain.str1.4
                0x0800ff50       0x26 build/apmain.o
                                 0x2e (size before relaxing)
 *fill*         0x0800ff76        0x2 
 .rodata.parse_command_line.str1.4
                0x0800ff78      0x216 build/apdialog.o
 *fill*         0x0801018e        0x2 
 .rodata.str1.4
                0x08010190       0xe3 build/apdialog.o
 *fill*         0x08010273        0x1 
 .rodata.tokenTable
                0x08010274       0xb8 build/apdialog.o
 .rodata.Motor_newValues.str1.4
                0x0801032c       0x5b build/motor.o
 *fill*         0x08010387        0x1 
 .rodata.Motor_moveTime.str1.4
                0x08010388       0x32 build/motor.o
 *fill*         0x080103ba        0x2 
 .rodata.Motor_engageTiller.str1.4
                0x080103bc       0x18 build/motor.o
 .rodata.Motor_disengageTiller.str1.4
                0x080103d4       0x1b build/motor.o
 *fill*         0x080103ef        0x1 
 .rodata.taskMotor.str1.4
                0x080103f0       0xe5 build/motor.o
 *fill*         0x080104d5        0x3 
 .rodata.AP_new_values.str1.4
                0x080104d8       0x18 build/autopilot.o
 .rodata.taskAutoPilot.str1.4
                0x080104f0       0xf3 build/autopilot.o
 *fill*         0x080105e3        0x1 
 .rodata.AHRS_update.str1.4
                0x080105e4       0x28 build/kalmanAHRS.o
 .rodata.Calib6_addSample.str1.4
                0x0801060c       0x70 build/calib.o
 .rodata.svs    0x0801067c       0x60 build/calib.o
 .rodata.str1.4
                0x080106dc       0x70 /usr/lib/gcc/arm-none-eabi/12.2.1/../../../arm-none-eabi/lib/thumb/v7e-m+fp/hard/libm.a(lib_a-wf_acos.o)
                                  0x1 (size before relaxing)
 .rodata.str1.4
                0x080106dc        0x1 /usr/lib/gcc/arm-none-eabi/12.2.1/../../../arm-none-eabi/lib/thumb/v7e-m+fp/hard/libm.a(lib_a-wf_asin.o)
                0x08010750                        . = ALIGN (0x8)
 *fill*         0x080106dc        0x4 

.ARM.extab      0x080106e0        0x0
                0x080106e0                        . = ALIGN (0x8)
 *(.ARM.extab* .gnu.linkonce.armextab.*)
                0x080106e0                        . = ALIGN (0x8)

.ARM            0x080106e0        0x8
                0x080106e0                        . = ALIGN (0x8)
                0x080106e0                        __exidx_start = .
 *(.ARM.exidx*)
 .ARM.exidx     0x080106e0        0x8 /usr/lib/gcc/arm-none-eabi/12.2.1/thumb/v7e-m+fp/hard/libgcc.a(_udivmoddi4.o)
                0x080106e8                        __exidx_end = .
                0x080106e8                        . = ALIGN (0x8)

.preinit_array  0x080106e8        0x0
                0x080106e8                        . = ALIGN (0x8)
                0x080106e8                        PROVIDE (__preinit_array_start = .)
 *(.preinit_array*)
                0x080106e8                        PROVIDE (__preinit_array_end = .)
                0x080106e8                        . = ALIGN (0x8)

.init_array     0x080106e8        0x8
                0x080106e8                        . = ALIGN (0x8)
                0x080106e8                        PROVIDE (__init_array_start = .)
 *(SORT_BY_NAME(.init_array.*))
 *(.init_array*)
 .init_array    0x080106e8        0x4 /usr/lib/gcc/arm-none-eabi/12.2.1/thumb/v7e-m+fp/hard/crtbegin.o
                0x080106ec                        PROVIDE (__init_array_end = .)
                0x080106f0                        . = ALIGN (0x8)
 *fill*         0x080106ec        0x4 

.fini_array     0x080106f0        0x8
                0x080106f0                        . = ALIGN (0x8)
                0x080106f0                        PROVIDE (__fini_array_start = .)
 *(SORT_BY_NAME(.fini_array.*))
 *(.fini_array*)
 .fini_array    0x080106f0        0x4 /usr/lib/gcc/arm-none-eabi/12.2.1/thumb/v7e-m+fp/hard/crtbegin.o
                0x080106f4                        PROVIDE (__fini_array_end = .)
                0x080106f8                        . = ALIGN (0x8)
 *fill*         0x080106f4        0x4 
                0x080106f8                        _sidata = LOADADDR (.data)

.rel.dyn        0x080106f8        0x0
 .rel.iplt      0x080106f8        0x0 /usr/lib/gcc/arm-none-eabi/12.2.1/thumb/v7e-m+fp/hard/crtbegin.o

.data           0x20000000      0x668 load address 0x080106f8
                0x20000000                        . = ALIGN (0x8)
                0x20000000                        _sdata = .
 *(.data)
 .data          0x20000000        0x1 /usr/lib/gcc/arm-none-eabi/12.2.1/../../../arm-none-eabi/lib/thumb/v7e-m+fp/hard/libm.a(lib_a-s_lib_ver.o)
                0x20000000                __fdlib_version
 *(.data*)
 .data.uwTickFreq
                0x20000001        0x1 build/stm32l4xx_hal.o
                0x20000001                uwTickFreq
 *fill*         0x20000002        0x2 
 .data.uwTickPrio
                0x20000004        0x4 build/stm32l4xx_hal.o
                0x20000004                uwTickPrio
 .data.SystemCoreClock
                0x20000008        0x4 build/system_stm32l4xx.o
                0x20000008                SystemCoreClock
 .data.uxCriticalNesting
                0x2000000c        0x4 build/port.o
 .data._ctypes  0x20000010      0x100 build/rlib.o
                0x20000010                _ctypes
 .data.command.0
                0x20000110        0x8 build/mems.o
 .data.command.1
                0x20000118        0x8 build/mems.o
 .data.corrector
                0x20000120       0x48 build/mems.o
 .data.request.0
                0x20000168       0x14 build/service.o
 .data.fcts     0x2000017c        0x8 build/service.o
                0x2000017c                fcts
 .data.svc_uart2
                0x20000184      0x220 build/service.o
                0x20000184                svc_uart2
 .data.svc_uart1
                0x200003a4      0x220 build/service.o
                0x200003a4                svc_uart1
 .data.msg.2    0x200005c4        0x8 build/motor.o
 .data.msg.3    0x200005cc        0x8 build/motor.o
 .data.msg.4    0x200005d4        0x8 build/motor.o
 .data.msg.5    0x200005dc        0x8 build/motor.o
 .data.msg.6    0x200005e4        0x8 build/motor.o
 .data.motorData
                0x200005ec       0x50 build/motor.o
                0x200005ec                motorData
 .data.msgMEMs.1
                0x2000063c        0x8 build/autopilot.o
 .data.unitmzf  0x20000644        0xc build/geom.o
                0x20000644                unitmzf
 .data.unitzf   0x20000650        0xc build/geom.o
                0x20000650                unitzf
 .data.q0       0x2000065c        0x4 build/madgwickAHRS.o
                0x2000065c                q0
 .data.beta     0x20000660        0x4 build/madgwickAHRS.o
                0x20000660                beta
 *(.RamFunc)
 *(.RamFunc*)
                0x20000668                        . = ALIGN (0x8)
 *fill*         0x20000664        0x4 
                0x20000668                        _edata = .

.tm_clone_table
                0x20000668        0x0 load address 0x08010d60
 .tm_clone_table
                0x20000668        0x0 /usr/lib/gcc/arm-none-eabi/12.2.1/thumb/v7e-m+fp/hard/crtbegin.o
 .tm_clone_table
                0x20000668        0x0 /usr/lib/gcc/arm-none-eabi/12.2.1/thumb/v7e-m+fp/hard/crtend.o

.igot.plt       0x20000668        0x0 load address 0x08010d60
 .igot.plt      0x20000668        0x0 /usr/lib/gcc/arm-none-eabi/12.2.1/thumb/v7e-m+fp/hard/crtbegin.o
                0x20000668                        . = ALIGN (0x4)

.bss            0x20000668    0x12690 load address 0x08010d60
                0x20000668                        _sbss = .
                0x20000668                        __bss_start__ = _sbss
 *(.bss)
 .bss           0x20000668       0x1c /usr/lib/gcc/arm-none-eabi/12.2.1/thumb/v7e-m+fp/hard/crtbegin.o
 *(.bss*)
 .bss.defaultTaskHandle
                0x20000684        0x4 build/main.o
                0x20000684                defaultTaskHandle
 .bss.hdma_usart2_tx
                0x20000688       0x48 build/main.o
                0x20000688                hdma_usart2_tx
 .bss.hdma_usart2_rx
                0x200006d0       0x48 build/main.o
                0x200006d0                hdma_usart2_rx
 .bss.hdma_usart1_tx
                0x20000718       0x48 build/main.o
                0x20000718                hdma_usart1_tx
 .bss.hdma_usart1_rx
                0x20000760       0x48 build/main.o
                0x20000760                hdma_usart1_rx
 .bss.huart3    0x200007a8       0x88 build/main.o
                0x200007a8                huart3
 .bss.huart2    0x20000830       0x88 build/main.o
                0x20000830                huart2
 .bss.huart1    0x200008b8       0x88 build/main.o
                0x200008b8                huart1
 .bss.huart4    0x20000940       0x88 build/main.o
                0x20000940                huart4
 .bss.htim3     0x200009c8       0x4c build/main.o
                0x200009c8                htim3
 .bss.hdma_spi2_tx
                0x20000a14       0x48 build/main.o
                0x20000a14                hdma_spi2_tx
 .bss.hdma_spi2_rx
                0x20000a5c       0x48 build/main.o
                0x20000a5c                hdma_spi2_rx
 .bss.hspi2     0x20000aa4       0x64 build/main.o
                0x20000aa4                hspi2
 .bss.hdma_adc1
                0x20000b08       0x48 build/main.o
                0x20000b08                hdma_adc1
 .bss.hadc1     0x20000b50       0x68 build/main.o
                0x20000b50                hadc1
 .bss.htim2     0x20000bb8       0x4c build/stm32l4xx_hal_timebase_tim.o
                0x20000bb8                htim2
 .bss.uwTick    0x20000c04        0x4 build/stm32l4xx_hal.o
                0x20000c04                uwTick
 .bss.xQueueRegistry
                0x20000c08       0x40 build/queue.o
                0x20000c08                xQueueRegistry
 .bss.uxSchedulerSuspended
                0x20000c48        0x4 build/tasks.o
 .bss.xIdleTaskHandle
                0x20000c4c        0x4 build/tasks.o
 .bss.xNextTaskUnblockTime
                0x20000c50        0x4 build/tasks.o
 .bss.uxTaskNumber
                0x20000c54        0x4 build/tasks.o
 .bss.xNumOfOverflows
                0x20000c58        0x4 build/tasks.o
 .bss.xYieldPending
                0x20000c5c        0x4 build/tasks.o
 .bss.xPendedTicks
                0x20000c60        0x4 build/tasks.o
 .bss.xSchedulerRunning
                0x20000c64        0x4 build/tasks.o
 .bss.uxTopReadyPriority
                0x20000c68        0x4 build/tasks.o
 .bss.xTickCount
                0x20000c6c        0x4 build/tasks.o
 .bss.uxCurrentNumberOfTasks
                0x20000c70        0x4 build/tasks.o
 .bss.xSuspendedTaskList
                0x20000c74       0x14 build/tasks.o
 .bss.uxDeletedTasksWaitingCleanUp
                0x20000c88        0x4 build/tasks.o
 .bss.xTasksWaitingTermination
                0x20000c8c       0x14 build/tasks.o
 .bss.xPendingReadyList
                0x20000ca0       0x14 build/tasks.o
 .bss.pxOverflowDelayedTaskList
                0x20000cb4        0x4 build/tasks.o
 .bss.pxDelayedTaskList
                0x20000cb8        0x4 build/tasks.o
 .bss.xDelayedTaskList2
                0x20000cbc       0x14 build/tasks.o
 .bss.xDelayedTaskList1
                0x20000cd0       0x14 build/tasks.o
 .bss.pxReadyTasksLists
                0x20000ce4      0x460 build/tasks.o
 .bss.pxCurrentTCB
                0x20001144        0x4 build/tasks.o
                0x20001144                pxCurrentTCB
 .bss.xStaticTimerQueue.0
                0x20001148       0x50 build/timers.o
 .bss.ucStaticTimerQueueStorage.1
                0x20001198       0xa0 build/timers.o
 .bss.xLastTime.2
                0x20001238        0x4 build/timers.o
 .bss.xTimerTaskHandle
                0x2000123c        0x4 build/timers.o
 .bss.xTimerQueue
                0x20001240        0x4 build/timers.o
 .bss.pxOverflowTimerList
                0x20001244        0x4 build/timers.o
 .bss.pxCurrentTimerList
                0x20001248        0x4 build/timers.o
 .bss.xActiveTimerList2
                0x2000124c       0x14 build/timers.o
 .bss.xActiveTimerList1
                0x20001260       0x14 build/timers.o
 .bss.Timer_Stack.0
                0x20001274      0x400 build/cmsis_os2.o
 .bss.Timer_TCB.1
                0x20001674       0x5c build/cmsis_os2.o
 .bss.Idle_Stack.2
                0x200016d0      0x200 build/cmsis_os2.o
 .bss.Idle_TCB.3
                0x200018d0       0x5c build/cmsis_os2.o
 .bss.KernelState
                0x2000192c        0x4 build/cmsis_os2.o
 .bss.xBlockAllocatedBit
                0x20001930        0x4 build/heap_4.o
 .bss.xNumberOfSuccessfulFrees
                0x20001934        0x4 build/heap_4.o
 .bss.xNumberOfSuccessfulAllocations
                0x20001938        0x4 build/heap_4.o
 .bss.xMinimumEverFreeBytesRemaining
                0x2000193c        0x4 build/heap_4.o
 .bss.xFreeBytesRemaining
                0x20001940        0x4 build/heap_4.o
 .bss.pxEnd     0x20001944        0x4 build/heap_4.o
 .bss.xStart    0x20001948        0x8 build/heap_4.o
 .bss.ucHeap    0x20001950    0x10000 build/heap_4.o
 .bss.ulMaxPRIGROUPValue
                0x20011950        0x4 build/port.o
 .bss.ucMaxSysCallPriority
                0x20011954        0x1 build/port.o
 *fill*         0x20011955        0x3 
 .bss.calibreur
                0x20011958      0x144 build/mems.o
 .bss.semspi2   0x20011a9c        0x4 build/mems.o
                0x20011a9c                semspi2
 .bss.timerPoll
                0x20011aa0        0x4 build/mems.o
 .bss.timerMEMs
                0x20011aa4        0x4 build/mems.o
 .bss.msgQueueMEMs
                0x20011aa8        0x4 build/mems.o
                0x20011aa8                msgQueueMEMs
 .bss.trop.1    0x20011aac        0x4 build/service.o
 .bss.dejaoccupe.2
                0x20011ab0        0x4 build/service.o
 .bss.relance.3
                0x20011ab4        0x4 build/service.o
 .bss.svcQueueRequests
                0x20011ab8        0x4 build/service.o
                0x20011ab8                svcQueueRequests
 .bss.message.0
                0x20011abc       0x64 build/apdialog.o
 .bss.msgQueueDialogOut
                0x20011b20        0x4 build/apdialog.o
                0x20011b20                msgQueueDialogOut
 .bss.msgQueueDialogIn
                0x20011b24        0x4 build/apdialog.o
                0x20011b24                msgQueueDialogIn
 .bss.xHigherPriorityTaskWoken.0
                0x20011b28        0x4 build/motor.o
 .bss.msgMotor.1
                0x20011b2c        0x8 build/motor.o
 .bss.adc_values
                0x20011b34        0x4 build/motor.o
 .bss.msgQueueMotor
                0x20011b38        0x4 build/motor.o
                0x20011b38                msgQueueMotor
 .bss.message.0
                0x20011b3c       0x78 build/autopilot.o
 .bss.message.2
                0x20011bb4       0xc8 build/autopilot.o
 .bss.msgQueueAutoPilot
                0x20011c7c        0x4 build/autopilot.o
                0x20011c7c                msgQueueAutoPilot
 .bss.APStatus  0x20011c80     0x105c build/autopilot.o
                0x20011c80                APStatus
 .bss.Vector3f_null
                0x20012cdc        0xc build/geom.o
                0x20012cdc                Vector3f_null
 .bss.__errno   0x20012ce8        0x4 build/geom.o
                0x20012ce8                __errno
 .bss.q3        0x20012cec        0x4 build/madgwickAHRS.o
                0x20012cec                q3
 .bss.q2        0x20012cf0        0x4 build/madgwickAHRS.o
                0x20012cf0                q2
 .bss.q1        0x20012cf4        0x4 build/madgwickAHRS.o
                0x20012cf4                q1
 *(COMMON)
                0x20012cf8                        . = ALIGN (0x4)
                0x20012cf8                        _ebss = .
                0x20012cf8                        __bss_end__ = _ebss

._user_heap_stack
                0x20012cf8      0x600 load address 0x08010d60
                0x20012cf8                        . = ALIGN (0x8)
                [!provide]                        PROVIDE (end = .)
                0x20012cf8                        PROVIDE (_end = .)
                0x20012ef8                        . = (. + _Min_Heap_Size)
 *fill*         0x20012cf8      0x200 
                0x200132f8                        . = (. + _Min_Stack_Size)
 *fill*         0x20012ef8      0x400 
                0x200132f8                        . = ALIGN (0x8)

/DISCARD/
 libc.a(*)
 libm.a(*)
 libgcc.a(*)
OUTPUT(build/NauteffAutoPilot.elf elf32-littlearm)
LOAD linker stubs
LOAD /usr/lib/gcc/arm-none-eabi/12.2.1/../../../arm-none-eabi/lib/thumb/v7e-m+fp/hard/libc.a
LOAD /usr/lib/gcc/arm-none-eabi/12.2.1/../../../arm-none-eabi/lib/thumb/v7e-m+fp/hard/libm.a
LOAD /usr/lib/gcc/arm-none-eabi/12.2.1/thumb/v7e-m+fp/hard/libgcc.a

.ARM.attributes
                0x00000000       0x30
 .ARM.attributes
                0x00000000       0x22 /usr/lib/gcc/arm-none-eabi/12.2.1/thumb/v7e-m+fp/hard/crti.o
 .ARM.attributes
                0x00000022       0x34 /usr/lib/gcc/arm-none-eabi/12.2.1/thumb/v7e-m+fp/hard/crtbegin.o
 .ARM.attributes
                0x00000056       0x34 build/main.o
 .ARM.attributes
                0x0000008a       0x34 build/stm32l4xx_it.o
 .ARM.attributes
                0x000000be       0x34 build/stm32l4xx_hal_msp.o
 .ARM.attributes
                0x000000f2       0x34 build/stm32l4xx_hal_timebase_tim.o
 .ARM.attributes
                0x00000126       0x34 build/stm32l4xx_ll_exti.o
 .ARM.attributes
                0x0000015a       0x34 build/stm32l4xx_hal_tim.o
 .ARM.attributes
                0x0000018e       0x34 build/stm32l4xx_hal_tim_ex.o
 .ARM.attributes
                0x000001c2       0x34 build/stm32l4xx_ll_gpio.o
 .ARM.attributes
                0x000001f6       0x34 build/stm32l4xx_hal_adc.o
 .ARM.attributes
                0x0000022a       0x34 build/stm32l4xx_hal_adc_ex.o
 .ARM.attributes
                0x0000025e       0x34 build/stm32l4xx_hal.o
 .ARM.attributes
                0x00000292       0x34 build/stm32l4xx_hal_rcc.o
 .ARM.attributes
                0x000002c6       0x34 build/stm32l4xx_hal_rcc_ex.o
 .ARM.attributes
                0x000002fa       0x34 build/stm32l4xx_hal_gpio.o
 .ARM.attributes
                0x0000032e       0x34 build/stm32l4xx_hal_dma.o
 .ARM.attributes
                0x00000362       0x34 build/stm32l4xx_hal_pwr_ex.o
 .ARM.attributes
                0x00000396       0x34 build/stm32l4xx_hal_cortex.o
 .ARM.attributes
                0x000003ca       0x34 build/stm32l4xx_hal_spi.o
 .ARM.attributes
                0x000003fe       0x34 build/stm32l4xx_hal_uart.o
 .ARM.attributes
                0x00000432       0x34 build/stm32l4xx_hal_uart_ex.o
 .ARM.attributes
                0x00000466       0x34 build/system_stm32l4xx.o
 .ARM.attributes
                0x0000049a       0x34 build/list.o
 .ARM.attributes
                0x000004ce       0x34 build/queue.o
 .ARM.attributes
                0x00000502       0x34 build/stream_buffer.o
 .ARM.attributes
                0x00000536       0x34 build/tasks.o
 .ARM.attributes
                0x0000056a       0x34 build/timers.o
 .ARM.attributes
                0x0000059e       0x34 build/cmsis_os2.o
 .ARM.attributes
                0x000005d2       0x34 build/heap_4.o
 .ARM.attributes
                0x00000606       0x34 build/port.o
 .ARM.attributes
                0x0000063a       0x34 build/rlib.o
 .ARM.attributes
                0x0000066e       0x34 build/rbuffer.o
 .ARM.attributes
                0x000006a2       0x34 build/printf.o
 .ARM.attributes
                0x000006d6       0x34 build/mems.o
 .ARM.attributes
                0x0000070a       0x34 build/service.o
 .ARM.attributes
                0x0000073e       0x34 build/apmain.o
 .ARM.attributes
                0x00000772       0x34 build/apdialog.o
 .ARM.attributes
                0x000007a6       0x34 build/motor.o
 .ARM.attributes
                0x000007da       0x34 build/autopilot.o
 .ARM.attributes
                0x0000080e       0x34 build/imu.o
 .ARM.attributes
                0x00000842       0x34 build/geom.o
 .ARM.attributes
                0x00000876       0x34 build/madgwickAHRS.o
 .ARM.attributes
                0x000008aa       0x34 build/kalmanAHRS.o
 .ARM.attributes
                0x000008de       0x34 build/quat.o
 .ARM.attributes
                0x00000912       0x34 build/calib.o
 .ARM.attributes
                0x00000946       0x21 build/startup_stm32l452xx.o
 .ARM.attributes
                0x00000967       0x34 /usr/lib/gcc/arm-none-eabi/12.2.1/../../../arm-none-eabi/lib/thumb/v7e-m+fp/hard/libc_nano.a(lib_a-init.o)
 .ARM.attributes
                0x0000099b       0x34 /usr/lib/gcc/arm-none-eabi/12.2.1/../../../arm-none-eabi/lib/thumb/v7e-m+fp/hard/libm.a(lib_a-sf_atan.o)
 .ARM.attributes
                0x000009cf       0x34 /usr/lib/gcc/arm-none-eabi/12.2.1/../../../arm-none-eabi/lib/thumb/v7e-m+fp/hard/libm.a(lib_a-sf_cos.o)
 .ARM.attributes
                0x00000a03       0x34 /usr/lib/gcc/arm-none-eabi/12.2.1/../../../arm-none-eabi/lib/thumb/v7e-m+fp/hard/libm.a(lib_a-sf_fabs.o)
 .ARM.attributes
                0x00000a37       0x34 /usr/lib/gcc/arm-none-eabi/12.2.1/../../../arm-none-eabi/lib/thumb/v7e-m+fp/hard/libm.a(lib_a-sf_fmax.o)
 .ARM.attributes
                0x00000a6b       0x34 /usr/lib/gcc/arm-none-eabi/12.2.1/../../../arm-none-eabi/lib/thumb/v7e-m+fp/hard/libm.a(lib_a-sf_fmin.o)
 .ARM.attributes
                0x00000a9f       0x34 /usr/lib/gcc/arm-none-eabi/12.2.1/../../../arm-none-eabi/lib/thumb/v7e-m+fp/hard/libm.a(lib_a-sf_fpclassify.o)
 .ARM.attributes
                0x00000ad3       0x34 /usr/lib/gcc/arm-none-eabi/12.2.1/../../../arm-none-eabi/lib/thumb/v7e-m+fp/hard/libm.a(lib_a-sf_sin.o)
 .ARM.attributes
                0x00000b07       0x34 /usr/lib/gcc/arm-none-eabi/12.2.1/../../../arm-none-eabi/lib/thumb/v7e-m+fp/hard/libm.a(lib_a-w_sqrt.o)
 .ARM.attributes
                0x00000b3b       0x34 /usr/lib/gcc/arm-none-eabi/12.2.1/../../../arm-none-eabi/lib/thumb/v7e-m+fp/hard/libm.a(lib_a-wf_acos.o)
 .ARM.attributes
                0x00000b6f       0x34 /usr/lib/gcc/arm-none-eabi/12.2.1/../../../arm-none-eabi/lib/thumb/v7e-m+fp/hard/libm.a(lib_a-wf_asin.o)
 .ARM.attributes
                0x00000ba3       0x34 /usr/lib/gcc/arm-none-eabi/12.2.1/../../../arm-none-eabi/lib/thumb/v7e-m+fp/hard/libm.a(lib_a-wf_atan2.o)
 .ARM.attributes
                0x00000bd7       0x34 /usr/lib/gcc/arm-none-eabi/12.2.1/../../../arm-none-eabi/lib/thumb/v7e-m+fp/hard/libm.a(lib_a-wf_fmod.o)
 .ARM.attributes
                0x00000c0b       0x34 /usr/lib/gcc/arm-none-eabi/12.2.1/../../../arm-none-eabi/lib/thumb/v7e-m+fp/hard/libm.a(lib_a-wf_sqrt.o)
 .ARM.attributes
                0x00000c3f       0x34 /usr/lib/gcc/arm-none-eabi/12.2.1/../../../arm-none-eabi/lib/thumb/v7e-m+fp/hard/libm.a(lib_a-e_sqrt.o)
 .ARM.attributes
                0x00000c73       0x34 /usr/lib/gcc/arm-none-eabi/12.2.1/../../../arm-none-eabi/lib/thumb/v7e-m+fp/hard/libm.a(lib_a-ef_acos.o)
 .ARM.attributes
                0x00000ca7       0x34 /usr/lib/gcc/arm-none-eabi/12.2.1/../../../arm-none-eabi/lib/thumb/v7e-m+fp/hard/libm.a(lib_a-ef_asin.o)
 .ARM.attributes
                0x00000cdb       0x34 /usr/lib/gcc/arm-none-eabi/12.2.1/../../../arm-none-eabi/lib/thumb/v7e-m+fp/hard/libm.a(lib_a-ef_atan2.o)
 .ARM.attributes
                0x00000d0f       0x34 /usr/lib/gcc/arm-none-eabi/12.2.1/../../../arm-none-eabi/lib/thumb/v7e-m+fp/hard/libm.a(lib_a-ef_fmod.o)
 .ARM.attributes
                0x00000d43       0x34 /usr/lib/gcc/arm-none-eabi/12.2.1/../../../arm-none-eabi/lib/thumb/v7e-m+fp/hard/libm.a(lib_a-ef_rem_pio2.o)
 .ARM.attributes
                0x00000d77       0x34 /usr/lib/gcc/arm-none-eabi/12.2.1/../../../arm-none-eabi/lib/thumb/v7e-m+fp/hard/libm.a(lib_a-ef_sqrt.o)
 .ARM.attributes
                0x00000dab       0x34 /usr/lib/gcc/arm-none-eabi/12.2.1/../../../arm-none-eabi/lib/thumb/v7e-m+fp/hard/libm.a(lib_a-kf_cos.o)
 .ARM.attributes
                0x00000ddf       0x34 /usr/lib/gcc/arm-none-eabi/12.2.1/../../../arm-none-eabi/lib/thumb/v7e-m+fp/hard/libm.a(lib_a-kf_rem_pio2.o)
 .ARM.attributes
                0x00000e13       0x34 /usr/lib/gcc/arm-none-eabi/12.2.1/../../../arm-none-eabi/lib/thumb/v7e-m+fp/hard/libm.a(lib_a-kf_sin.o)
 .ARM.attributes
                0x00000e47       0x34 /usr/lib/gcc/arm-none-eabi/12.2.1/../../../arm-none-eabi/lib/thumb/v7e-m+fp/hard/libm.a(lib_a-s_lib_ver.o)
 .ARM.attributes
                0x00000e7b       0x34 /usr/lib/gcc/arm-none-eabi/12.2.1/../../../arm-none-eabi/lib/thumb/v7e-m+fp/hard/libm.a(lib_a-sf_floor.o)
 .ARM.attributes
                0x00000eaf       0x34 /usr/lib/gcc/arm-none-eabi/12.2.1/../../../arm-none-eabi/lib/thumb/v7e-m+fp/hard/libm.a(lib_a-sf_nan.o)
 .ARM.attributes
                0x00000ee3       0x34 /usr/lib/gcc/arm-none-eabi/12.2.1/../../../arm-none-eabi/lib/thumb/v7e-m+fp/hard/libm.a(lib_a-sf_scalbn.o)
 .ARM.attributes
                0x00000f17       0x22 /usr/lib/gcc/arm-none-eabi/12.2.1/thumb/v7e-m+fp/hard/libgcc.a(_arm_addsubdf3.o)
 .ARM.attributes
                0x00000f39       0x22 /usr/lib/gcc/arm-none-eabi/12.2.1/thumb/v7e-m+fp/hard/libgcc.a(_arm_muldivdf3.o)
 .ARM.attributes
                0x00000f5b       0x22 /usr/lib/gcc/arm-none-eabi/12.2.1/thumb/v7e-m+fp/hard/libgcc.a(_arm_cmpdf2.o)
 .ARM.attributes
                0x00000f7d       0x22 /usr/lib/gcc/arm-none-eabi/12.2.1/thumb/v7e-m+fp/hard/libgcc.a(_arm_unorddf2.o)
 .ARM.attributes
                0x00000f9f       0x22 /usr/lib/gcc/arm-none-eabi/12.2.1/thumb/v7e-m+fp/hard/libgcc.a(_arm_fixdfsi.o)
 .ARM.attributes
                0x00000fc1       0x22 /usr/lib/gcc/arm-none-eabi/12.2.1/thumb/v7e-m+fp/hard/libgcc.a(_arm_fixunsdfsi.o)
 .ARM.attributes
                0x00000fe3       0x22 /usr/lib/gcc/arm-none-eabi/12.2.1/thumb/v7e-m+fp/hard/libgcc.a(_arm_truncdfsf2.o)
 .ARM.attributes
                0x00001005       0x22 /usr/lib/gcc/arm-none-eabi/12.2.1/thumb/v7e-m+fp/hard/libgcc.a(_aeabi_uldivmod.o)
 .ARM.attributes
                0x00001027       0x34 /usr/lib/gcc/arm-none-eabi/12.2.1/thumb/v7e-m+fp/hard/libgcc.a(_udivmoddi4.o)
 .ARM.attributes
                0x0000105b       0x22 /usr/lib/gcc/arm-none-eabi/12.2.1/thumb/v7e-m+fp/hard/libgcc.a(_dvmd_tls.o)
 .ARM.attributes
                0x0000107d       0x34 /usr/lib/gcc/arm-none-eabi/12.2.1/thumb/v7e-m+fp/hard/crtend.o
 .ARM.attributes
                0x000010b1       0x22 /usr/lib/gcc/arm-none-eabi/12.2.1/thumb/v7e-m+fp/hard/crtn.o

.comment        0x00000000       0x26
 .comment       0x00000000       0x26 /usr/lib/gcc/arm-none-eabi/12.2.1/thumb/v7e-m+fp/hard/crtbegin.o
                                 0x27 (size before relaxing)