Archive member included to satisfy reference by file (symbol)

/usr/lib/gcc/arm-none-eabi/12.2.1/../../../arm-none-eabi/lib/thumb/v7e-m+fp/hard/libc_nano.a(lib_a-atexit.o)
                              /usr/lib/gcc/arm-none-eabi/12.2.1/../../../arm-none-eabi/lib/thumb/v7e-m+fp/hard/crt0.o (atexit)
/usr/lib/gcc/arm-none-eabi/12.2.1/../../../arm-none-eabi/lib/thumb/v7e-m+fp/hard/libc_nano.a(lib_a-exit.o)
                              /usr/lib/gcc/arm-none-eabi/12.2.1/../../../arm-none-eabi/lib/thumb/v7e-m+fp/hard/crt0.o (exit)
/usr/lib/gcc/arm-none-eabi/12.2.1/../../../arm-none-eabi/lib/thumb/v7e-m+fp/hard/libc_nano.a(lib_a-fini.o)
                              /usr/lib/gcc/arm-none-eabi/12.2.1/../../../arm-none-eabi/lib/thumb/v7e-m+fp/hard/crt0.o (__libc_fini_array)
/usr/lib/gcc/arm-none-eabi/12.2.1/../../../arm-none-eabi/lib/thumb/v7e-m+fp/hard/libc_nano.a(lib_a-impure.o)
                              /usr/lib/gcc/arm-none-eabi/12.2.1/../../../arm-none-eabi/lib/thumb/v7e-m+fp/hard/libc_nano.a(lib_a-exit.o) (_global_impure_ptr)
/usr/lib/gcc/arm-none-eabi/12.2.1/../../../arm-none-eabi/lib/thumb/v7e-m+fp/hard/libc_nano.a(lib_a-init.o)
                              /usr/lib/gcc/arm-none-eabi/12.2.1/../../../arm-none-eabi/lib/thumb/v7e-m+fp/hard/crt0.o (__libc_init_array)
/usr/lib/gcc/arm-none-eabi/12.2.1/../../../arm-none-eabi/lib/thumb/v7e-m+fp/hard/libc_nano.a(lib_a-__atexit.o)
                              /usr/lib/gcc/arm-none-eabi/12.2.1/../../../arm-none-eabi/lib/thumb/v7e-m+fp/hard/libc_nano.a(lib_a-atexit.o) (__register_exitproc)
/usr/lib/gcc/arm-none-eabi/12.2.1/../../../arm-none-eabi/lib/thumb/v7e-m+fp/hard/libc_nano.a(lib_a-__call_atexit.o)
                              /usr/lib/gcc/arm-none-eabi/12.2.1/../../../arm-none-eabi/lib/thumb/v7e-m+fp/hard/libc_nano.a(lib_a-__atexit.o) (__call_exitprocs)
/usr/lib/gcc/arm-none-eabi/12.2.1/../../../arm-none-eabi/lib/thumb/v7e-m+fp/hard/libm.a(lib_a-sf_atan.o)
                              build/imu.o (atanf)
/usr/lib/gcc/arm-none-eabi/12.2.1/../../../arm-none-eabi/lib/thumb/v7e-m+fp/hard/libm.a(lib_a-sf_cos.o)
                              build/imu.o (cosf)
/usr/lib/gcc/arm-none-eabi/12.2.1/../../../arm-none-eabi/lib/thumb/v7e-m+fp/hard/libm.a(lib_a-sf_fabs.o)
                              /usr/lib/gcc/arm-none-eabi/12.2.1/../../../arm-none-eabi/lib/thumb/v7e-m+fp/hard/libm.a(lib_a-sf_atan.o) (fabsf)
/usr/lib/gcc/arm-none-eabi/12.2.1/../../../arm-none-eabi/lib/thumb/v7e-m+fp/hard/libm.a(lib_a-sf_sin.o)
                              build/imu.o (sinf)
/usr/lib/gcc/arm-none-eabi/12.2.1/../../../arm-none-eabi/lib/thumb/v7e-m+fp/hard/libm.a(lib_a-w_atan2.o)
                              build/imu.o (atan2)
/usr/lib/gcc/arm-none-eabi/12.2.1/../../../arm-none-eabi/lib/thumb/v7e-m+fp/hard/libm.a(lib_a-w_sqrt.o)
                              build/imu.o (sqrt)
/usr/lib/gcc/arm-none-eabi/12.2.1/../../../arm-none-eabi/lib/thumb/v7e-m+fp/hard/libm.a(lib_a-wf_acos.o)
                              build/imu.o (acosf)
/usr/lib/gcc/arm-none-eabi/12.2.1/../../../arm-none-eabi/lib/thumb/v7e-m+fp/hard/libm.a(lib_a-wf_asin.o)
                              build/madgwick.o (asinf)
/usr/lib/gcc/arm-none-eabi/12.2.1/../../../arm-none-eabi/lib/thumb/v7e-m+fp/hard/libm.a(lib_a-wf_atan2.o)
                              build/imu.o (atan2f)
/usr/lib/gcc/arm-none-eabi/12.2.1/../../../arm-none-eabi/lib/thumb/v7e-m+fp/hard/libm.a(lib_a-wf_fmod.o)
                              build/geom.o (fmodf)
/usr/lib/gcc/arm-none-eabi/12.2.1/../../../arm-none-eabi/lib/thumb/v7e-m+fp/hard/libm.a(lib_a-wf_sqrt.o)
                              build/imu.o (sqrtf)
/usr/lib/gcc/arm-none-eabi/12.2.1/../../../arm-none-eabi/lib/thumb/v7e-m+fp/hard/libm.a(lib_a-e_atan2.o)
                              /usr/lib/gcc/arm-none-eabi/12.2.1/../../../arm-none-eabi/lib/thumb/v7e-m+fp/hard/libm.a(lib_a-w_atan2.o) (__ieee754_atan2)
/usr/lib/gcc/arm-none-eabi/12.2.1/../../../arm-none-eabi/lib/thumb/v7e-m+fp/hard/libm.a(lib_a-e_sqrt.o)
                              /usr/lib/gcc/arm-none-eabi/12.2.1/../../../arm-none-eabi/lib/thumb/v7e-m+fp/hard/libm.a(lib_a-w_sqrt.o) (__ieee754_sqrt)
/usr/lib/gcc/arm-none-eabi/12.2.1/../../../arm-none-eabi/lib/thumb/v7e-m+fp/hard/libm.a(lib_a-ef_acos.o)
                              /usr/lib/gcc/arm-none-eabi/12.2.1/../../../arm-none-eabi/lib/thumb/v7e-m+fp/hard/libm.a(lib_a-wf_acos.o) (__ieee754_acosf)
/usr/lib/gcc/arm-none-eabi/12.2.1/../../../arm-none-eabi/lib/thumb/v7e-m+fp/hard/libm.a(lib_a-ef_asin.o)
                              /usr/lib/gcc/arm-none-eabi/12.2.1/../../../arm-none-eabi/lib/thumb/v7e-m+fp/hard/libm.a(lib_a-wf_asin.o) (__ieee754_asinf)
/usr/lib/gcc/arm-none-eabi/12.2.1/../../../arm-none-eabi/lib/thumb/v7e-m+fp/hard/libm.a(lib_a-ef_atan2.o)
                              /usr/lib/gcc/arm-none-eabi/12.2.1/../../../arm-none-eabi/lib/thumb/v7e-m+fp/hard/libm.a(lib_a-wf_atan2.o) (__ieee754_atan2f)
[...]
Memory Configuration

Name             Origin             Length             Attributes
RAM              0x20000000         0x00020000         xrw
RAM2             0x10000000         0x00008000         xrw
FLASH            0x08000000         0x00080000         xr
*default*        0x00000000         0xffffffff

Linker script and memory map

LOAD /usr/lib/gcc/arm-none-eabi/12.2.1/thumb/v7e-m+fp/hard/crti.o
LOAD /usr/lib/gcc/arm-none-eabi/12.2.1/thumb/v7e-m+fp/hard/crtbegin.o
LOAD /usr/lib/gcc/arm-none-eabi/12.2.1/../../../arm-none-eabi/lib/thumb/v7e-m+fp/hard/crt0.o
LOAD build/main.o
LOAD build/freertos.o
LOAD build/stm32l4xx_it.o
LOAD build/stm32l4xx_hal_msp.o
LOAD build/stm32l4xx_hal_timebase_tim.o
LOAD build/stm32l4xx_ll_utils.o
LOAD build/stm32l4xx_ll_exti.o
LOAD build/stm32l4xx_hal_tim.o
LOAD build/stm32l4xx_hal_tim_ex.o
LOAD build/stm32l4xx_ll_gpio.o
LOAD build/stm32l4xx_hal_adc.o
LOAD build/stm32l4xx_hal_adc_ex.o
LOAD build/stm32l4xx_hal.o
LOAD build/stm32l4xx_hal_rcc.o
LOAD build/stm32l4xx_hal_rcc_ex.o
LOAD build/stm32l4xx_hal_flash.o
LOAD build/stm32l4xx_hal_flash_ex.o
LOAD build/stm32l4xx_hal_flash_ramfunc.o
LOAD build/stm32l4xx_hal_gpio.o
LOAD build/stm32l4xx_hal_i2c.o
LOAD build/stm32l4xx_hal_i2c_ex.o
LOAD build/stm32l4xx_hal_dma.o
LOAD build/stm32l4xx_hal_dma_ex.o
LOAD build/stm32l4xx_hal_pwr.o
LOAD build/stm32l4xx_hal_pwr_ex.o
LOAD build/stm32l4xx_hal_cortex.o
LOAD build/stm32l4xx_hal_exti.o
LOAD build/stm32l4xx_hal_spi.o
LOAD build/stm32l4xx_hal_spi_ex.o
LOAD build/stm32l4xx_hal_uart.o
LOAD build/stm32l4xx_hal_uart_ex.o
LOAD build/system_stm32l4xx.o
LOAD build/croutine.o
LOAD build/event_groups.o
LOAD build/list.o
LOAD build/queue.o
LOAD build/stream_buffer.o
LOAD build/tasks.o
LOAD build/timers.o
LOAD build/cmsis_os2.o
LOAD build/heap_4.o
LOAD build/port.o
LOAD build/sysmem.o
LOAD build/syscalls.o
LOAD build/rlib.o
LOAD build/rbuffer.o
LOAD build/printf.o
LOAD build/mems.o
LOAD build/service.o
LOAD build/apmain.o
LOAD build/apdialog.o
LOAD build/motor.o
LOAD build/autopilot.o
LOAD build/imu.o
LOAD build/geom.o
LOAD build/madgwick.o
LOAD build/quat.o
LOAD build/matrix3f.o
LOAD build/startup_stm32l452xx.o
LOAD /usr/lib/gcc/arm-none-eabi/12.2.1/../../../arm-none-eabi/lib/thumb/v7e-m+fp/hard/libc_nano.a
LOAD /usr/lib/gcc/arm-none-eabi/12.2.1/../../../arm-none-eabi/lib/thumb/v7e-m+fp/hard/libm.a
LOAD /usr/lib/gcc/arm-none-eabi/12.2.1/../../../arm-none-eabi/lib/thumb/v7e-m+fp/hard/libnosys.a
START GROUP
LOAD /usr/lib/gcc/arm-none-eabi/12.2.1/thumb/v7e-m+fp/hard/libgcc.a
LOAD /usr/lib/gcc/arm-none-eabi/12.2.1/../../../arm-none-eabi/lib/thumb/v7e-m+fp/hard/libc_nano.a
END GROUP
START GROUP
LOAD /usr/lib/gcc/arm-none-eabi/12.2.1/thumb/v7e-m+fp/hard/libgcc.a
LOAD /usr/lib/gcc/arm-none-eabi/12.2.1/../../../arm-none-eabi/lib/thumb/v7e-m+fp/hard/libc_nano.a
END GROUP
LOAD /usr/lib/gcc/arm-none-eabi/12.2.1/thumb/v7e-m+fp/hard/crtend.o
LOAD /usr/lib/gcc/arm-none-eabi/12.2.1/thumb/v7e-m+fp/hard/crtn.o
                0x20020000                        _estack = (ORIGIN (RAM) + LENGTH (RAM))
                0x00000200                        _Min_Heap_Size = 0x200
                0x00000400                        _Min_Stack_Size = 0x400

.isr_vector     0x08000000      0x198
                0x08000000                        . = ALIGN (0x8)
 *(.isr_vector)
 .isr_vector    0x08000000      0x194 build/startup_stm32l452xx.o
                0x08000000                g_pfnVectors
                0x08000198                        . = ALIGN (0x8)
 *fill*         0x08000194        0x4 

.text           0x080001a0     0xddb0
                0x080001a0                        . = ALIGN (0x8)
 *(.text)
 .text          0x080001a0       0x88 /usr/lib/gcc/arm-none-eabi/12.2.1/thumb/v7e-m+fp/hard/crtbegin.o
 .text          0x08000228       0x50 /usr/lib/gcc/arm-none-eabi/12.2.1/../../../arm-none-eabi/lib/thumb/v7e-m+fp/hard/libc_nano.a(lib_a-init.o)
                0x08000228                __libc_init_array
 .text          0x08000278      0x1a8 /usr/lib/gcc/arm-none-eabi/12.2.1/../../../arm-none-eabi/lib/thumb/v7e-m+fp/hard/libm.a(lib_a-sf_atan.o)
                0x08000278                atanf
 .text          0x08000420       0x70 /usr/lib/gcc/arm-none-eabi/12.2.1/../../../arm-none-eabi/lib/thumb/v7e-m+fp/hard/libm.a(lib_a-sf_cos.o)
                0x08000420                cosf
 .text          0x08000490       0x10 /usr/lib/gcc/arm-none-eabi/12.2.1/../../../arm-none-eabi/lib/thumb/v7e-m+fp/hard/libm.a(lib_a-sf_fabs.o)
                0x08000490                fabsf
 .text          0x080004a0       0x74 /usr/lib/gcc/arm-none-eabi/12.2.1/../../../arm-none-eabi/lib/thumb/v7e-m+fp/hard/libm.a(lib_a-sf_sin.o)
                0x080004a0                sinf
 .text          0x08000514       0x74 /usr/lib/gcc/arm-none-eabi/12.2.1/../../../arm-none-eabi/lib/thumb/v7e-m+fp/hard/libm.a(lib_a-w_sqrt.o)
                0x08000514                sqrt
 .text          0x08000588       0x68 /usr/lib/gcc/arm-none-eabi/12.2.1/../../../arm-none-eabi/lib/thumb/v7e-m+fp/hard/libm.a(lib_a-wf_acos.o)
                0x08000588                acosf
 .text          0x080005f0       0x68 /usr/lib/gcc/arm-none-eabi/12.2.1/../../../arm-none-eabi/lib/thumb/v7e-m+fp/hard/libm.a(lib_a-wf_asin.o)
                0x080005f0                asinf
 .text          0x08000658        0x4 /usr/lib/gcc/arm-none-eabi/12.2.1/../../../arm-none-eabi/lib/thumb/v7e-m+fp/hard/libm.a(lib_a-wf_atan2.o)
                0x08000658                atan2f
 .text          0x0800065c       0x54 /usr/lib/gcc/arm-none-eabi/12.2.1/../../../arm-none-eabi/lib/thumb/v7e-m+fp/hard/libm.a(lib_a-wf_fmod.o)
                0x0800065c                fmodf
 .text          0x080006b0       0x50 /usr/lib/gcc/arm-none-eabi/12.2.1/../../../arm-none-eabi/lib/thumb/v7e-m+fp/hard/libm.a(lib_a-wf_sqrt.o)
                0x080006b0                sqrtf
 .text          0x08000700      0x198 /usr/lib/gcc/arm-none-eabi/12.2.1/../../../arm-none-eabi/lib/thumb/v7e-m+fp/hard/libm.a(lib_a-e_sqrt.o)
                0x08000700                __ieee754_sqrt
 .text          0x08000898      0x24c /usr/lib/gcc/arm-none-eabi/12.2.1/../../../arm-none-eabi/lib/thumb/v7e-m+fp/hard/libm.a(lib_a-ef_acos.o)
                0x08000898                __ieee754_acosf
 .text          0x08000ae4      0x1fc /usr/lib/gcc/arm-none-eabi/12.2.1/../../../arm-none-eabi/lib/thumb/v7e-m+fp/hard/libm.a(lib_a-ef_asin.o)
                0x08000ae4                __ieee754_asinf
 .text          0x08000ce0      0x14c /usr/lib/gcc/arm-none-eabi/12.2.1/../../../arm-none-eabi/lib/thumb/v7e-m+fp/hard/libm.a(lib_a-ef_atan2.o)
                0x08000ce0                __ieee754_atan2f
 .text          0x08000e2c      0x164 /usr/lib/gcc/arm-none-eabi/12.2.1/../../../arm-none-eabi/lib/thumb/v7e-m+fp/hard/libm.a(lib_a-ef_fmod.o)
                0x08000e2c                __ieee754_fmodf
 .text          0x08000f90      0x260 /usr/lib/gcc/arm-none-eabi/12.2.1/../../../arm-none-eabi/lib/thumb/v7e-m+fp/hard/libm.a(lib_a-ef_rem_pio2.o)
                0x08000f90                __ieee754_rem_pio2f
 .text          0x080011f0        0x8 /usr/lib/gcc/arm-none-eabi/12.2.1/../../../arm-none-eabi/lib/thumb/v7e-m+fp/hard/libm.a(lib_a-ef_sqrt.o)
                0x080011f0                __ieee754_sqrtf
 .text          0x080011f8      0x104 /usr/lib/gcc/arm-none-eabi/12.2.1/../../../arm-none-eabi/lib/thumb/v7e-m+fp/hard/libm.a(lib_a-kf_cos.o)
                0x080011f8                __kernel_cosf
 .text          0x080012fc      0x67c /usr/lib/gcc/arm-none-eabi/12.2.1/../../../arm-none-eabi/lib/thumb/v7e-m+fp/hard/libm.a(lib_a-kf_rem_pio2.o)
                0x080012fc                __kernel_rem_pio2f
 .text          0x08001978       0x90 /usr/lib/gcc/arm-none-eabi/12.2.1/../../../arm-none-eabi/lib/thumb/v7e-m+fp/hard/libm.a(lib_a-kf_sin.o)
                0x08001978                __kernel_sinf
 .text          0x08001a08       0x94 /usr/lib/gcc/arm-none-eabi/12.2.1/../../../arm-none-eabi/lib/thumb/v7e-m+fp/hard/libm.a(lib_a-sf_floor.o)
                0x08001a08                floorf
 .text          0x08001a9c        0xc /usr/lib/gcc/arm-none-eabi/12.2.1/../../../arm-none-eabi/lib/thumb/v7e-m+fp/hard/libm.a(lib_a-sf_nan.o)
                0x08001a9c                nanf
 .text          0x08001aa8       0xdc /usr/lib/gcc/arm-none-eabi/12.2.1/../../../arm-none-eabi/lib/thumb/v7e-m+fp/hard/libm.a(lib_a-sf_scalbn.o)
                0x08001aa8                scalbnf
 .text          0x08001b84      0x378 /usr/lib/gcc/arm-none-eabi/12.2.1/thumb/v7e-m+fp/hard/libgcc.a(_arm_addsubdf3.o)
                0x08001b84                __aeabi_drsub
                0x08001b8c                __aeabi_dsub
                0x08001b8c                __subdf3
                0x08001b90                __adddf3
                0x08001b90                __aeabi_dadd
                0x08001e08                __aeabi_ui2d
                0x08001e08                __floatunsidf
                0x08001e28                __floatsidf
                0x08001e28                __aeabi_i2d
                0x08001e4c                __extendsfdf2
                0x08001e4c                __aeabi_f2d
                0x08001e90                __aeabi_ul2d
                0x08001e90                __floatundidf
                0x08001ea0                __floatdidf
                0x08001ea0                __aeabi_l2d
 .text          0x08001efc      0x424 /usr/lib/gcc/arm-none-eabi/12.2.1/thumb/v7e-m+fp/hard/libgcc.a(_arm_muldivdf3.o)
                0x08001efc                __aeabi_dmul
                0x08001efc                __muldf3
                0x08002150                __aeabi_ddiv
                0x08002150                __divdf3
 .text          0x08002320      0x110 /usr/lib/gcc/arm-none-eabi/12.2.1/thumb/v7e-m+fp/hard/libgcc.a(_arm_cmpdf2.o)
                0x08002320                __gtdf2
                0x08002320                __gedf2
                0x08002328                __ltdf2
                0x08002328                __ledf2
                0x08002330                __cmpdf2
                0x08002330                __eqdf2
                0x08002330                __nedf2
                0x080023ac                __aeabi_cdrcmple
                0x080023bc                __aeabi_cdcmple
                0x080023bc                __aeabi_cdcmpeq
                0x080023cc                __aeabi_dcmpeq
                0x080023e0                __aeabi_dcmplt
                0x080023f4                __aeabi_dcmple
                0x08002408                __aeabi_dcmpge
                0x0800241c                __aeabi_dcmpgt
 .text          0x08002430       0x2c /usr/lib/gcc/arm-none-eabi/12.2.1/thumb/v7e-m+fp/hard/libgcc.a(_arm_unorddf2.o)
                0x08002430                __aeabi_dcmpun
                0x08002430                __unorddf2
 .text          0x0800245c       0x50 /usr/lib/gcc/arm-none-eabi/12.2.1/thumb/v7e-m+fp/hard/libgcc.a(_arm_fixdfsi.o)
                0x0800245c                __fixdfsi
                0x0800245c                __aeabi_d2iz
 .text          0x080024ac       0x40 /usr/lib/gcc/arm-none-eabi/12.2.1/thumb/v7e-m+fp/hard/libgcc.a(_arm_fixunsdfsi.o)
                0x080024ac                __fixunsdfsi
                0x080024ac                __aeabi_d2uiz
 .text          0x080024ec       0xa0 /usr/lib/gcc/arm-none-eabi/12.2.1/thumb/v7e-m+fp/hard/libgcc.a(_arm_truncdfsf2.o)
                0x080024ec                __aeabi_d2f
                0x080024ec                __truncdfsf2
 .text          0x0800258c       0x30 /usr/lib/gcc/arm-none-eabi/12.2.1/thumb/v7e-m+fp/hard/libgcc.a(_aeabi_uldivmod.o)
                0x0800258c                __aeabi_uldivmod
 .text          0x080025bc      0x2bc /usr/lib/gcc/arm-none-eabi/12.2.1/thumb/v7e-m+fp/hard/libgcc.a(_udivmoddi4.o)
                0x080025bc                __udivmoddi4
 .text          0x08002878        0x4 /usr/lib/gcc/arm-none-eabi/12.2.1/thumb/v7e-m+fp/hard/libgcc.a(_dvmd_tls.o)
                0x08002878                __aeabi_ldiv0
                0x08002878                __aeabi_idiv0
 *(.text*)
 .text.NVIC_EncodePriority
                0x0800287c       0x3e build/main.o
 .text.LL_GPIO_SetPinMode
                0x080028ba       0x3c build/main.o
 .text.LL_GPIO_SetPinPull
                0x080028f6       0x3c build/main.o
 *fill*         0x08002932        0x2 
 .text.MX_GPIO_Init
                0x08002934      0x320 build/main.o
 .text.MX_DMA_Init
                0x08002c54       0xa4 build/main.o
 .text.StartDefaultTask
                0x08002cf8        0xa build/main.o
                0x08002cf8                StartDefaultTask
 .text.HAL_TIM_PeriodElapsedCallback
                0x08002d02       0x12 build/main.o
                0x08002d02                HAL_TIM_PeriodElapsedCallback
 .text.Error_Handler
                0x08002d14        0x4 build/main.o
                0x08002d14                Error_Handler
 .text.MX_USART2_UART_Init
                0x08002d18       0x38 build/main.o
 .text.MX_USART1_UART_Init
                0x08002d50       0x38 build/main.o
 .text.MX_ADC1_Init
                0x08002d88       0xa4 build/main.o
 .text.MX_TIM3_Init
                0x08002e2c       0x6c build/main.o
 .text.MX_SPI2_Init
                0x08002e98       0x4c build/main.o
 .text.MX_UART4_Init
                0x08002ee4       0x38 build/main.o
 .text.MX_USART3_UART_Init
                0x08002f1c       0x38 build/main.o
 .text.SystemClock_Config
                0x08002f54       0x88 build/main.o
                0x08002f54                SystemClock_Config
 .text.main     0x08002fdc       0x58 build/main.o
                0x08002fdc                main
 .text.NMI_Handler
                0x08003034        0x2 build/stm32l4xx_it.o
                0x08003034                NMI_Handler
 .text.HardFault_Handler
                0x08003036        0x2 build/stm32l4xx_it.o
                0x08003036                HardFault_Handler
 .text.MemManage_Handler
                0x08003038        0x2 build/stm32l4xx_it.o
                0x08003038                MemManage_Handler
 .text.BusFault_Handler
                0x0800303a        0x2 build/stm32l4xx_it.o
                0x0800303a                BusFault_Handler
 .text.UsageFault_Handler
                0x0800303c        0x2 build/stm32l4xx_it.o
                0x0800303c                UsageFault_Handler
 .text.DebugMon_Handler
                0x0800303e        0x2 build/stm32l4xx_it.o
                0x0800303e                DebugMon_Handler
 .text.EXTI0_IRQHandler
                0x08003040       0x18 build/stm32l4xx_it.o
                0x08003040                EXTI0_IRQHandler
 .text.EXTI1_IRQHandler
                0x08003058       0x18 build/stm32l4xx_it.o
                0x08003058                EXTI1_IRQHandler
 .text.EXTI2_IRQHandler
                0x08003070       0x18 build/stm32l4xx_it.o
                0x08003070                EXTI2_IRQHandler
 .text.DMA1_Channel1_IRQHandler
                0x08003088       0x10 build/stm32l4xx_it.o
                0x08003088                DMA1_Channel1_IRQHandler
 .text.DMA1_Channel4_IRQHandler
                0x08003098       0x10 build/stm32l4xx_it.o
                0x08003098                DMA1_Channel4_IRQHandler
 .text.DMA1_Channel5_IRQHandler
                0x080030a8       0x10 build/stm32l4xx_it.o
                0x080030a8                DMA1_Channel5_IRQHandler
 .text.DMA1_Channel6_IRQHandler
                0x080030b8       0x10 build/stm32l4xx_it.o
                0x080030b8                DMA1_Channel6_IRQHandler
 .text.DMA1_Channel7_IRQHandler
                0x080030c8       0x10 build/stm32l4xx_it.o
                0x080030c8                DMA1_Channel7_IRQHandler
 .text.ADC1_IRQHandler
                0x080030d8       0x10 build/stm32l4xx_it.o
                0x080030d8                ADC1_IRQHandler
 .text.TIM2_IRQHandler
                0x080030e8       0x10 build/stm32l4xx_it.o
                0x080030e8                TIM2_IRQHandler
 .text.SPI2_IRQHandler
                0x080030f8       0x10 build/stm32l4xx_it.o
                0x080030f8                SPI2_IRQHandler
 .text.USART1_IRQHandler
                0x08003108       0x10 build/stm32l4xx_it.o
                0x08003108                USART1_IRQHandler
 .text.USART2_IRQHandler
                0x08003118       0x10 build/stm32l4xx_it.o
                0x08003118                USART2_IRQHandler
 .text.DMA2_Channel6_IRQHandler
                0x08003128       0x10 build/stm32l4xx_it.o
                0x08003128                DMA2_Channel6_IRQHandler
 .text.DMA2_Channel7_IRQHandler
                0x08003138       0x10 build/stm32l4xx_it.o
                0x08003138                DMA2_Channel7_IRQHandler
 .text.HAL_MspInit
                0x08003148       0x40 build/stm32l4xx_hal_msp.o
                0x08003148                HAL_MspInit
 .text.HAL_ADC_MspInit
                0x08003188       0xf0 build/stm32l4xx_hal_msp.o
                0x08003188                HAL_ADC_MspInit
 .text.HAL_SPI_MspInit
                0x08003278       0xe8 build/stm32l4xx_hal_msp.o
                0x08003278                HAL_SPI_MspInit
 .text.HAL_TIM_Base_MspInit
                0x08003360       0x64 build/stm32l4xx_hal_msp.o
                0x08003360                HAL_TIM_Base_MspInit
 .text.HAL_UART_MspInit
                0x080033c4      0x2ac build/stm32l4xx_hal_msp.o
                0x080033c4                HAL_UART_MspInit
 .text.HAL_InitTick
                0x08003670       0xa0 build/stm32l4xx_hal_timebase_tim.o
                0x08003670                HAL_InitTick
 .text.LL_EXTI_Init
                0x08003710      0x19c build/stm32l4xx_ll_exti.o
                0x08003710                LL_EXTI_Init
 .text.TIM_TI1_ConfigInputStage
                0x080038ac       0x26 build/stm32l4xx_hal_tim.o
 .text.TIM_TI2_ConfigInputStage
                0x080038d2       0x28 build/stm32l4xx_hal_tim.o
 .text.TIM_ITRx_SetConfig
                0x080038fa       0x10 build/stm32l4xx_hal_tim.o
 *fill*         0x0800390a        0x2 
 .text.HAL_TIM_Base_Start
                0x0800390c       0x6c build/stm32l4xx_hal_tim.o
                0x0800390c                HAL_TIM_Base_Start
 .text.HAL_TIM_Base_Start_IT
                0x08003978       0x74 build/stm32l4xx_hal_tim.o
                0x08003978                HAL_TIM_Base_Start_IT
 .text.HAL_TIM_OC_DelayElapsedCallback
                0x080039ec        0x2 build/stm32l4xx_hal_tim.o
                0x080039ec                HAL_TIM_OC_DelayElapsedCallback
 .text.HAL_TIM_IC_CaptureCallback
                0x080039ee        0x2 build/stm32l4xx_hal_tim.o
                0x080039ee                HAL_TIM_IC_CaptureCallback
 .text.HAL_TIM_PWM_PulseFinishedCallback
                0x080039f0        0x2 build/stm32l4xx_hal_tim.o
                0x080039f0                HAL_TIM_PWM_PulseFinishedCallback
 .text.HAL_TIM_TriggerCallback
                0x080039f2        0x2 build/stm32l4xx_hal_tim.o
                0x080039f2                HAL_TIM_TriggerCallback
 .text.HAL_TIM_IRQHandler
                0x080039f4      0x17a build/stm32l4xx_hal_tim.o
                0x080039f4                HAL_TIM_IRQHandler
 *fill*         0x08003b6e        0x2 
 .text.TIM_Base_SetConfig
                0x08003b70       0x90 build/stm32l4xx_hal_tim.o
                0x08003b70                TIM_Base_SetConfig
 .text.HAL_TIM_Base_Init
                0x08003c00       0x60 build/stm32l4xx_hal_tim.o
                0x08003c00                HAL_TIM_Base_Init
 .text.TIM_ETR_SetConfig
                0x08003c60       0x1a build/stm32l4xx_hal_tim.o
                0x08003c60                TIM_ETR_SetConfig
 *fill*         0x08003c7a        0x2 
 .text.HAL_TIM_ConfigClockSource
                0x08003c7c      0x100 build/stm32l4xx_hal_tim.o
                0x08003c7c                HAL_TIM_ConfigClockSource
 .text.HAL_TIMEx_MasterConfigSynchronization
                0x08003d7c       0x78 build/stm32l4xx_hal_tim_ex.o
                0x08003d7c                HAL_TIMEx_MasterConfigSynchronization
 .text.HAL_TIMEx_CommutCallback
                0x08003df4        0x2 build/stm32l4xx_hal_tim_ex.o
                0x08003df4                HAL_TIMEx_CommutCallback
 .text.HAL_TIMEx_BreakCallback
                0x08003df6        0x2 build/stm32l4xx_hal_tim_ex.o
                0x08003df6                HAL_TIMEx_BreakCallback
 .text.HAL_TIMEx_Break2Callback
                0x08003df8        0x2 build/stm32l4xx_hal_tim_ex.o
                0x08003df8                HAL_TIMEx_Break2Callback
 .text.LL_GPIO_SetPinMode
                0x08003dfa       0x3c build/stm32l4xx_ll_gpio.o
 .text.LL_GPIO_SetPinSpeed
                0x08003e36       0x3c build/stm32l4xx_ll_gpio.o
 .text.LL_GPIO_SetPinPull
                0x08003e72       0x3c build/stm32l4xx_ll_gpio.o
 .text.LL_GPIO_SetAFPin_0_7
                0x08003eae       0x3c build/stm32l4xx_ll_gpio.o
 .text.LL_GPIO_SetAFPin_8_15
                0x08003eea       0x3e build/stm32l4xx_ll_gpio.o
 .text.LL_GPIO_Init
                0x08003f28       0x88 build/stm32l4xx_ll_gpio.o
                0x08003f28                LL_GPIO_Init
 .text.LL_ADC_REG_SetSequencerRanks
                0x08003fb0       0x30 build/stm32l4xx_hal_adc.o
 .text.LL_ADC_SetChannelSamplingTime
                0x08003fe0       0x2c build/stm32l4xx_hal_adc.o
 .text.HAL_ADC_Init
                0x0800400c      0x1d4 build/stm32l4xx_hal_adc.o
                0x0800400c                HAL_ADC_Init
 .text.HAL_ADC_ConvHalfCpltCallback
                0x080041e0        0x2 build/stm32l4xx_hal_adc.o
                0x080041e0                HAL_ADC_ConvHalfCpltCallback
 .text.ADC_DMAHalfConvCplt
                0x080041e2        0xa build/stm32l4xx_hal_adc.o
                0x080041e2                ADC_DMAHalfConvCplt
 .text.HAL_ADC_LevelOutOfWindowCallback
                0x080041ec        0x2 build/stm32l4xx_hal_adc.o
                0x080041ec                HAL_ADC_LevelOutOfWindowCallback
 .text.HAL_ADC_ErrorCallback
                0x080041ee        0x2 build/stm32l4xx_hal_adc.o
                0x080041ee                HAL_ADC_ErrorCallback
 .text.HAL_ADC_IRQHandler
                0x080041f0      0x234 build/stm32l4xx_hal_adc.o
                0x080041f0                HAL_ADC_IRQHandler
 .text.ADC_DMAConvCplt
                0x08004424       0x88 build/stm32l4xx_hal_adc.o
                0x08004424                ADC_DMAConvCplt
 .text.ADC_DMAError
                0x080044ac       0x1a build/stm32l4xx_hal_adc.o
                0x080044ac                ADC_DMAError
 *fill*         0x080044c6        0x2 
 .text.HAL_ADC_ConfigChannel
                0x080044c8      0x440 build/stm32l4xx_hal_adc.o
                0x080044c8                HAL_ADC_ConfigChannel
 .text.ADC_Enable
                0x08004908       0xdc build/stm32l4xx_hal_adc.o
                0x08004908                ADC_Enable
 .text.HAL_ADC_Start_DMA
                0x080049e4       0xc0 build/stm32l4xx_hal_adc.o
                0x080049e4                HAL_ADC_Start_DMA
 .text.HAL_ADCEx_InjectedConvCpltCallback
                0x08004aa4        0x2 build/stm32l4xx_hal_adc_ex.o
                0x08004aa4                HAL_ADCEx_InjectedConvCpltCallback
 .text.HAL_ADCEx_InjectedQueueOverflowCallback
                0x08004aa6        0x2 build/stm32l4xx_hal_adc_ex.o
                0x08004aa6                HAL_ADCEx_InjectedQueueOverflowCallback
 .text.HAL_ADCEx_LevelOutOfWindow2Callback
                0x08004aa8        0x2 build/stm32l4xx_hal_adc_ex.o
                0x08004aa8                HAL_ADCEx_LevelOutOfWindow2Callback
 .text.HAL_ADCEx_LevelOutOfWindow3Callback
                0x08004aaa        0x2 build/stm32l4xx_hal_adc_ex.o
                0x08004aaa                HAL_ADCEx_LevelOutOfWindow3Callback
 .text.HAL_ADCEx_EndOfSamplingCallback
                0x08004aac        0x2 build/stm32l4xx_hal_adc_ex.o
                0x08004aac                HAL_ADCEx_EndOfSamplingCallback
 *fill*         0x08004aae        0x2 
 .text.HAL_Init
                0x08004ab0       0x2c build/stm32l4xx_hal.o
                0x08004ab0                HAL_Init
 .text.HAL_IncTick
                0x08004adc       0x18 build/stm32l4xx_hal.o
                0x08004adc                HAL_IncTick
 .text.HAL_GetTick
                0x08004af4        0xc build/stm32l4xx_hal.o
                0x08004af4                HAL_GetTick
 .text.RCC_SetFlashLatencyFromMSIRange
                0x08004b00       0x90 build/stm32l4xx_hal_rcc.o
 .text.HAL_RCC_MCOConfig
                0x08004b90       0x4c build/stm32l4xx_hal_rcc.o
                0x08004b90                HAL_RCC_MCOConfig
 .text.HAL_RCC_GetSysClockFreq
                0x08004bdc       0xb4 build/stm32l4xx_hal_rcc.o
                0x08004bdc                HAL_RCC_GetSysClockFreq
 .text.HAL_RCC_OscConfig
                0x08004c90      0x66c build/stm32l4xx_hal_rcc.o
                0x08004c90                HAL_RCC_OscConfig
 .text.HAL_RCC_ClockConfig
                0x080052fc      0x188 build/stm32l4xx_hal_rcc.o
                0x080052fc                HAL_RCC_ClockConfig
 .text.HAL_RCC_GetHCLKFreq
                0x08005484        0xc build/stm32l4xx_hal_rcc.o
                0x08005484                HAL_RCC_GetHCLKFreq
 .text.HAL_RCC_GetPCLK1Freq
                0x08005490       0x24 build/stm32l4xx_hal_rcc.o
                0x08005490                HAL_RCC_GetPCLK1Freq
 .text.HAL_RCC_GetPCLK2Freq
                0x080054b4       0x24 build/stm32l4xx_hal_rcc.o
                0x080054b4                HAL_RCC_GetPCLK2Freq
 .text.HAL_RCC_GetClockConfig
                0x080054d8       0x3c build/stm32l4xx_hal_rcc.o
                0x080054d8                HAL_RCC_GetClockConfig
 .text.RCCEx_PLLSAI1_Config
                0x08005514      0x16c build/stm32l4xx_hal_rcc_ex.o
 .text.HAL_RCCEx_PeriphCLKConfig
                0x08005680      0x398 build/stm32l4xx_hal_rcc_ex.o
                0x08005680                HAL_RCCEx_PeriphCLKConfig
 .text.HAL_GPIO_Init
                0x08005a18      0x1c8 build/stm32l4xx_hal_gpio.o
                0x08005a18                HAL_GPIO_Init
 .text.DMA_SetConfig
                0x08005be0       0x32 build/stm32l4xx_hal_dma.o
 *fill*         0x08005c12        0x2 
 .text.HAL_DMA_Init
                0x08005c14      0x108 build/stm32l4xx_hal_dma.o
                0x08005c14                HAL_DMA_Init
 .text.HAL_DMA_Start_IT
                0x08005d1c       0x76 build/stm32l4xx_hal_dma.o
                0x08005d1c                HAL_DMA_Start_IT
 .text.HAL_DMA_Abort
                0x08005d92       0x4a build/stm32l4xx_hal_dma.o
                0x08005d92                HAL_DMA_Abort
 .text.HAL_DMA_Abort_IT
                0x08005ddc       0x50 build/stm32l4xx_hal_dma.o
                0x08005ddc                HAL_DMA_Abort_IT
 .text.HAL_DMA_IRQHandler
                0x08005e2c       0xc4 build/stm32l4xx_hal_dma.o
                0x08005e2c                HAL_DMA_IRQHandler
 .text.HAL_PWREx_GetVoltageRange
                0x08005ef0       0x10 build/stm32l4xx_hal_pwr_ex.o
                0x08005ef0                HAL_PWREx_GetVoltageRange
 .text.HAL_PWREx_ControlVoltageScaling
                0x08005f00       0x90 build/stm32l4xx_hal_pwr_ex.o
                0x08005f00                HAL_PWREx_ControlVoltageScaling
 .text.__NVIC_EnableIRQ
                0x08005f90       0x1c build/stm32l4xx_hal_cortex.o
 .text.__NVIC_SetPriority
                0x08005fac       0x28 build/stm32l4xx_hal_cortex.o
 .text.NVIC_EncodePriority
                0x08005fd4       0x3e build/stm32l4xx_hal_cortex.o
 *fill*         0x08006012        0x2 
 .text.HAL_NVIC_SetPriorityGrouping
                0x08006014       0x24 build/stm32l4xx_hal_cortex.o
                0x08006014                HAL_NVIC_SetPriorityGrouping
 .text.HAL_NVIC_SetPriority
                0x08006038       0x20 build/stm32l4xx_hal_cortex.o
                0x08006038                HAL_NVIC_SetPriority
 .text.HAL_NVIC_EnableIRQ
                0x08006058        0x8 build/stm32l4xx_hal_cortex.o
                0x08006058                HAL_NVIC_EnableIRQ
 .text.SPI_WaitFlagStateUntilTimeout
                0x08006060       0xc8 build/stm32l4xx_hal_spi.o
 .text.SPI_WaitFifoStateUntilTimeout
                0x08006128       0xf0 build/stm32l4xx_hal_spi.o
 .text.SPI_EndRxTxTransaction
                0x08006218       0x62 build/stm32l4xx_hal_spi.o
 .text.SPI_EndRxTransaction
                0x0800627a       0x82 build/stm32l4xx_hal_spi.o
 .text.HAL_SPI_Init
                0x080062fc       0xde build/stm32l4xx_hal_spi.o
                0x080062fc                HAL_SPI_Init
 *fill*         0x080063da        0x2 
 .text.HAL_SPI_TransmitReceive_DMA
                0x080063dc      0x218 build/stm32l4xx_hal_spi.o
                0x080063dc                HAL_SPI_TransmitReceive_DMA
 .text.HAL_SPI_RxCpltCallback
                0x080065f4        0x2 build/stm32l4xx_hal_spi.o
                0x080065f4                HAL_SPI_RxCpltCallback
 .text.HAL_SPI_RxHalfCpltCallback
                0x080065f6        0x2 build/stm32l4xx_hal_spi.o
                0x080065f6                HAL_SPI_RxHalfCpltCallback
 .text.SPI_DMAHalfReceiveCplt
                0x080065f8        0xa build/stm32l4xx_hal_spi.o
 .text.HAL_SPI_TxRxHalfCpltCallback
                0x08006602        0x2 build/stm32l4xx_hal_spi.o
                0x08006602                HAL_SPI_TxRxHalfCpltCallback
 .text.SPI_DMAHalfTransmitReceiveCplt
                0x08006604        0xa build/stm32l4xx_hal_spi.o
 .text.SPI_DMAError
                0x0800660e       0x22 build/stm32l4xx_hal_spi.o
 .text.SPI_DMAReceiveCplt
                0x08006630       0x70 build/stm32l4xx_hal_spi.o
 .text.SPI_DMATransmitReceiveCplt
                0x080066a0       0x5e build/stm32l4xx_hal_spi.o
 *fill*         0x080066fe        0x2 
 .text.HAL_SPI_IRQHandler
                0x08006700      0x118 build/stm32l4xx_hal_spi.o
                0x08006700                HAL_SPI_IRQHandler
 .text.SPI_DMAAbortOnError
                0x08006818       0x12 build/stm32l4xx_hal_spi.o
 .text.UART_EndTxTransfer
                0x0800682a       0x18 build/stm32l4xx_hal_uart.o
 .text.UART_EndRxTransfer
                0x08006842       0x52 build/stm32l4xx_hal_uart.o
 .text.HAL_UART_Transmit_DMA
                0x08006894       0x98 build/stm32l4xx_hal_uart.o
                0x08006894                HAL_UART_Transmit_DMA
 .text.UART_DMATransmitCplt
                0x0800692c       0x48 build/stm32l4xx_hal_uart.o
 .text.UART_EndTransmit_IT
                0x08006974       0x22 build/stm32l4xx_hal_uart.o
 .text.HAL_UART_TxHalfCpltCallback
                0x08006996        0x2 build/stm32l4xx_hal_uart.o
                0x08006996                HAL_UART_TxHalfCpltCallback
 .text.UART_DMATxHalfCplt
                0x08006998        0xa build/stm32l4xx_hal_uart.o
 .text.HAL_UART_ErrorCallback
                0x080069a2        0x2 build/stm32l4xx_hal_uart.o
                0x080069a2                HAL_UART_ErrorCallback
 .text.UART_DMAError
                0x080069a4       0x56 build/stm32l4xx_hal_uart.o
 .text.UART_DMAAbortOnError
                0x080069fa       0x14 build/stm32l4xx_hal_uart.o
 .text.HAL_UARTEx_RxEventCallback
                0x08006a0e        0x2 build/stm32l4xx_hal_uart.o
                0x08006a0e                HAL_UARTEx_RxEventCallback
 .text.HAL_UART_IRQHandler
                0x08006a10      0x308 build/stm32l4xx_hal_uart.o
                0x08006a10                HAL_UART_IRQHandler
 .text.UART_RxISR_8BIT
                0x08006d18       0xdc build/stm32l4xx_hal_uart.o
 .text.UART_RxISR_16BIT
                0x08006df4       0xdc build/stm32l4xx_hal_uart.o
 .text.HAL_UART_GetState
                0x08006ed0        0xa build/stm32l4xx_hal_uart.o
                0x08006ed0                HAL_UART_GetState
 *fill*         0x08006eda        0x2 
 .text.UART_SetConfig
                0x08006edc      0x2e0 build/stm32l4xx_hal_uart.o
                0x08006edc                UART_SetConfig
 .text.UART_AdvFeatureConfig
                0x080071bc       0xca build/stm32l4xx_hal_uart.o
                0x080071bc                UART_AdvFeatureConfig
 .text.UART_WaitOnFlagUntilTimeout
                0x08007286       0x9e build/stm32l4xx_hal_uart.o
                0x08007286                UART_WaitOnFlagUntilTimeout
 .text.UART_CheckIdleState
                0x08007324       0xc6 build/stm32l4xx_hal_uart.o
                0x08007324                UART_CheckIdleState
 .text.HAL_UART_Init
                0x080073ea       0x62 build/stm32l4xx_hal_uart.o
                0x080073ea                HAL_UART_Init
 .text.UART_Start_Receive_IT
                0x0800744c       0xd4 build/stm32l4xx_hal_uart.o
                0x0800744c                UART_Start_Receive_IT
 .text.HAL_UART_Receive_IT
                0x08007520       0x4c build/stm32l4xx_hal_uart.o
                0x08007520                HAL_UART_Receive_IT
 .text.HAL_UARTEx_WakeupCallback
                0x0800756c        0x2 build/stm32l4xx_hal_uart_ex.o
                0x0800756c                HAL_UARTEx_WakeupCallback
 *fill*         0x0800756e        0x2 
 .text.SystemInit
                0x08007570       0x14 build/system_stm32l4xx.o
                0x08007570                SystemInit
 .text.vListInitialise
                0x08007584       0x16 build/list.o
                0x08007584                vListInitialise
 .text.vListInitialiseItem
                0x0800759a        0x6 build/list.o
                0x0800759a                vListInitialiseItem
 .text.vListInsertEnd
                0x080075a0       0x16 build/list.o
                0x080075a0                vListInsertEnd
 .text.vListInsert
                0x080075b6       0x32 build/list.o
                0x080075b6                vListInsert
 .text.uxListRemove
                0x080075e8       0x26 build/list.o
                0x080075e8                uxListRemove
 .text.prvGetDisinheritPriorityAfterTimeout
                0x0800760e       0x10 build/queue.o
 .text.prvIsQueueFull
                0x0800761e       0x1e build/queue.o
 .text.prvIsQueueEmpty
                0x0800763c       0x1a build/queue.o
 .text.prvCopyDataToQueue
                0x08007656       0x76 build/queue.o
 .text.prvCopyDataFromQueue
                0x080076cc       0x24 build/queue.o
 .text.prvUnlockQueue
                0x080076f0       0x6e build/queue.o
 .text.xQueueGenericReset
                0x0800775e       0x84 build/queue.o
                0x0800775e                xQueueGenericReset
 .text.prvInitialiseNewQueue
                0x080077e2       0x22 build/queue.o
 .text.xQueueGenericCreateStatic
                0x08007804       0x94 build/queue.o
                0x08007804                xQueueGenericCreateStatic
 .text.xQueueGenericCreate
                0x08007898       0x48 build/queue.o
                0x08007898                xQueueGenericCreate
 .text.xQueueGenericSend
                0x080078e0      0x188 build/queue.o
                0x080078e0                xQueueGenericSend
 .text.prvInitialiseMutex
                0x08007a68       0x18 build/queue.o
 .text.xQueueCreateMutex
                0x08007a80       0x16 build/queue.o
                0x08007a80                xQueueCreateMutex
 .text.xQueueGenericSendFromISR
                0x08007a96       0xce build/queue.o
                0x08007a96                xQueueGenericSendFromISR
 .text.xQueueGiveFromISR
                0x08007b64       0xb2 build/queue.o
                0x08007b64                xQueueGiveFromISR
 .text.xQueueReceive
                0x08007c16      0x15e build/queue.o
                0x08007c16                xQueueReceive
 .text.xQueueSemaphoreTake
                0x08007d74      0x1a6 build/queue.o
                0x08007d74                xQueueSemaphoreTake
 *fill*         0x08007f1a        0x2 
 .text.vQueueAddToRegistry
                0x08007f1c       0x28 build/queue.o
                0x08007f1c                vQueueAddToRegistry
 .text.vQueueWaitForMessageRestricted
                0x08007f44       0x52 build/queue.o
                0x08007f44                vQueueWaitForMessageRestricted
 .text.prvBytesInBuffer
                0x08007f96       0x12 build/stream_buffer.o
 .text.prvInitialiseNewStreamBuffer
                0x08007fa8       0x40 build/stream_buffer.o
 .text.prvWriteBytesToBuffer
                0x08007fe8       0x8c build/stream_buffer.o
 .text.prvWriteMessageToBuffer
                0x08008074       0x44 build/stream_buffer.o
 .text.prvReadBytesFromBuffer
                0x080080b8       0x82 build/stream_buffer.o
 .text.prvReadMessageFromBuffer
                0x0800813a       0x4c build/stream_buffer.o
 .text.xStreamBufferGenericCreate
                0x08008186       0x74 build/stream_buffer.o
                0x08008186                xStreamBufferGenericCreate
 .text.xStreamBufferSpacesAvailable
                0x080081fa       0x2a build/stream_buffer.o
                0x080081fa                xStreamBufferSpacesAvailable
 .text.xStreamBufferSendFromISR
                0x08008224       0xa4 build/stream_buffer.o
                0x08008224                xStreamBufferSendFromISR
 .text.xStreamBufferReceive
                0x080082c8       0xea build/stream_buffer.o
                0x080082c8                xStreamBufferReceive
 *fill*         0x080083b2        0x2 
 .text.prvResetNextTaskUnblockTime
                0x080083b4       0x2c build/tasks.o
 .text.prvInitialiseNewTask
                0x080083e0       0xa2 build/tasks.o
 *fill*         0x08008482        0x2 
 .text.prvInitialiseTaskLists
                0x08008484       0x68 build/tasks.o
 .text.prvAddNewTaskToReadyList
                0x080084ec       0xac build/tasks.o
 .text.prvDeleteTCB
                0x08008598       0x38 build/tasks.o
 .text.prvCheckTasksWaitingTermination
                0x080085d0       0x4c build/tasks.o
 .text.prvIdleTask
                0x0800861c       0x28 build/tasks.o
 .text.prvAddCurrentTaskToDelayedList
                0x08008644       0x7c build/tasks.o
 .text.xTaskCreateStatic
                0x080086c0       0x76 build/tasks.o
                0x080086c0                xTaskCreateStatic
 .text.xTaskCreate
                0x08008736       0x64 build/tasks.o
                0x08008736                xTaskCreate
 *fill*         0x0800879a        0x2 
 .text.vTaskStartScheduler
                0x0800879c       0x98 build/tasks.o
                0x0800879c                vTaskStartScheduler
 .text.vTaskSuspendAll
                0x08008834       0x10 build/tasks.o
                0x08008834                vTaskSuspendAll
 .text.xTaskGetTickCount
                0x08008844        0xc build/tasks.o
                0x08008844                xTaskGetTickCount
 .text.xTaskIncrementTick
                0x08008850      0x118 build/tasks.o
                0x08008850                xTaskIncrementTick
 .text.xTaskResumeAll
                0x08008968       0xf8 build/tasks.o
                0x08008968                xTaskResumeAll
 .text.vTaskDelay
                0x08008a60       0x4c build/tasks.o
                0x08008a60                vTaskDelay
 .text.vTaskSwitchContext
                0x08008aac       0x98 build/tasks.o
                0x08008aac                vTaskSwitchContext
 .text.vTaskPlaceOnEventList
                0x08008b44       0x30 build/tasks.o
                0x08008b44                vTaskPlaceOnEventList
 .text.vTaskPlaceOnEventListRestricted
                0x08008b74       0x38 build/tasks.o
                0x08008b74                vTaskPlaceOnEventListRestricted
 .text.xTaskRemoveFromEventList
                0x08008bac       0x8c build/tasks.o
                0x08008bac                xTaskRemoveFromEventList
 .text.vTaskInternalSetTimeOutState
                0x08008c38       0x18 build/tasks.o
                0x08008c38                vTaskInternalSetTimeOutState
 .text.xTaskCheckForTimeOut
                0x08008c50       0x84 build/tasks.o
                0x08008c50                xTaskCheckForTimeOut
 .text.vTaskMissedYield
                0x08008cd4        0xc build/tasks.o
                0x08008cd4                vTaskMissedYield
 .text.xTaskGetCurrentTaskHandle
                0x08008ce0        0xc build/tasks.o
                0x08008ce0                xTaskGetCurrentTaskHandle
 .text.xTaskGetSchedulerState
                0x08008cec       0x20 build/tasks.o
                0x08008cec                xTaskGetSchedulerState
 .text.xTaskPriorityInherit
                0x08008d0c       0x98 build/tasks.o
                0x08008d0c                xTaskPriorityInherit
 .text.xTaskPriorityDisinherit
                0x08008da4       0x90 build/tasks.o
                0x08008da4                xTaskPriorityDisinherit
 .text.vTaskPriorityDisinheritAfterTimeout
                0x08008e34       0xa0 build/tasks.o
                0x08008e34                vTaskPriorityDisinheritAfterTimeout
 .text.pvTaskIncrementMutexHeldCount
                0x08008ed4       0x1c build/tasks.o
                0x08008ed4                pvTaskIncrementMutexHeldCount
 .text.xTaskNotifyWait
                0x08008ef0       0x98 build/tasks.o
                0x08008ef0                xTaskNotifyWait
 .text.xTaskGenericNotify
                0x08008f88       0xf8 build/tasks.o
                0x08008f88                xTaskGenericNotify
 .text.xTaskGenericNotifyFromISR
                0x08009080      0x128 build/tasks.o
                0x08009080                xTaskGenericNotifyFromISR
 .text.xTaskNotifyStateClear
                0x080091a8       0x34 build/tasks.o
                0x080091a8                xTaskNotifyStateClear
 .text.prvGetNextExpireTime
                0x080091dc       0x20 build/timers.o
 .text.prvInsertTimerInActiveList
                0x080091fc       0x48 build/timers.o
 .text.prvCheckForValidListAndQueue
                0x08009244       0x70 build/timers.o
 .text.prvInitialiseNewTimer
                0x080092b4       0x4c build/timers.o
 .text.xTimerCreateTimerTask
                0x08009300       0x64 build/timers.o
                0x08009300                xTimerCreateTimerTask
 .text.xTimerCreate
                0x08009364       0x38 build/timers.o
                0x08009364                xTimerCreate
 .text.xTimerGenericCommand
                0x0800939c       0x6c build/timers.o
                0x0800939c                xTimerGenericCommand
 .text.prvSwitchTimerLists
                0x08009408       0x7c build/timers.o
 .text.prvSampleTimeNow
                0x08009484       0x2c build/timers.o
 .text.prvProcessExpiredTimer
                0x080094b0       0x6c build/timers.o
 .text.prvProcessTimerOrBlockTask
                0x0800951c       0x74 build/timers.o
 .text.prvProcessReceivedCommands
                0x08009590      0x10c build/timers.o
 .text.prvTimerTask
                0x0800969c       0x16 build/timers.o
 .text.SysTick_Handler
                0x080096b2       0x18 build/cmsis_os2.o
                0x080096b2                SysTick_Handler
 *fill*         0x080096ca        0x2 
 .text.osKernelInitialize
                0x080096cc       0x24 build/cmsis_os2.o
                0x080096cc                osKernelInitialize
 .text.osKernelStart
                0x080096f0       0x38 build/cmsis_os2.o
                0x080096f0                osKernelStart
 .text.osThreadNew
                0x08009728       0xbc build/cmsis_os2.o
                0x08009728                osThreadNew
 .text.osDelay  0x080097e4       0x1c build/cmsis_os2.o
                0x080097e4                osDelay
 .text.vApplicationGetIdleTaskMemory
                0x08009800       0x18 build/cmsis_os2.o
                0x08009800                vApplicationGetIdleTaskMemory
 .text.vApplicationGetTimerTaskMemory
                0x08009818       0x18 build/cmsis_os2.o
                0x08009818                vApplicationGetTimerTaskMemory
 .text.prvHeapInit
                0x08009830       0x64 build/heap_4.o
 .text.prvInsertBlockIntoFreeList
                0x08009894       0x64 build/heap_4.o
 .text.pvPortMalloc
                0x080098f8      0x104 build/heap_4.o
                0x080098f8                pvPortMalloc
 .text.vPortFree
                0x080099fc       0x7c build/heap_4.o
                0x080099fc                vPortFree
 .text.prvTaskExitError
                0x08009a78       0x40 build/port.o
 .text.prvPortStartFirstTask
                0x08009ab8       0x28 build/port.o
 .text.vPortEnableVFP
                0x08009ae0       0x14 build/port.o
 .text.pxPortInitialiseStack
                0x08009af4       0x2c build/port.o
                0x08009af4                pxPortInitialiseStack
 .text.SVC_Handler
                0x08009b20       0x24 build/port.o
                0x08009b20                SVC_Handler
 .text.vPortEnterCritical
                0x08009b44       0x44 build/port.o
                0x08009b44                vPortEnterCritical
 .text.vPortExitCritical
                0x08009b88       0x2c build/port.o
                0x08009b88                vPortExitCritical
 *fill*         0x08009bb4        0xc 
 .text.PendSV_Handler
                0x08009bc0       0x64 build/port.o
                0x08009bc0                PendSV_Handler
 .text.xPortSysTickHandler
                0x08009c24       0x2c build/port.o
                0x08009c24                xPortSysTickHandler
 .text.vPortSetupTimerInterrupt
                0x08009c50       0x28 build/port.o
                0x08009c50                vPortSetupTimerInterrupt
 .text.xPortStartScheduler
                0x08009c78      0x118 build/port.o
                0x08009c78                xPortStartScheduler
 .text.vPortValidateInterruptPriority
                0x08009d90       0x5c build/port.o
                0x08009d90                vPortValidateInterruptPriority
 .text.memset   0x08009dec       0x14 build/rlib.o
                0x08009dec                memset
 .text.memcpy   0x08009e00       0x18 build/rlib.o
                0x08009e00                memcpy
 .text.strlen   0x08009e18       0x10 build/rlib.o
                0x08009e18                strlen
 .text.rbuffer_init
                0x08009e28        0xe build/rbuffer.o
                0x08009e28                rbuffer_init
 .text.rbuffer_skip
                0x08009e36       0x12 build/rbuffer.o
                0x08009e36                rbuffer_skip
 .text.rbuffer_getAvailSpace
                0x08009e48       0x1a build/rbuffer.o
                0x08009e48                rbuffer_getAvailSpace
 .text.rbuffer_write
                0x08009e62       0x36 build/rbuffer.o
                0x08009e62                rbuffer_write
 .text.rbuffer_isEmpty
                0x08009e98       0x12 build/rbuffer.o
                0x08009e98                rbuffer_isEmpty
 .text.rbuffer_getNextBlock
                0x08009eaa       0x46 build/rbuffer.o
                0x08009eaa                rbuffer_getNextBlock
 .text._out_buffer
                0x08009ef0        0x8 build/printf.o
 .text._out_null
                0x08009ef8        0x2 build/printf.o
 .text._atoi    0x08009efa       0x26 build/printf.o
 .text._out_rev
                0x08009f20       0x7e build/printf.o
 .text._ntoa_format
                0x08009f9e      0x136 build/printf.o
 .text._ntoa_long
                0x0800a0d4       0x94 build/printf.o
 .text._ntoa_long_long
                0x0800a168       0xc2 build/printf.o
 *fill*         0x0800a22a        0x6 
 .text._etoa    0x0800a230      0x3f0 build/printf.o
 .text._ftoa    0x0800a620      0x398 build/printf.o
 .text._vsnprintf
                0x0800a9b8      0x6b8 build/printf.o
 .text.snprintf_
                0x0800b070       0x28 build/printf.o
                0x0800b070                snprintf_
 .text.timerMEMsCallback
                0x0800b098       0x1c build/mems.o
                0x0800b098                timerMEMsCallback
 .text.timerPOLLCallback
                0x0800b0b4       0x1c build/mems.o
                0x0800b0b4                timerPOLLCallback
 .text.imu_correct
                0x0800b0d0      0x168 build/mems.o
                0x0800b0d0                imu_correct
 .text.SPI_DMA_Transfer
                0x0800b238       0x40 build/mems.o
                0x0800b238                SPI_DMA_Transfer
 .text.HAL_SPI_TxRxCpltCallback
                0x0800b278       0x44 build/mems.o
                0x0800b278                HAL_SPI_TxRxCpltCallback
 .text.HAL_SPI_ErrorCallback
                0x0800b2bc       0x44 build/mems.o
                0x0800b2bc                HAL_SPI_ErrorCallback
 .text.LSM9DS1_WriteRegister
                0x0800b300       0x40 build/mems.o
                0x0800b300                LSM9DS1_WriteRegister
 .text.LSM9DS1_ReadRegister
                0x0800b340       0x7c build/mems.o
                0x0800b340                LSM9DS1_ReadRegister
 .text.LSM9DS1_ReadVec
                0x0800b3bc       0xdc build/mems.o
                0x0800b3bc                LSM9DS1_ReadVec
 .text.LSM9DS1_ReadAcc
                0x0800b498        0xc build/mems.o
                0x0800b498                LSM9DS1_ReadAcc
 .text.LSM9DS1_ReadGyr
                0x0800b4a4        0xc build/mems.o
                0x0800b4a4                LSM9DS1_ReadGyr
 .text.LSM9DS1_ReadMag
                0x0800b4b0        0xc build/mems.o
                0x0800b4b0                LSM9DS1_ReadMag
 .text.init_taskMEMs
                0x0800b4bc       0x78 build/mems.o
                0x0800b4bc                init_taskMEMs
 .text.LSM9DS1_init
                0x0800b534       0xf8 build/mems.o
                0x0800b534                LSM9DS1_init
 *fill*         0x0800b62c        0x4 
 .text.taskMEMs
                0x0800b630      0x514 build/mems.o
                0x0800b630                taskMEMs
 .text.svc_internal_UART_EndWriteDMA
                0x0800bb44       0x52 build/service.o
                0x0800bb44                svc_internal_UART_EndWriteDMA
 *fill*         0x0800bb96        0x2 
 .text.svc_internal_UART_Write
                0x0800bb98       0x68 build/service.o
                0x0800bb98                svc_internal_UART_Write
 .text.svc_init_UART
                0x0800bc00       0x54 build/service.o
                0x0800bc00                svc_init_UART
 .text.init_taskService
                0x0800bc54       0x34 build/service.o
                0x0800bc54                init_taskService
 .text.taskService
                0x0800bc88       0x58 build/service.o
                0x0800bc88                taskService
 .text.svc_UART_Write
                0x0800bce0       0x7c build/service.o
                0x0800bce0                svc_UART_Write
 .text.svc_UART_getc
                0x0800bd5c       0x24 build/service.o
                0x0800bd5c                svc_UART_getc
 .text.HAL_UART_TxCpltCallback
                0x0800bd80       0x64 build/service.o
                0x0800bd80                HAL_UART_TxCpltCallback
 .text.HAL_UART_RxCpltCallback
                0x0800bde4       0x64 build/service.o
                0x0800bde4                HAL_UART_RxCpltCallback
 .text.taskBlink
                0x0800be48       0x34 build/apmain.o
                0x0800be48                taskBlink
 .text.apmain   0x0800be7c       0xc4 build/apmain.o
                0x0800be7c                apmain
 .text.init_taskDialogIn
                0x0800bf40       0x3c build/apdialog.o
                0x0800bf40                init_taskDialogIn
 .text.convert_float
                0x0800bf7c       0xd0 build/apdialog.o
                0x0800bf7c                convert_float
 .text.convert_number
                0x0800c04c       0x50 build/apdialog.o
                0x0800c04c                convert_number
 .text.read_token
                0x0800c09c       0x5c build/apdialog.o
                0x0800c09c                read_token
 .text.lookup_token
                0x0800c0f8       0xa0 build/apdialog.o
                0x0800c0f8                lookup_token
 .text.parse_command_line
                0x0800c198      0x534 build/apdialog.o
                0x0800c198                parse_command_line
 .text.taskDialogIn
                0x0800c6cc        0x8 build/apdialog.o
                0x0800c6cc                taskDialogIn
 .text.MOTOR_MSG_letInClutch
                0x0800c6d4       0x1c build/motor.o
                0x0800c6d4                MOTOR_MSG_letInClutch
 .text.MOTOR_MSG_letOutClutch
                0x0800c6f0       0x1c build/motor.o
                0x0800c6f0                MOTOR_MSG_letOutClutch
 .text.MOTOR_MSG_setHelmAngle
                0x0800c70c       0x20 build/motor.o
                0x0800c70c                MOTOR_MSG_setHelmAngle
 .text.MOTOR_MSG_moveTime
                0x0800c72c       0x20 build/motor.o
                0x0800c72c                MOTOR_MSG_moveTime
 .text.MOTOR_MSG_set_cvt_angle_time
                0x0800c74c       0x20 build/motor.o
                0x0800c74c                MOTOR_MSG_set_cvt_angle_time
 .text.Motor_set_cvt_angle_time
                0x0800c76c        0xc build/motor.o
                0x0800c76c                Motor_set_cvt_angle_time
 .text.Motor_newValues
                0x0800c778      0x19c build/motor.o
                0x0800c778                Motor_newValues
 .text.Motor_moveTime
                0x0800c914       0xb0 build/motor.o
                0x0800c914                Motor_moveTime
 *fill*         0x0800c9c4        0x4 
 .text.Motor_setHelmAngle
                0x0800c9c8       0xa4 build/motor.o
                0x0800c9c8                Motor_setHelmAngle
 .text.Motor_engageTiller
                0x0800ca6c       0x20 build/motor.o
                0x0800ca6c                Motor_engageTiller
 .text.Motor_disengageTiller
                0x0800ca8c       0x18 build/motor.o
                0x0800ca8c                Motor_disengageTiller
 .text.init_taskMotor
                0x0800caa4       0x20 build/motor.o
                0x0800caa4                init_taskMotor
 *fill*         0x0800cac4        0x4 
 .text.taskMotor
                0x0800cac8      0x248 build/motor.o
                0x0800cac8                taskMotor
 .text.HAL_ADC_ConvCpltCallback
                0x0800cd10       0x50 build/motor.o
                0x0800cd10                HAL_ADC_ConvCpltCallback
 .text.AP_MSG_MotorStalled
                0x0800cd60       0x34 build/autopilot.o
                0x0800cd60                AP_MSG_MotorStalled
 .text.AP_init  0x0800cd94       0x38 build/autopilot.o
                0x0800cd94                AP_init
 .text.init_taskAutoPilot
                0x0800cdcc       0x2c build/autopilot.o
                0x0800cdcc                init_taskAutoPilot
 .text.AP_set_mode_idle
                0x0800cdf8       0x14 build/autopilot.o
                0x0800cdf8                AP_set_mode_idle
 .text.AP_set_mode_heading
                0x0800ce0c       0x20 build/autopilot.o
                0x0800ce0c                AP_set_mode_heading
 .text.AP_turn  0x0800ce2c       0x38 build/autopilot.o
                0x0800ce2c                AP_turn
 .text.AP_get_engaged
                0x0800ce64        0x4 build/autopilot.o
                0x0800ce64                AP_get_engaged
 .text.AP_get_heading_dir
                0x0800ce68        0x6 build/autopilot.o
                0x0800ce68                AP_get_heading_dir
 *fill*         0x0800ce6e        0x2 
 .text.AP_new_values
                0x0800ce70      0x11c build/autopilot.o
                0x0800ce70                AP_new_values
 *fill*         0x0800cf8c        0x4 
 .text.taskAutoPilot
                0x0800cf90      0x38c build/autopilot.o
                0x0800cf90                taskAutoPilot
 .text.IMU_init_status
                0x0800d31c       0x58 build/imu.o
                0x0800d31c                IMU_init_status
 .text.IMU_get_roll
                0x0800d374        0x6 build/imu.o
                0x0800d374                IMU_get_roll
 .text.IMU_get_pitch
                0x0800d37a        0x6 build/imu.o
                0x0800d37a                IMU_get_pitch
 .text.IMU_get_heading
                0x0800d380        0x6 build/imu.o
                0x0800d380                IMU_get_heading
 .text.IMU_get_yawRate
                0x0800d386        0x6 build/imu.o
                0x0800d386                IMU_get_yawRate
 .text.IMU_getQuaternion
                0x0800d38c       0x22 build/imu.o
                0x0800d38c                IMU_getQuaternion
 .text.IMU_set_mag_vs_gyr_prop
                0x0800d3ae        0x8 build/imu.o
                0x0800d3ae                IMU_set_mag_vs_gyr_prop
 *fill*         0x0800d3b6        0x2 
 .text.IMU_new_values
                0x0800d3b8      0x228 build/imu.o
                0x0800d3b8                IMU_new_values
 .text.vector3f_add
                0x0800d5e0       0x4e build/geom.o
                0x0800d5e0                vector3f_add
 .text.vector3f_getCrossProduct
                0x0800d62e       0x66 build/geom.o
                0x0800d62e                vector3f_getCrossProduct
 .text.vector3f_getScaled
                0x0800d694       0x42 build/geom.o
                0x0800d694                vector3f_getScaled
 .text.vector3f_getNorm
                0x0800d6d6       0x2e build/geom.o
                0x0800d6d6                vector3f_getNorm
 .text.vector3f_getNormalized
                0x0800d704       0x6a build/geom.o
                0x0800d704                vector3f_getNormalized
 *fill*         0x0800d76e        0x2 
 .text.cvt_dir_rad_deg
                0x0800d770       0x68 build/geom.o
                0x0800d770                cvt_dir_rad_deg
 .text.madgwick_get_Euler_angles
                0x0800d7d8       0x20 build/madgwick.o
                0x0800d7d8                madgwick_get_Euler_angles
 .text.madgwick_update
                0x0800d7f8      0x6e4 build/madgwick.o
                0x0800d7f8                madgwick_update
 .text.Reset_Handler
                0x0800dedc       0x50 build/startup_stm32l452xx.o
                0x0800dedc                Reset_Handler
 .text.Default_Handler
                0x0800df2c        0x2 build/startup_stm32l452xx.o
                0x0800df2c                RTC_Alarm_IRQHandler
                0x0800df2c                TIM1_CC_IRQHandler
                0x0800df2c                TSC_IRQHandler
                0x0800df2c                TAMP_STAMP_IRQHandler
                0x0800df2c                EXTI3_IRQHandler
                0x0800df2c                LPTIM2_IRQHandler
                0x0800df2c                DFSDM1_FLT1_IRQHandler
                0x0800df2c                I2C3_ER_IRQHandler
                0x0800df2c                I2C2_EV_IRQHandler
                0x0800df2c                CAN1_RX0_IRQHandler
                0x0800df2c                FPU_IRQHandler
                0x0800df2c                TIM1_UP_TIM16_IRQHandler
                0x0800df2c                SPI1_IRQHandler
                0x0800df2c                TIM6_DAC_IRQHandler
                0x0800df2c                DMA2_Channel2_IRQHandler
                0x0800df2c                USART3_IRQHandler
                0x0800df2c                CAN1_RX1_IRQHandler
                0x0800df2c                DMA2_Channel1_IRQHandler
                0x0800df2c                QUADSPI_IRQHandler
                0x0800df2c                I2C1_EV_IRQHandler
                0x0800df2c                UART4_IRQHandler
                0x0800df2c                DMA2_Channel4_IRQHandler
                0x0800df2c                TIM3_IRQHandler
                0x0800df2c                RCC_IRQHandler
                0x0800df2c                TIM1_TRG_COM_IRQHandler
                0x0800df2c                Default_Handler
                0x0800df2c                EXTI15_10_IRQHandler
                0x0800df2c                SDMMC1_IRQHandler
                0x0800df2c                I2C3_EV_IRQHandler
                0x0800df2c                USB_IRQHandler
                0x0800df2c                EXTI9_5_IRQHandler
                0x0800df2c                RTC_WKUP_IRQHandler
                0x0800df2c                PVD_PVM_IRQHandler
                0x0800df2c                CAN1_TX_IRQHandler
                0x0800df2c                DMA2_Channel5_IRQHandler
                0x0800df2c                CRS_IRQHandler
                0x0800df2c                EXTI4_IRQHandler
                0x0800df2c                RNG_IRQHandler
                0x0800df2c                DMA1_Channel3_IRQHandler
                0x0800df2c                COMP_IRQHandler
                0x0800df2c                WWDG_IRQHandler
                0x0800df2c                I2C4_EV_IRQHandler
                0x0800df2c                LPUART1_IRQHandler
                0x0800df2c                DFSDM1_FLT0_IRQHandler
                0x0800df2c                I2C2_ER_IRQHandler
                0x0800df2c                DMA1_Channel2_IRQHandler
                0x0800df2c                CAN1_SCE_IRQHandler
                0x0800df2c                FLASH_IRQHandler
                0x0800df2c                SPI3_IRQHandler
                0x0800df2c                I2C1_ER_IRQHandler
                0x0800df2c                LPTIM1_IRQHandler
                0x0800df2c                I2C4_ER_IRQHandler
                0x0800df2c                SAI1_IRQHandler
                0x0800df2c                DMA2_Channel3_IRQHandler
                0x0800df2c                TIM1_BRK_TIM15_IRQHandler
 *(.glue_7)
 .glue_7        0x0800df2e        0x0 linker stubs
 *(.glue_7t)
 .glue_7t       0x0800df2e        0x0 linker stubs
 *(.eh_frame)
 *fill*         0x0800df2e        0x2 
 .eh_frame      0x0800df30        0x0 /usr/lib/gcc/arm-none-eabi/12.2.1/thumb/v7e-m+fp/hard/crtbegin.o
 *(.init)
 .init          0x0800df30        0x4 /usr/lib/gcc/arm-none-eabi/12.2.1/thumb/v7e-m+fp/hard/crti.o
                0x0800df30                _init
 .init          0x0800df34        0x8 /usr/lib/gcc/arm-none-eabi/12.2.1/thumb/v7e-m+fp/hard/crtn.o
 *(.fini)
 .fini          0x0800df3c        0x4 /usr/lib/gcc/arm-none-eabi/12.2.1/thumb/v7e-m+fp/hard/crti.o
                0x0800df3c                _fini
 .fini          0x0800df40        0x8 /usr/lib/gcc/arm-none-eabi/12.2.1/thumb/v7e-m+fp/hard/crtn.o
 .fini.__stub   0x0800df48        0x8 linker stubs
                0x0800df50                        . = ALIGN (0x8)
                0x0800df50                        _etext = .

.vfp11_veneer   0x0800df50        0x0
 .vfp11_veneer  0x0800df50        0x0 linker stubs

.v4_bx          0x0800df50        0x0
 .v4_bx         0x0800df50        0x0 linker stubs

.iplt           0x0800df50        0x0
 .iplt          0x0800df50        0x0 /usr/lib/gcc/arm-none-eabi/12.2.1/thumb/v7e-m+fp/hard/crtbegin.o

.rodata         0x0800df50      0xb20
                0x0800df50                        . = ALIGN (0x8)
 *(.rodata)
 .rodata        0x0800df50        0x7 build/mems.o
 *fill*         0x0800df57        0x1 
 .rodata        0x0800df58       0x20 /usr/lib/gcc/arm-none-eabi/12.2.1/../../../arm-none-eabi/lib/thumb/v7e-m+fp/hard/libm.a(lib_a-sf_atan.o)
 .rodata        0x0800df78       0x18 /usr/lib/gcc/arm-none-eabi/12.2.1/../../../arm-none-eabi/lib/thumb/v7e-m+fp/hard/libm.a(lib_a-ef_atan2.o)
 .rodata        0x0800df90        0x8 /usr/lib/gcc/arm-none-eabi/12.2.1/../../../arm-none-eabi/lib/thumb/v7e-m+fp/hard/libm.a(lib_a-ef_fmod.o)
 .rodata        0x0800df98      0x398 /usr/lib/gcc/arm-none-eabi/12.2.1/../../../arm-none-eabi/lib/thumb/v7e-m+fp/hard/libm.a(lib_a-ef_rem_pio2.o)
 .rodata        0x0800e330       0x38 /usr/lib/gcc/arm-none-eabi/12.2.1/../../../arm-none-eabi/lib/thumb/v7e-m+fp/hard/libm.a(lib_a-kf_rem_pio2.o)
 *(.rodata*)
 .rodata.str1.4
                0x0800e368        0xc build/main.o
 .rodata.defaultTask_attributes
                0x0800e374       0x24 build/main.o
                0x0800e374                defaultTask_attributes
 .rodata.MSIRangeTable
                0x0800e398       0x30 build/system_stm32l4xx.o
                0x0800e398                MSIRangeTable
 .rodata.APBPrescTable
                0x0800e3c8        0x8 build/system_stm32l4xx.o
                0x0800e3c8                APBPrescTable
 .rodata.AHBPrescTable
                0x0800e3d0       0x10 build/system_stm32l4xx.o
                0x0800e3d0                AHBPrescTable
 .rodata.vTaskStartScheduler.str1.4
                0x0800e3e0        0x5 build/tasks.o
 *fill*         0x0800e3e5        0x3 
 .rodata.prvCheckForValidListAndQueue.str1.4
                0x0800e3e8        0x5 build/timers.o
 *fill*         0x0800e3ed        0x3 
 .rodata.xTimerCreateTimerTask.str1.4
                0x0800e3f0        0x8 build/timers.o
 .rodata._ftoa.str1.4
                0x0800e3f8       0x15 build/printf.o
 *fill*         0x0800e40d        0x3 
 .rodata.pow10.0
                0x0800e410       0x50 build/printf.o
 .rodata.init_taskMEMs.str1.4
                0x0800e460        0x5 build/mems.o
 *fill*         0x0800e465        0x3 
 .rodata.taskMEMs.str1.4
                0x0800e468       0x47 build/mems.o
 *fill*         0x0800e4af        0x1 
 .rodata.apmain.str1.4
                0x0800e4b0       0x26 build/apmain.o
                                 0x2e (size before relaxing)
 *fill*         0x0800e4d6        0x2 
 .rodata.parse_command_line.str1.4
                0x0800e4d8      0x1e6 build/apdialog.o
 *fill*         0x0800e6be        0x2 
 .rodata.str1.4
                0x0800e6c0       0xd3 build/apdialog.o
 *fill*         0x0800e793        0x1 
 .rodata.tokenTable
                0x0800e794       0xb0 build/apdialog.o
 .rodata.taskMotor.str1.4
                0x0800e844       0xbe build/motor.o
 *fill*         0x0800e902        0x2 
 .rodata.AP_new_values.str1.4
                0x0800e904       0x1b build/autopilot.o
 *fill*         0x0800e91f        0x1 
 .rodata.taskAutoPilot.str1.4
                0x0800e920      0x120 build/autopilot.o
 .rodata.IMU_new_values.str1.4
                0x0800ea40       0x30 build/imu.o
 .rodata.str1.4
                0x0800ea70       0x30 /usr/lib/gcc/arm-none-eabi/12.2.1/../../../arm-none-eabi/lib/thumb/v7e-m+fp/hard/libm.a(lib_a-wf_acos.o)
                                  0x1 (size before relaxing)
 .rodata.str1.4
                0x0800ea70        0x1 /usr/lib/gcc/arm-none-eabi/12.2.1/../../../arm-none-eabi/lib/thumb/v7e-m+fp/hard/libm.a(lib_a-wf_asin.o)
                0x0800eaa0                        . = ALIGN (0x8)

.ARM.extab      0x0800ea70        0x0
                0x0800ea70                        . = ALIGN (0x8)
 *(.ARM.extab* .gnu.linkonce.armextab.*)
                0x0800ea70                        . = ALIGN (0x8)

.ARM            0x0800ea70        0x8
                0x0800ea70                        . = ALIGN (0x8)
                0x0800ea70                        __exidx_start = .
 *(.ARM.exidx*)
 .ARM.exidx     0x0800ea70        0x8 /usr/lib/gcc/arm-none-eabi/12.2.1/thumb/v7e-m+fp/hard/libgcc.a(_udivmoddi4.o)
                0x0800ea78                        __exidx_end = .
                0x0800ea78                        . = ALIGN (0x8)

.preinit_array  0x0800ea78        0x0
                0x0800ea78                        . = ALIGN (0x8)
                0x0800ea78                        PROVIDE (__preinit_array_start = .)
 *(.preinit_array*)
                0x0800ea78                        PROVIDE (__preinit_array_end = .)
                0x0800ea78                        . = ALIGN (0x8)

.init_array     0x0800ea78        0x8
                0x0800ea78                        . = ALIGN (0x8)
                0x0800ea78                        PROVIDE (__init_array_start = .)
 *(SORT_BY_NAME(.init_array.*))
 *(.init_array*)
 .init_array    0x0800ea78        0x4 /usr/lib/gcc/arm-none-eabi/12.2.1/thumb/v7e-m+fp/hard/crtbegin.o
                0x0800ea7c                        PROVIDE (__init_array_end = .)
                0x0800ea80                        . = ALIGN (0x8)
 *fill*         0x0800ea7c        0x4 

.fini_array     0x0800ea80        0x8
                0x0800ea80                        . = ALIGN (0x8)
                0x0800ea80                        PROVIDE (__fini_array_start = .)
 *(SORT_BY_NAME(.fini_array.*))
 *(.fini_array*)
 .fini_array    0x0800ea80        0x4 /usr/lib/gcc/arm-none-eabi/12.2.1/thumb/v7e-m+fp/hard/crtbegin.o
                0x0800ea84                        PROVIDE (__fini_array_end = .)
                0x0800ea88                        . = ALIGN (0x8)
 *fill*         0x0800ea84        0x4 
                0x0800ea88                        _sidata = LOADADDR (.data)

.rel.dyn        0x0800ea88        0x0
 .rel.iplt      0x0800ea88        0x0 /usr/lib/gcc/arm-none-eabi/12.2.1/thumb/v7e-m+fp/hard/crtbegin.o

.data           0x20000000      0x620 load address 0x0800ea88
                0x20000000                        . = ALIGN (0x8)
                0x20000000                        _sdata = .
 *(.data)
 .data          0x20000000        0x1 /usr/lib/gcc/arm-none-eabi/12.2.1/../../../arm-none-eabi/lib/thumb/v7e-m+fp/hard/libm.a(lib_a-s_lib_ver.o)
                0x20000000                __fdlib_version
 *(.data*)
 .data.uwTickFreq
                0x20000001        0x1 build/stm32l4xx_hal.o
                0x20000001                uwTickFreq
 *fill*         0x20000002        0x2 
 .data.uwTickPrio
                0x20000004        0x4 build/stm32l4xx_hal.o
                0x20000004                uwTickPrio
 .data.SystemCoreClock
                0x20000008        0x4 build/system_stm32l4xx.o
                0x20000008                SystemCoreClock
 .data.uxCriticalNesting
                0x2000000c        0x4 build/port.o
 .data._ctypes  0x20000010      0x100 build/rlib.o
                0x20000010                _ctypes
 .data.command.0
                0x20000110        0x8 build/mems.o
 .data.command.1
                0x20000118        0x8 build/mems.o
 .data.request.0
                0x20000120       0x14 build/service.o
 .data.fcts     0x20000134        0x8 build/service.o
                0x20000134                fcts
 .data.svc_uart2
                0x2000013c      0x220 build/service.o
                0x2000013c                svc_uart2
 .data.svc_uart1
                0x2000035c      0x220 build/service.o
                0x2000035c                svc_uart1
 .data.msg.0    0x2000057c        0x8 build/motor.o
 .data.msg.1    0x20000584        0x8 build/motor.o
 .data.msg.2    0x2000058c        0x8 build/motor.o
 .data.msg.3    0x20000594        0x8 build/motor.o
 .data.msg.4    0x2000059c        0x8 build/motor.o
 .data.motorData
                0x200005a4       0x48 build/motor.o
                0x200005a4                motorData
 .data.msgMEMs.1
                0x200005ec        0x8 build/autopilot.o
 .data.unitmzf  0x200005f4        0xc build/geom.o
                0x200005f4                unitmzf
 .data.unitzf   0x20000600        0xc build/geom.o
                0x20000600                unitzf
 .data.b_x      0x2000060c        0x4 build/madgwick.o
                0x2000060c                b_x
 .data.SEq_4    0x20000610        0x4 build/madgwick.o
                0x20000610                SEq_4
 .data.SEq_1    0x20000614        0x4 build/madgwick.o
                0x20000614                SEq_1
 .data.zeta     0x20000618        0x4 build/madgwick.o
 .data.beta     0x2000061c        0x4 build/madgwick.o
 *(.RamFunc)
 *(.RamFunc*)
                0x20000620                        . = ALIGN (0x8)
                0x20000620                        _edata = .

.tm_clone_table
                0x20000620        0x0 load address 0x0800f0a8
 .tm_clone_table
                0x20000620        0x0 /usr/lib/gcc/arm-none-eabi/12.2.1/thumb/v7e-m+fp/hard/crtbegin.o
 .tm_clone_table
                0x20000620        0x0 /usr/lib/gcc/arm-none-eabi/12.2.1/thumb/v7e-m+fp/hard/crtend.o

.igot.plt       0x20000620        0x0 load address 0x0800f0a8
 .igot.plt      0x20000620        0x0 /usr/lib/gcc/arm-none-eabi/12.2.1/thumb/v7e-m+fp/hard/crtbegin.o
                0x20000620                        . = ALIGN (0x4)

.bss            0x20000620    0x125bc load address 0x0800f0a8
                0x20000620                        _sbss = .
                0x20000620                        __bss_start__ = _sbss
 *(.bss)
 .bss           0x20000620       0x1c /usr/lib/gcc/arm-none-eabi/12.2.1/thumb/v7e-m+fp/hard/crtbegin.o
 *(.bss*)
 .bss.defaultTaskHandle
                0x2000063c        0x4 build/main.o
                0x2000063c                defaultTaskHandle
 .bss.hdma_usart2_tx
                0x20000640       0x48 build/main.o
                0x20000640                hdma_usart2_tx
 .bss.hdma_usart2_rx
                0x20000688       0x48 build/main.o
                0x20000688                hdma_usart2_rx
 .bss.hdma_usart1_tx
                0x200006d0       0x48 build/main.o
                0x200006d0                hdma_usart1_tx
 .bss.hdma_usart1_rx
                0x20000718       0x48 build/main.o
                0x20000718                hdma_usart1_rx
 .bss.huart3    0x20000760       0x88 build/main.o
                0x20000760                huart3
 .bss.huart2    0x200007e8       0x88 build/main.o
                0x200007e8                huart2
 .bss.huart1    0x20000870       0x88 build/main.o
                0x20000870                huart1
 .bss.huart4    0x200008f8       0x88 build/main.o
                0x200008f8                huart4
 .bss.htim3     0x20000980       0x4c build/main.o
                0x20000980                htim3
 .bss.hdma_spi2_tx
                0x200009cc       0x48 build/main.o
                0x200009cc                hdma_spi2_tx
 .bss.hdma_spi2_rx
                0x20000a14       0x48 build/main.o
                0x20000a14                hdma_spi2_rx
 .bss.hspi2     0x20000a5c       0x64 build/main.o
                0x20000a5c                hspi2
 .bss.hdma_adc1
                0x20000ac0       0x48 build/main.o
                0x20000ac0                hdma_adc1
 .bss.hadc1     0x20000b08       0x68 build/main.o
                0x20000b08                hadc1
 .bss.htim2     0x20000b70       0x4c build/stm32l4xx_hal_timebase_tim.o
                0x20000b70                htim2
 .bss.uwTick    0x20000bbc        0x4 build/stm32l4xx_hal.o
                0x20000bbc                uwTick
 .bss.xQueueRegistry
                0x20000bc0       0x40 build/queue.o
                0x20000bc0                xQueueRegistry
 .bss.uxSchedulerSuspended
                0x20000c00        0x4 build/tasks.o
 .bss.xIdleTaskHandle
                0x20000c04        0x4 build/tasks.o
 .bss.xNextTaskUnblockTime
                0x20000c08        0x4 build/tasks.o
 .bss.uxTaskNumber
                0x20000c0c        0x4 build/tasks.o
 .bss.xNumOfOverflows
                0x20000c10        0x4 build/tasks.o
 .bss.xYieldPending
                0x20000c14        0x4 build/tasks.o
 .bss.xPendedTicks
                0x20000c18        0x4 build/tasks.o
 .bss.xSchedulerRunning
                0x20000c1c        0x4 build/tasks.o
 .bss.uxTopReadyPriority
                0x20000c20        0x4 build/tasks.o
 .bss.xTickCount
                0x20000c24        0x4 build/tasks.o
 .bss.uxCurrentNumberOfTasks
                0x20000c28        0x4 build/tasks.o
 .bss.xSuspendedTaskList
                0x20000c2c       0x14 build/tasks.o
 .bss.uxDeletedTasksWaitingCleanUp
                0x20000c40        0x4 build/tasks.o
 .bss.xTasksWaitingTermination
                0x20000c44       0x14 build/tasks.o
 .bss.xPendingReadyList
                0x20000c58       0x14 build/tasks.o
 .bss.pxOverflowDelayedTaskList
                0x20000c6c        0x4 build/tasks.o
 .bss.pxDelayedTaskList
                0x20000c70        0x4 build/tasks.o
 .bss.xDelayedTaskList2
                0x20000c74       0x14 build/tasks.o
 .bss.xDelayedTaskList1
                0x20000c88       0x14 build/tasks.o
 .bss.pxReadyTasksLists
                0x20000c9c      0x460 build/tasks.o
 .bss.pxCurrentTCB
                0x200010fc        0x4 build/tasks.o
                0x200010fc                pxCurrentTCB
 .bss.xStaticTimerQueue.0
                0x20001100       0x50 build/timers.o
 .bss.ucStaticTimerQueueStorage.1
                0x20001150       0xa0 build/timers.o
 .bss.xLastTime.2
                0x200011f0        0x4 build/timers.o
 .bss.xTimerTaskHandle
                0x200011f4        0x4 build/timers.o
 .bss.xTimerQueue
                0x200011f8        0x4 build/timers.o
 .bss.pxOverflowTimerList
                0x200011fc        0x4 build/timers.o
 .bss.pxCurrentTimerList
                0x20001200        0x4 build/timers.o
 .bss.xActiveTimerList2
                0x20001204       0x14 build/timers.o
 .bss.xActiveTimerList1
                0x20001218       0x14 build/timers.o
 .bss.Timer_Stack.0
                0x2000122c      0x400 build/cmsis_os2.o
 .bss.Timer_TCB.1
                0x2000162c       0x5c build/cmsis_os2.o
 .bss.Idle_Stack.2
                0x20001688      0x200 build/cmsis_os2.o
 .bss.Idle_TCB.3
                0x20001888       0x5c build/cmsis_os2.o
 .bss.KernelState
                0x200018e4        0x4 build/cmsis_os2.o
 .bss.xBlockAllocatedBit
                0x200018e8        0x4 build/heap_4.o
 .bss.xNumberOfSuccessfulFrees
                0x200018ec        0x4 build/heap_4.o
 .bss.xNumberOfSuccessfulAllocations
                0x200018f0        0x4 build/heap_4.o
 .bss.xMinimumEverFreeBytesRemaining
                0x200018f4        0x4 build/heap_4.o
 .bss.xFreeBytesRemaining
                0x200018f8        0x4 build/heap_4.o
 .bss.pxEnd     0x200018fc        0x4 build/heap_4.o
 .bss.xStart    0x20001900        0x8 build/heap_4.o
 .bss.ucHeap    0x20001908    0x10000 build/heap_4.o
 .bss.ulMaxPRIGROUPValue
                0x20011908        0x4 build/port.o
 .bss.ucMaxSysCallPriority
                0x2001190c        0x1 build/port.o
 *fill*         0x2001190d        0x3 
 .bss.semspi2   0x20011910        0x4 build/mems.o
                0x20011910                semspi2
 .bss.timerPoll
                0x20011914        0x4 build/mems.o
 .bss.timerMEMs
                0x20011918        0x4 build/mems.o
 .bss.msgQueueMEMs
                0x2001191c        0x4 build/mems.o
                0x2001191c                msgQueueMEMs
 .bss.trop.1    0x20011920        0x4 build/service.o
 .bss.dejaoccupe.2
                0x20011924        0x4 build/service.o
 .bss.relance.3
                0x20011928        0x4 build/service.o
 .bss.svcQueueRequests
                0x2001192c        0x4 build/service.o
                0x2001192c                svcQueueRequests
 .bss.message.0
                0x20011930       0x64 build/apdialog.o
 .bss.msgQueueDialogOut
                0x20011994        0x4 build/apdialog.o
                0x20011994                msgQueueDialogOut
 .bss.msgQueueDialogIn
                0x20011998        0x4 build/apdialog.o
                0x20011998                msgQueueDialogIn
 .bss.adc_values
                0x2001199c        0x4 build/motor.o
 .bss.msgQueueMotor
                0x200119a0        0x4 build/motor.o
                0x200119a0                msgQueueMotor
 .bss.message.0
                0x200119a4       0x78 build/autopilot.o
 .bss.message.2
                0x20011a1c       0xc8 build/autopilot.o
 .bss.msgQueueAutoPilot
                0x20011ae4        0x4 build/autopilot.o
                0x20011ae4                msgQueueAutoPilot
 .bss.APStatus  0x20011ae8     0x105c build/autopilot.o
                0x20011ae8                APStatus
 .bss.message.0
                0x20012b44       0x64 build/imu.o
 .bss.Vector3f_null
                0x20012ba8        0xc build/geom.o
                0x20012ba8                Vector3f_null
 .bss.__errno   0x20012bb4        0x4 build/geom.o
                0x20012bb4                __errno
 .bss.yaw       0x20012bb8        0x4 build/madgwick.o
 .bss.pitch     0x20012bbc        0x4 build/madgwick.o
 .bss.roll      0x20012bc0        0x4 build/madgwick.o
 .bss.w_bz      0x20012bc4        0x4 build/madgwick.o
                0x20012bc4                w_bz
 .bss.w_by      0x20012bc8        0x4 build/madgwick.o
                0x20012bc8                w_by
 .bss.w_bx      0x20012bcc        0x4 build/madgwick.o
                0x20012bcc                w_bx
 .bss.b_z       0x20012bd0        0x4 build/madgwick.o
                0x20012bd0                b_z
 .bss.SEq_3     0x20012bd4        0x4 build/madgwick.o
                0x20012bd4                SEq_3
 .bss.SEq_2     0x20012bd8        0x4 build/madgwick.o
                0x20012bd8                SEq_2
 *(COMMON)
                0x20012bdc                        . = ALIGN (0x4)
                0x20012bdc                        _ebss = .
                0x20012bdc                        __bss_end__ = _ebss

._user_heap_stack
                0x20012bdc      0x604 load address 0x0800f0a8
                0x20012be0                        . = ALIGN (0x8)
 *fill*         0x20012bdc        0x4 
                [!provide]                        PROVIDE (end = .)
                0x20012be0                        PROVIDE (_end = .)
                0x20012de0                        . = (. + _Min_Heap_Size)
 *fill*         0x20012be0      0x200 
                0x200131e0                        . = (. + _Min_Stack_Size)
 *fill*         0x20012de0      0x400 
                0x200131e0                        . = ALIGN (0x8)

/DISCARD/
 libc.a(*)
 libm.a(*)
 libgcc.a(*)
OUTPUT(build/NauteffAutoPilot.elf elf32-littlearm)
LOAD linker stubs
LOAD /usr/lib/gcc/arm-none-eabi/12.2.1/../../../arm-none-eabi/lib/thumb/v7e-m+fp/hard/libc.a
LOAD /usr/lib/gcc/arm-none-eabi/12.2.1/../../../arm-none-eabi/lib/thumb/v7e-m+fp/hard/libm.a
LOAD /usr/lib/gcc/arm-none-eabi/12.2.1/thumb/v7e-m+fp/hard/libgcc.a

.ARM.attributes
                0x00000000       0x30
 .ARM.attributes
                0x00000000       0x22 /usr/lib/gcc/arm-none-eabi/12.2.1/thumb/v7e-m+fp/hard/crti.o
 .ARM.attributes
                0x00000022       0x34 /usr/lib/gcc/arm-none-eabi/12.2.1/thumb/v7e-m+fp/hard/crtbegin.o
 .ARM.attributes
                0x00000056       0x34 build/main.o
 .ARM.attributes
                0x0000008a       0x34 build/stm32l4xx_it.o
 .ARM.attributes
                0x000000be       0x34 build/stm32l4xx_hal_msp.o
 .ARM.attributes
                0x000000f2       0x34 build/stm32l4xx_hal_timebase_tim.o
 .ARM.attributes
                0x00000126       0x34 build/stm32l4xx_ll_exti.o
 .ARM.attributes
                0x0000015a       0x34 build/stm32l4xx_hal_tim.o
 .ARM.attributes
                0x0000018e       0x34 build/stm32l4xx_hal_tim_ex.o
 .ARM.attributes
                0x000001c2       0x34 build/stm32l4xx_ll_gpio.o
 .ARM.attributes
                0x000001f6       0x34 build/stm32l4xx_hal_adc.o
 .ARM.attributes
                0x0000022a       0x34 build/stm32l4xx_hal_adc_ex.o
 .ARM.attributes
                0x0000025e       0x34 build/stm32l4xx_hal.o
 .ARM.attributes
                0x00000292       0x34 build/stm32l4xx_hal_rcc.o
 .ARM.attributes
                0x000002c6       0x34 build/stm32l4xx_hal_rcc_ex.o
 .ARM.attributes
                0x000002fa       0x34 build/stm32l4xx_hal_gpio.o
 .ARM.attributes
                0x0000032e       0x34 build/stm32l4xx_hal_dma.o
 .ARM.attributes
                0x00000362       0x34 build/stm32l4xx_hal_pwr_ex.o
 .ARM.attributes
                0x00000396       0x34 build/stm32l4xx_hal_cortex.o
 .ARM.attributes
                0x000003ca       0x34 build/stm32l4xx_hal_spi.o
 .ARM.attributes
                0x000003fe       0x34 build/stm32l4xx_hal_uart.o
 .ARM.attributes
                0x00000432       0x34 build/stm32l4xx_hal_uart_ex.o
 .ARM.attributes
                0x00000466       0x34 build/system_stm32l4xx.o
 .ARM.attributes
                0x0000049a       0x34 build/list.o
 .ARM.attributes
                0x000004ce       0x34 build/queue.o
 .ARM.attributes
                0x00000502       0x34 build/stream_buffer.o
 .ARM.attributes
                0x00000536       0x34 build/tasks.o
 .ARM.attributes
                0x0000056a       0x34 build/timers.o
 .ARM.attributes
                0x0000059e       0x34 build/cmsis_os2.o
 .ARM.attributes
                0x000005d2       0x34 build/heap_4.o
 .ARM.attributes
                0x00000606       0x34 build/port.o
 .ARM.attributes
                0x0000063a       0x34 build/rlib.o
 .ARM.attributes
                0x0000066e       0x34 build/rbuffer.o
 .ARM.attributes
                0x000006a2       0x34 build/printf.o
 .ARM.attributes
                0x000006d6       0x34 build/mems.o
 .ARM.attributes
                0x0000070a       0x34 build/service.o
 .ARM.attributes
                0x0000073e       0x34 build/apmain.o
 .ARM.attributes
                0x00000772       0x34 build/apdialog.o
 .ARM.attributes
                0x000007a6       0x34 build/motor.o
 .ARM.attributes
                0x000007da       0x34 build/autopilot.o
 .ARM.attributes
                0x0000080e       0x34 build/imu.o
 .ARM.attributes
                0x00000842       0x34 build/geom.o
 .ARM.attributes
                0x00000876       0x34 build/madgwick.o
 .ARM.attributes
                0x000008aa       0x21 build/startup_stm32l452xx.o
 .ARM.attributes
                0x000008cb       0x34 /usr/lib/gcc/arm-none-eabi/12.2.1/../../../arm-none-eabi/lib/thumb/v7e-m+fp/hard/libc_nano.a(lib_a-init.o)
 .ARM.attributes
                0x000008ff       0x34 /usr/lib/gcc/arm-none-eabi/12.2.1/../../../arm-none-eabi/lib/thumb/v7e-m+fp/hard/libm.a(lib_a-sf_atan.o)
 .ARM.attributes
                0x00000933       0x34 /usr/lib/gcc/arm-none-eabi/12.2.1/../../../arm-none-eabi/lib/thumb/v7e-m+fp/hard/libm.a(lib_a-sf_cos.o)
 .ARM.attributes
                0x00000967       0x34 /usr/lib/gcc/arm-none-eabi/12.2.1/../../../arm-none-eabi/lib/thumb/v7e-m+fp/hard/libm.a(lib_a-sf_fabs.o)
 .ARM.attributes
                0x0000099b       0x34 /usr/lib/gcc/arm-none-eabi/12.2.1/../../../arm-none-eabi/lib/thumb/v7e-m+fp/hard/libm.a(lib_a-sf_sin.o)
 .ARM.attributes
                0x000009cf       0x34 /usr/lib/gcc/arm-none-eabi/12.2.1/../../../arm-none-eabi/lib/thumb/v7e-m+fp/hard/libm.a(lib_a-w_sqrt.o)
 .ARM.attributes
                0x00000a03       0x34 /usr/lib/gcc/arm-none-eabi/12.2.1/../../../arm-none-eabi/lib/thumb/v7e-m+fp/hard/libm.a(lib_a-wf_acos.o)
 .ARM.attributes
                0x00000a37       0x34 /usr/lib/gcc/arm-none-eabi/12.2.1/../../../arm-none-eabi/lib/thumb/v7e-m+fp/hard/libm.a(lib_a-wf_asin.o)
 .ARM.attributes
                0x00000a6b       0x34 /usr/lib/gcc/arm-none-eabi/12.2.1/../../../arm-none-eabi/lib/thumb/v7e-m+fp/hard/libm.a(lib_a-wf_atan2.o)
 .ARM.attributes
                0x00000a9f       0x34 /usr/lib/gcc/arm-none-eabi/12.2.1/../../../arm-none-eabi/lib/thumb/v7e-m+fp/hard/libm.a(lib_a-wf_fmod.o)
 .ARM.attributes
                0x00000ad3       0x34 /usr/lib/gcc/arm-none-eabi/12.2.1/../../../arm-none-eabi/lib/thumb/v7e-m+fp/hard/libm.a(lib_a-wf_sqrt.o)
 .ARM.attributes
                0x00000b07       0x34 /usr/lib/gcc/arm-none-eabi/12.2.1/../../../arm-none-eabi/lib/thumb/v7e-m+fp/hard/libm.a(lib_a-e_sqrt.o)
 .ARM.attributes
                0x00000b3b       0x34 /usr/lib/gcc/arm-none-eabi/12.2.1/../../../arm-none-eabi/lib/thumb/v7e-m+fp/hard/libm.a(lib_a-ef_acos.o)
 .ARM.attributes
                0x00000b6f       0x34 /usr/lib/gcc/arm-none-eabi/12.2.1/../../../arm-none-eabi/lib/thumb/v7e-m+fp/hard/libm.a(lib_a-ef_asin.o)
 .ARM.attributes
                0x00000ba3       0x34 /usr/lib/gcc/arm-none-eabi/12.2.1/../../../arm-none-eabi/lib/thumb/v7e-m+fp/hard/libm.a(lib_a-ef_atan2.o)
 .ARM.attributes
                0x00000bd7       0x34 /usr/lib/gcc/arm-none-eabi/12.2.1/../../../arm-none-eabi/lib/thumb/v7e-m+fp/hard/libm.a(lib_a-ef_fmod.o)
 .ARM.attributes
                0x00000c0b       0x34 /usr/lib/gcc/arm-none-eabi/12.2.1/../../../arm-none-eabi/lib/thumb/v7e-m+fp/hard/libm.a(lib_a-ef_rem_pio2.o)
 .ARM.attributes
                0x00000c3f       0x34 /usr/lib/gcc/arm-none-eabi/12.2.1/../../../arm-none-eabi/lib/thumb/v7e-m+fp/hard/libm.a(lib_a-ef_sqrt.o)
 .ARM.attributes
                0x00000c73       0x34 /usr/lib/gcc/arm-none-eabi/12.2.1/../../../arm-none-eabi/lib/thumb/v7e-m+fp/hard/libm.a(lib_a-kf_cos.o)
 .ARM.attributes
                0x00000ca7       0x34 /usr/lib/gcc/arm-none-eabi/12.2.1/../../../arm-none-eabi/lib/thumb/v7e-m+fp/hard/libm.a(lib_a-kf_rem_pio2.o)
 .ARM.attributes
                0x00000cdb       0x34 /usr/lib/gcc/arm-none-eabi/12.2.1/../../../arm-none-eabi/lib/thumb/v7e-m+fp/hard/libm.a(lib_a-kf_sin.o)
 .ARM.attributes
                0x00000d0f       0x34 /usr/lib/gcc/arm-none-eabi/12.2.1/../../../arm-none-eabi/lib/thumb/v7e-m+fp/hard/libm.a(lib_a-s_lib_ver.o)
 .ARM.attributes
                0x00000d43       0x34 /usr/lib/gcc/arm-none-eabi/12.2.1/../../../arm-none-eabi/lib/thumb/v7e-m+fp/hard/libm.a(lib_a-sf_floor.o)
 .ARM.attributes
                0x00000d77       0x34 /usr/lib/gcc/arm-none-eabi/12.2.1/../../../arm-none-eabi/lib/thumb/v7e-m+fp/hard/libm.a(lib_a-sf_nan.o)
 .ARM.attributes
                0x00000dab       0x34 /usr/lib/gcc/arm-none-eabi/12.2.1/../../../arm-none-eabi/lib/thumb/v7e-m+fp/hard/libm.a(lib_a-sf_scalbn.o)
 .ARM.attributes
                0x00000ddf       0x22 /usr/lib/gcc/arm-none-eabi/12.2.1/thumb/v7e-m+fp/hard/libgcc.a(_arm_addsubdf3.o)
 .ARM.attributes
                0x00000e01       0x22 /usr/lib/gcc/arm-none-eabi/12.2.1/thumb/v7e-m+fp/hard/libgcc.a(_arm_muldivdf3.o)
 .ARM.attributes
                0x00000e23       0x22 /usr/lib/gcc/arm-none-eabi/12.2.1/thumb/v7e-m+fp/hard/libgcc.a(_arm_cmpdf2.o)
 .ARM.attributes
                0x00000e45       0x22 /usr/lib/gcc/arm-none-eabi/12.2.1/thumb/v7e-m+fp/hard/libgcc.a(_arm_unorddf2.o)
 .ARM.attributes
                0x00000e67       0x22 /usr/lib/gcc/arm-none-eabi/12.2.1/thumb/v7e-m+fp/hard/libgcc.a(_arm_fixdfsi.o)
 .ARM.attributes
                0x00000e89       0x22 /usr/lib/gcc/arm-none-eabi/12.2.1/thumb/v7e-m+fp/hard/libgcc.a(_arm_fixunsdfsi.o)
 .ARM.attributes
                0x00000eab       0x22 /usr/lib/gcc/arm-none-eabi/12.2.1/thumb/v7e-m+fp/hard/libgcc.a(_arm_truncdfsf2.o)
 .ARM.attributes
                0x00000ecd       0x22 /usr/lib/gcc/arm-none-eabi/12.2.1/thumb/v7e-m+fp/hard/libgcc.a(_aeabi_uldivmod.o)
 .ARM.attributes
                0x00000eef       0x34 /usr/lib/gcc/arm-none-eabi/12.2.1/thumb/v7e-m+fp/hard/libgcc.a(_udivmoddi4.o)
 .ARM.attributes
                0x00000f23       0x22 /usr/lib/gcc/arm-none-eabi/12.2.1/thumb/v7e-m+fp/hard/libgcc.a(_dvmd_tls.o)
 .ARM.attributes
                0x00000f45       0x34 /usr/lib/gcc/arm-none-eabi/12.2.1/thumb/v7e-m+fp/hard/crtend.o
 .ARM.attributes
                0x00000f79       0x22 /usr/lib/gcc/arm-none-eabi/12.2.1/thumb/v7e-m+fp/hard/crtn.o

.comment        0x00000000       0x26
 .comment       0x00000000       0x26 /usr/lib/gcc/arm-none-eabi/12.2.1/thumb/v7e-m+fp/hard/crtbegin.o
                                 0x27 (size before relaxing)
 .comment       0x00000026       0x27 build/main.o
 .comment       0x00000026       0x27 build/stm32l4xx_it.o
 .comment       0x00000026       0x27 build/stm32l4xx_hal_msp.o
 .comment       0x00000026       0x27 build/stm32l4xx_hal_timebase_tim.o
 .comment       0x00000026       0x27 build/stm32l4xx_ll_exti.o
 .comment       0x00000026       0x27 build/stm32l4xx_hal_tim.o
 .comment       0x00000026       0x27 build/stm32l4xx_hal_tim_ex.o
 .comment       0x00000026       0x27 build/stm32l4xx_ll_gpio.o
 .comment       0x00000026       0x27 build/stm32l4xx_hal_adc.o
 .comment       0x00000026       0x27 build/stm32l4xx_hal_adc_ex.o
 .comment       0x00000026       0x27 build/stm32l4xx_hal.o
 .comment       0x00000026       0x27 build/stm32l4xx_hal_rcc.o
 .comment       0x00000026       0x27 build/stm32l4xx_hal_rcc_ex.o
 .comment       0x00000026       0x27 build/stm32l4xx_hal_gpio.o
 .comment       0x00000026       0x27 build/stm32l4xx_hal_dma.o
 .comment       0x00000026       0x27 build/stm32l4xx_hal_pwr_ex.o
 .comment       0x00000026       0x27 build/stm32l4xx_hal_cortex.o
 .comment       0x00000026       0x27 build/stm32l4xx_hal_spi.o
 .comment       0x00000026       0x27 build/stm32l4xx_hal_uart.o
 .comment       0x00000026       0x27 build/stm32l4xx_hal_uart_ex.o
 .comment       0x00000026       0x27 build/system_stm32l4xx.o
 .comment       0x00000026       0x27 build/list.o
 .comment       0x00000026       0x27 build/queue.o
 .comment       0x00000026       0x27 build/stream_buffer.o
 .comment       0x00000026       0x27 build/tasks.o
 .comment       0x00000026       0x27 build/timers.o
 .comment       0x00000026       0x27 build/cmsis_os2.o
 .comment       0x00000026       0x27 build/heap_4.o
 .comment       0x00000026       0x27 build/port.o
 .comment       0x00000026       0x27 build/rlib.o
 .comment       0x00000026       0x27 build/rbuffer.o
 .comment       0x00000026       0x27 build/printf.o
 .comment       0x00000026       0x27 build/mems.o
 .comment       0x00000026       0x27 build/service.o
 .comment       0x00000026       0x27 build/apmain.o
 .comment       0x00000026       0x27 build/apdialog.o
 .comment       0x00000026       0x27 build/motor.o
 .comment       0x00000026       0x27 build/autopilot.o
 .comment       0x00000026       0x27 build/imu.o
 .comment       0x00000026       0x27 build/geom.o
 .comment       0x00000026       0x27 build/madgwick.o
 .comment       0x00000026       0x27 /usr/lib/gcc/arm-none-eabi/12.2.1/../../../arm-none-eabi/lib/thumb/v7e-m+fp/hard/libc_nano.a(lib_a-init.o)
 .comment       0x00000026       0x27 /usr/lib/gcc/arm-none-eabi/12.2.1/../../../arm-none-eabi/lib/thumb/v7e-m+fp/hard/libm.a(lib_a-sf_atan.o)
 .comment       0x00000026       0x27 /usr/lib/gcc/arm-none-eabi/12.2.1/../../../arm-none-eabi/lib/thumb/v7e-m+fp/hard/libm.a(lib_a-sf_cos.o)
 .comment       0x00000026       0x27 /usr/lib/gcc/arm-none-eabi/12.2.1/../../../arm-none-eabi/lib/thumb/v7e-m+fp/hard/libm.a(lib_a-sf_fabs.o)
 .comment       0x00000026       0x27 /usr/lib/gcc/arm-none-eabi/12.2.1/../../../arm-none-eabi/lib/thumb/v7e-m+fp/hard/libm.a(lib_a-sf_sin.o)
 .comment       0x00000026       0x27 /usr/lib/gcc/arm-none-eabi/12.2.1/../../../arm-none-eabi/lib/thumb/v7e-m+fp/hard/libm.a(lib_a-w_sqrt.o)